Archive member included because of file (symbol)

c:/program files (x86)/gnu tools arm embedded/4.9 2015q3/bin/../lib/gcc/arm-none-eabi/4.9.3/../../../../arm-none-eabi/lib/armv7e-m/fpu\libc_nano.a(lib_a-exit.o)
                              c:/program files (x86)/gnu tools arm embedded/4.9 2015q3/bin/../lib/gcc/arm-none-eabi/4.9.3/../../../../arm-none-eabi/lib/armv7e-m/fpu/crt0.o (exit)
c:/program files (x86)/gnu tools arm embedded/4.9 2015q3/bin/../lib/gcc/arm-none-eabi/4.9.3/../../../../arm-none-eabi/lib/armv7e-m/fpu\libc_nano.a(lib_a-impure.o)
                              c:/program files (x86)/gnu tools arm embedded/4.9 2015q3/bin/../lib/gcc/arm-none-eabi/4.9.3/../../../../arm-none-eabi/lib/armv7e-m/fpu\libc_nano.a(lib_a-exit.o) (_global_impure_ptr)
c:/program files (x86)/gnu tools arm embedded/4.9 2015q3/bin/../lib/gcc/arm-none-eabi/4.9.3/../../../../arm-none-eabi/lib/armv7e-m/fpu\libc_nano.a(lib_a-init.o)
                              c:/program files (x86)/gnu tools arm embedded/4.9 2015q3/bin/../lib/gcc/arm-none-eabi/4.9.3/../../../../arm-none-eabi/lib/armv7e-m/fpu/crt0.o (__libc_init_array)
c:/program files (x86)/gnu tools arm embedded/4.9 2015q3/bin/../lib/gcc/arm-none-eabi/4.9.3/../../../../arm-none-eabi/lib/armv7e-m/fpu\libc_nano.a(lib_a-memset.o)
                              c:/program files (x86)/gnu tools arm embedded/4.9 2015q3/bin/../lib/gcc/arm-none-eabi/4.9.3/../../../../arm-none-eabi/lib/armv7e-m/fpu/crt0.o (memset)
c:/program files (x86)/gnu tools arm embedded/4.9 2015q3/bin/../lib/gcc/arm-none-eabi/4.9.3/../../../../arm-none-eabi/lib/armv7e-m/fpu\libnosys.a(_exit.o)
                              c:/program files (x86)/gnu tools arm embedded/4.9 2015q3/bin/../lib/gcc/arm-none-eabi/4.9.3/../../../../arm-none-eabi/lib/armv7e-m/fpu\libc_nano.a(lib_a-exit.o) (_exit)
c:/program files (x86)/gnu tools arm embedded/4.9 2015q3/bin/../lib/gcc/arm-none-eabi/4.9.3/../../../../arm-none-eabi/lib/armv7e-m/fpu\libc_nano.a(lib_a-ctype_.o)
                              _build/GRIDEYE_SENSING_nrf_log_backend_serial.c.o (__ctype_ptr__)
c:/program files (x86)/gnu tools arm embedded/4.9 2015q3/bin/../lib/gcc/arm-none-eabi/4.9.3/../../../../arm-none-eabi/lib/armv7e-m/fpu\libc_nano.a(lib_a-memcmp.o)
                              _build/GRIDEYE_SENSING_aka_service.c.o (memcmp)
c:/program files (x86)/gnu tools arm embedded/4.9 2015q3/bin/../lib/gcc/arm-none-eabi/4.9.3/../../../../arm-none-eabi/lib/armv7e-m/fpu\libc_nano.a(lib_a-memcpy.o)
                              _build/GRIDEYE_SENSING_main.c.o (memcpy)
c:/program files (x86)/gnu tools arm embedded/4.9 2015q3/bin/../lib/gcc/arm-none-eabi/4.9.3/../../../../arm-none-eabi/lib/armv7e-m/fpu\libc_nano.a(lib_a-snprintf.o)
                              _build/GRIDEYE_SENSING_nrf_log_backend_serial.c.o (snprintf)
c:/program files (x86)/gnu tools arm embedded/4.9 2015q3/bin/../lib/gcc/arm-none-eabi/4.9.3/../../../../arm-none-eabi/lib/armv7e-m/fpu\libc_nano.a(lib_a-strcpy.o)
                              _build/GRIDEYE_SENSING_aka_service.c.o (strcpy)
c:/program files (x86)/gnu tools arm embedded/4.9 2015q3/bin/../lib/gcc/arm-none-eabi/4.9.3/../../../../arm-none-eabi/lib/armv7e-m/fpu\libc_nano.a(lib_a-strlen.o)
                              _build/GRIDEYE_SENSING_gaputil.c.o (strlen)
c:/program files (x86)/gnu tools arm embedded/4.9 2015q3/bin/../lib/gcc/arm-none-eabi/4.9.3/../../../../arm-none-eabi/lib/armv7e-m/fpu\libc_nano.a(lib_a-nano-svfprintf.o)
                              c:/program files (x86)/gnu tools arm embedded/4.9 2015q3/bin/../lib/gcc/arm-none-eabi/4.9.3/../../../../arm-none-eabi/lib/armv7e-m/fpu\libc_nano.a(lib_a-snprintf.o) (_svfprintf_r)
c:/program files (x86)/gnu tools arm embedded/4.9 2015q3/bin/../lib/gcc/arm-none-eabi/4.9.3/../../../../arm-none-eabi/lib/armv7e-m/fpu\libc_nano.a(lib_a-nano-vfprintf_i.o)
                              c:/program files (x86)/gnu tools arm embedded/4.9 2015q3/bin/../lib/gcc/arm-none-eabi/4.9.3/../../../../arm-none-eabi/lib/armv7e-m/fpu\libc_nano.a(lib_a-nano-svfprintf.o) (_printf_i)
c:/program files (x86)/gnu tools arm embedded/4.9 2015q3/bin/../lib/gcc/arm-none-eabi/4.9.3/../../../../arm-none-eabi/lib/armv7e-m/fpu\libc_nano.a(lib_a-memchr.o)
                              c:/program files (x86)/gnu tools arm embedded/4.9 2015q3/bin/../lib/gcc/arm-none-eabi/4.9.3/../../../../arm-none-eabi/lib/armv7e-m/fpu\libc_nano.a(lib_a-nano-svfprintf.o) (memchr)
c:/program files (x86)/gnu tools arm embedded/4.9 2015q3/bin/../lib/gcc/arm-none-eabi/4.9.3/../../../../arm-none-eabi/lib/armv7e-m/fpu\libc_nano.a(lib_a-memmove.o)
                              c:/program files (x86)/gnu tools arm embedded/4.9 2015q3/bin/../lib/gcc/arm-none-eabi/4.9.3/../../../../arm-none-eabi/lib/armv7e-m/fpu\libc_nano.a(lib_a-nano-svfprintf.o) (memmove)
c:/program files (x86)/gnu tools arm embedded/4.9 2015q3/bin/../lib/gcc/arm-none-eabi/4.9.3/../../../../arm-none-eabi/lib/armv7e-m/fpu\libc_nano.a(lib_a-nano-freer.o)
[...]
Memory Configuration

Name             Origin             Length             Attributes
FLASH            0x0001f000         0x00061000         xr
RAM              0x20002128         0x0000ded8         xrw
*default*        0x00000000         0xffffffff

Linker script and memory map


.text           0x0001f000     0xe6b4
 *(.isr_vector)
 .isr_vector    0x0001f000      0x400 _build/GRIDEYE_SENSING_gcc_startup_nrf52.S.o
                0x0001f000                __isr_vector
 *(.text*)
 .text          0x0001f400       0x5c c:/program files (x86)/gnu tools arm embedded/4.9 2015q3/bin/../lib/gcc/arm-none-eabi/4.9.3/armv7e-m/fpu/crtbegin.o
 .text          0x0001f45c       0x74 c:/program files (x86)/gnu tools arm embedded/4.9 2015q3/bin/../lib/gcc/arm-none-eabi/4.9.3/../../../../arm-none-eabi/lib/armv7e-m/fpu/crt0.o
                0x0001f45c                _start
                0x0001f45c                _mainCRTStartup
 .text.exit     0x0001f4d0       0x28 c:/program files (x86)/gnu tools arm embedded/4.9 2015q3/bin/../lib/gcc/arm-none-eabi/4.9.3/../../../../arm-none-eabi/lib/armv7e-m/fpu\libc_nano.a(lib_a-exit.o)
                0x0001f4d0                exit
 .text.__libc_init_array
                0x0001f4f8       0x4c c:/program files (x86)/gnu tools arm embedded/4.9 2015q3/bin/../lib/gcc/arm-none-eabi/4.9.3/../../../../arm-none-eabi/lib/armv7e-m/fpu\libc_nano.a(lib_a-init.o)
                0x0001f4f8                __libc_init_array
 .text.memset   0x0001f544       0x10 c:/program files (x86)/gnu tools arm embedded/4.9 2015q3/bin/../lib/gcc/arm-none-eabi/4.9.3/../../../../arm-none-eabi/lib/armv7e-m/fpu\libc_nano.a(lib_a-memset.o)
                0x0001f544                memset
 .text._exit    0x0001f554        0x4 c:/program files (x86)/gnu tools arm embedded/4.9 2015q3/bin/../lib/gcc/arm-none-eabi/4.9.3/../../../../arm-none-eabi/lib/armv7e-m/fpu\libnosys.a(_exit.o)
                0x0001f554                _exit
 .text          0x0001f558       0x3c _build/GRIDEYE_SENSING_gcc_startup_nrf52.S.o
                0x0001f558                Reset_Handler
                0x0001f580                NMI_Handler
                0x0001f582                HardFault_Handler
                0x0001f584                MemoryManagement_Handler
                0x0001f586                BusFault_Handler
                0x0001f588                UsageFault_Handler
                0x0001f58a                SVC_Handler
                0x0001f58c                DebugMon_Handler
                0x0001f58e                PendSV_Handler
                0x0001f590                SysTick_Handler
                0x0001f592                TEMP_IRQHandler
                0x0001f592                QDEC_IRQHandler
                0x0001f592                TIMER3_IRQHandler
                0x0001f592                FPU_IRQHandler
                0x0001f592                PDM_IRQHandler
                0x0001f592                TIMER4_IRQHandler
                0x0001f592                I2S_IRQHandler
                0x0001f592                SWI4_EGU4_IRQHandler
                0x0001f592                TIMER0_IRQHandler
                0x0001f592                RADIO_IRQHandler
                0x0001f592                TIMER1_IRQHandler
                0x0001f592                RTC0_IRQHandler
                0x0001f592                ECB_IRQHandler
                0x0001f592                SPIM1_SPIS1_TWIM1_TWIS1_SPI1_TWI1_IRQHandler
                0x0001f592                Default_Handler
                0x0001f592                SAADC_IRQHandler
                0x0001f592                CCM_AAR_IRQHandler
                0x0001f592                WDT_IRQHandler
                0x0001f592                PWM1_IRQHandler
                0x0001f592                SWI5_EGU5_IRQHandler
                0x0001f592                RNG_IRQHandler
                0x0001f592                RTC2_IRQHandler
                0x0001f592                PWM0_IRQHandler
                0x0001f592                SWI3_EGU3_IRQHandler
                0x0001f592                SWI1_EGU1_IRQHandler
                0x0001f592                SPIM2_SPIS2_SPI2_IRQHandler
                0x0001f592                NFCT_IRQHandler
                0x0001f592                PWM2_IRQHandler
                0x0001f592                MWU_IRQHandler
                0x0001f592                TIMER2_IRQHandler
                0x0001f592                COMP_LPCOMP_IRQHandler
 .text.SystemInit
                0x0001f594      0x264 _build/GRIDEYE_SENSING_system_nrf52.c.o
                0x0001f594                SystemInit
 .text.sd_power_dcdc_mode_set
                0x0001f7f8        0x4 _build/GRIDEYE_SENSING_main.c.o
 .text.sd_ble_gap_tx_power_set
                0x0001f7fc        0x4 _build/GRIDEYE_SENSING_main.c.o
 .text.twi_handler
                0x0001f800       0x10 _build/GRIDEYE_SENSING_main.c.o
                0x0001f800                twi_handler
 .text.timeout_handler
                0x0001f810      0x284 _build/GRIDEYE_SENSING_main.c.o
 .text.button_event_handler
                0x0001fa94       0xa4 _build/GRIDEYE_SENSING_main.c.o
 .text.on_ble_evt
                0x0001fb38       0xec _build/GRIDEYE_SENSING_main.c.o
 .text.app_error_fault_handler
                0x0001fc24       0xb8 _build/GRIDEYE_SENSING_main.c.o
                0x0001fc24                app_error_fault_handler
 .text.twi_init
                0x0001fcdc       0x40 _build/GRIDEYE_SENSING_main.c.o
                0x0001fcdc                twi_init
 .text.startup.main
                0x0001fd1c      0x6d0 _build/GRIDEYE_SENSING_main.c.o
                0x0001fd1c                main
 .text.sd_ble_gatts_service_add
                0x000203ec        0x4 _build/GRIDEYE_SENSING_aka_service.c.o
 .text.sd_ble_gatts_characteristic_add
                0x000203f0        0x4 _build/GRIDEYE_SENSING_aka_service.c.o
 .text.sd_ble_gatts_value_set
                0x000203f4        0x4 _build/GRIDEYE_SENSING_aka_service.c.o
 .text.sd_ble_gatts_rw_authorize_reply
                0x000203f8        0x4 _build/GRIDEYE_SENSING_aka_service.c.o
 .text.sd_ble_uuid_vs_add
                0x000203fc        0x4 _build/GRIDEYE_SENSING_aka_service.c.o
 .text.on_write_command
                0x00020400       0xc4 _build/GRIDEYE_SENSING_aka_service.c.o
 .text.set_gatts_data
                0x000204c4       0x48 _build/GRIDEYE_SENSING_aka_service.c.o
 .text.akadata_init
                0x0002050c       0x80 _build/GRIDEYE_SENSING_aka_service.c.o
                0x0002050c                akadata_init
 .text.aka_service_init
                0x0002058c      0x1c0 _build/GRIDEYE_SENSING_aka_service.c.o
                0x0002058c                aka_service_init
 .text.aka_service_ble_evt
                0x0002074c      0x5d8 _build/GRIDEYE_SENSING_aka_service.c.o
                0x0002074c                aka_service_ble_evt
 .text.sd_ble_gap_adv_start
                0x00020d24        0x4 _build/GRIDEYE_SENSING_advertising.c.o
 .text.sd_ble_gap_adv_stop
                0x00020d28        0x4 _build/GRIDEYE_SENSING_advertising.c.o
 .text.advertising_init
                0x00020d2c       0x3c _build/GRIDEYE_SENSING_advertising.c.o
                0x00020d2c                advertising_init
 .text.advertising_start
                0x00020d68       0x48 _build/GRIDEYE_SENSING_advertising.c.o
                0x00020d68                advertising_start
 .text.advertising_stop
                0x00020db0       0x24 _build/GRIDEYE_SENSING_advertising.c.o
                0x00020db0                advertising_stop
 .text.advertising_ble_evt
                0x00020dd4       0x14 _build/GRIDEYE_SENSING_advertising.c.o
                0x00020dd4                advertising_ble_evt
 .text.sd_ble_gap_adv_start
                0x00020de8        0x4 _build/GRIDEYE_SENSING_beacon.c.o
 .text.sd_ble_gap_adv_stop
                0x00020dec        0x4 _build/GRIDEYE_SENSING_beacon.c.o
 .text.beacon_init
                0x00020df0       0xbc _build/GRIDEYE_SENSING_beacon.c.o
                0x00020df0                beacon_init
 .text.beacon_start
                0x00020eac       0x28 _build/GRIDEYE_SENSING_beacon.c.o
                0x00020eac                beacon_start
 .text.beacon_stop
                0x00020ed4       0x20 _build/GRIDEYE_SENSING_beacon.c.o
                0x00020ed4                beacon_stop
 .text.sd_ble_gap_disconnect
                0x00020ef4        0x4 _build/GRIDEYE_SENSING_blestack.c.o
 .text.sd_ble_gatts_rw_authorize_reply
                0x00020ef8        0x4 _build/GRIDEYE_SENSING_blestack.c.o
 .text.sd_ble_gatts_exchange_mtu_reply
                0x00020efc        0x4 _build/GRIDEYE_SENSING_blestack.c.o
 .text.sd_ble_user_mem_reply
                0x00020f00        0x4 _build/GRIDEYE_SENSING_blestack.c.o
 .text.sys_evt_dispatch
                0x00020f04        0x4 _build/GRIDEYE_SENSING_blestack.c.o
 .text.ble_evt_dispatch
                0x00020f08       0xdc _build/GRIDEYE_SENSING_blestack.c.o
 .text.ble_stack_init
                0x00020fe4       0x7c _build/GRIDEYE_SENSING_blestack.c.o
                0x00020fe4                ble_stack_init
 .text.sd_ble_gap_ppcp_set
                0x00021060        0x4 _build/GRIDEYE_SENSING_gaputil.c.o
 .text.sd_ble_gap_device_name_set
                0x00021064        0x4 _build/GRIDEYE_SENSING_gaputil.c.o
 .text.gap_name_set
                0x00021068       0x34 _build/GRIDEYE_SENSING_gaputil.c.o
                0x00021068                gap_name_set
 .text.gap_params_init
                0x0002109c       0x3c _build/GRIDEYE_SENSING_gaputil.c.o
                0x0002109c                gap_params_init
 .text.pm_evt_handler
                0x000210d8       0x90 _build/GRIDEYE_SENSING_peer.c.o
 .text.peer_manager_init
                0x00021168       0x90 _build/GRIDEYE_SENSING_peer.c.o
                0x00021168                peer_manager_init
 .text.fs_evt_handler
                0x000211f8        0x4 _build/GRIDEYE_SENSING_storage.c.o
 .text.storage_init
                0x000211fc       0x14 _build/GRIDEYE_SENSING_storage.c.o
                0x000211fc                storage_init
 .text.storage_clear
                0x00021210       0x20 _build/GRIDEYE_SENSING_storage.c.o
                0x00021210                storage_clear
 .text.storage_save
                0x00021230       0x48 _build/GRIDEYE_SENSING_storage.c.o
                0x00021230                storage_save
 .text.storage_load
                0x00021278       0x10 _build/GRIDEYE_SENSING_storage.c.o
                0x00021278                storage_load
 .text.app_error_handler_bare
                0x00021288       0x20 _build/GRIDEYE_SENSING_app_error.c.o
                0x00021288                app_error_handler_bare
 .text.SEGGER_RTT_WriteNoLock
                0x000212a8      0x190 _build/GRIDEYE_SENSING_SEGGER_RTT.c.o
                0x000212a8                SEGGER_RTT_WriteNoLock
 .text.SEGGER_RTT_Init
                0x00021438       0x68 _build/GRIDEYE_SENSING_SEGGER_RTT.c.o
                0x00021438                SEGGER_RTT_Init
 .text.uart_event_handler
                0x000214a0       0x10 _build/GRIDEYE_SENSING_nrf_log_backend_serial.c.o
 .text.nrf_log_backend_serial_std_handler
                0x000214b0      0x19c _build/GRIDEYE_SENSING_nrf_log_backend_serial.c.o
 .text.nrf_log_backend_serial_hexdump_handler
                0x0002164c      0x288 _build/GRIDEYE_SENSING_nrf_log_backend_serial.c.o
 .text.nrf_log_backend_init
                0x000218d4       0x84 _build/GRIDEYE_SENSING_nrf_log_backend_serial.c.o
                0x000218d4                nrf_log_backend_init
 .text.nrf_log_backend_std_handler_get
                0x00021958        0x8 _build/GRIDEYE_SENSING_nrf_log_backend_serial.c.o
                0x00021958                nrf_log_backend_std_handler_get
 .text.nrf_log_backend_hexdump_handler_get
                0x00021960        0x8 _build/GRIDEYE_SENSING_nrf_log_backend_serial.c.o
                0x00021960                nrf_log_backend_hexdump_handler_get
 .text.nrf_log_init
                0x00021968       0x30 _build/GRIDEYE_SENSING_nrf_log_frontend.c.o
                0x00021968                nrf_log_init
 .text.nrf_log_blocking_backend_set
                0x00021998        0x8 _build/GRIDEYE_SENSING_nrf_log_frontend.c.o
                0x00021998                nrf_log_blocking_backend_set
 .text.nrf_log_push
                0x000219a0       0xdc _build/GRIDEYE_SENSING_nrf_log_frontend.c.o
                0x000219a0                nrf_log_push
 .text.nrf_log_frontend_std_0
                0x00021a7c       0xb0 _build/GRIDEYE_SENSING_nrf_log_frontend.c.o
                0x00021a7c                nrf_log_frontend_std_0
 .text.nrf_log_frontend_std_1
                0x00021b2c       0xcc _build/GRIDEYE_SENSING_nrf_log_frontend.c.o
                0x00021b2c                nrf_log_frontend_std_1
 .text.nrf_log_frontend_dequeue
                0x00021bf8      0x13c _build/GRIDEYE_SENSING_nrf_log_frontend.c.o
                0x00021bf8                nrf_log_frontend_dequeue
 .text.app_util_critical_region_enter
                0x00021d34       0x50 _build/GRIDEYE_SENSING_app_util_platform.c.o
                0x00021d34                app_util_critical_region_enter
 .text.app_util_critical_region_exit
                0x00021d84       0x30 _build/GRIDEYE_SENSING_app_util_platform.c.o
                0x00021d84                app_util_critical_region_exit
 .text.nrf_drv_common_irq_enable
                0x00021db4       0x50 _build/GRIDEYE_SENSING_nrf_drv_common.c.o
                0x00021db4                nrf_drv_common_irq_enable
 .text.RTC1_IRQHandler
                0x00021e04       0xc4 _build/GRIDEYE_SENSING_app_timer.c.o
                0x00021e04                RTC1_IRQHandler
 .text.SWI0_EGU0_IRQHandler
                0x00021ec8      0x5c4 _build/GRIDEYE_SENSING_app_timer.c.o
                0x00021ec8                SWI0_EGU0_IRQHandler
 .text.app_timer_init
                0x0002248c      0x1c8 _build/GRIDEYE_SENSING_app_timer.c.o
                0x0002248c                app_timer_init
 .text.app_timer_create
                0x00022654       0x24 _build/GRIDEYE_SENSING_app_timer.c.o
                0x00022654                app_timer_create
 .text.app_timer_start
                0x00022678       0xb0 _build/GRIDEYE_SENSING_app_timer.c.o
                0x00022678                app_timer_start
 .text.app_timer_stop
                0x00022728       0x7c _build/GRIDEYE_SENSING_app_timer.c.o
                0x00022728                app_timer_stop
 .text.sd_evt_get
                0x000227a4        0x4 _build/GRIDEYE_SENSING_softdevice_handler.c.o
 .text.sd_softdevice_enable
                0x000227a8        0x4 _build/GRIDEYE_SENSING_softdevice_handler.c.o
 .text.sd_ble_enable
                0x000227ac        0x4 _build/GRIDEYE_SENSING_softdevice_handler.c.o
 .text.sd_ble_evt_get
                0x000227b0        0x4 _build/GRIDEYE_SENSING_softdevice_handler.c.o
 .text.softdevice_fault_handler
                0x000227b4        0x4 _build/GRIDEYE_SENSING_softdevice_handler.c.o
                0x000227b4                softdevice_fault_handler
 .text.intern_softdevice_events_execute.part.2
                0x000227b8       0xb8 _build/GRIDEYE_SENSING_softdevice_handler.c.o
 .text.softdevice_handler_is_enabled
                0x00022870        0xc _build/GRIDEYE_SENSING_softdevice_handler.c.o
                0x00022870                softdevice_handler_is_enabled
 .text.softdevice_handler_init
                0x0002287c       0x98 _build/GRIDEYE_SENSING_softdevice_handler.c.o
                0x0002287c                softdevice_handler_init
 .text.softdevice_ble_evt_handler_set
                0x00022914       0x14 _build/GRIDEYE_SENSING_softdevice_handler.c.o
                0x00022914                softdevice_ble_evt_handler_set
 .text.softdevice_sys_evt_handler_set
                0x00022928       0x14 _build/GRIDEYE_SENSING_softdevice_handler.c.o
                0x00022928                softdevice_sys_evt_handler_set
 .text.SWI2_EGU2_IRQHandler
                0x0002293c       0x30 _build/GRIDEYE_SENSING_softdevice_handler.c.o
                0x0002293c                SWI2_EGU2_IRQHandler
 .text.softdevice_enable_get_default_config
                0x0002296c       0x30 _build/GRIDEYE_SENSING_softdevice_handler.c.o
                0x0002296c                softdevice_enable_get_default_config
 .text.softdevice_enable
                0x0002299c       0x70 _build/GRIDEYE_SENSING_softdevice_handler.c.o
                0x0002299c                softdevice_enable
 .text.POWER_CLOCK_IRQHandler
                0x00022a0c       0x84 _build/GRIDEYE_SENSING_nrf_drv_clock.c.o
                0x00022a0c                POWER_CLOCK_IRQHandler
 .text.nrf_drv_clock_on_soc_event
                0x00022a90       0x24 _build/GRIDEYE_SENSING_nrf_drv_clock.c.o
                0x00022a90                nrf_drv_clock_on_soc_event
 .text.nrf_drv_clock_on_sd_enable
                0x00022ab4       0x64 _build/GRIDEYE_SENSING_nrf_drv_clock.c.o
                0x00022ab4                nrf_drv_clock_on_sd_enable
 .text.detection_delay_timeout_handler
                0x00022b18       0xa4 _build/GRIDEYE_SENSING_app_button.c.o
 .text.gpiote_event_handler
                0x00022bbc       0x5c _build/GRIDEYE_SENSING_app_button.c.o
 .text.app_button_init
                0x00022c18       0xb0 _build/GRIDEYE_SENSING_app_button.c.o
                0x00022c18                app_button_init
 .text.app_button_enable
                0x00022cc8       0x2c _build/GRIDEYE_SENSING_app_button.c.o
                0x00022cc8                app_button_enable
 .text.app_button_is_pushed
                0x00022cf4       0x2c _build/GRIDEYE_SENSING_app_button.c.o
                0x00022cf4                app_button_is_pushed
 .text.nrf_drv_gpiote_init
                0x00022d20       0x84 _build/GRIDEYE_SENSING_nrf_drv_gpiote.c.o
                0x00022d20                nrf_drv_gpiote_init
 .text.nrf_drv_gpiote_is_init
                0x00022da4       0x14 _build/GRIDEYE_SENSING_nrf_drv_gpiote.c.o
                0x00022da4                nrf_drv_gpiote_is_init
 .text.nrf_drv_gpiote_in_init
                0x00022db8      0x194 _build/GRIDEYE_SENSING_nrf_drv_gpiote.c.o
                0x00022db8                nrf_drv_gpiote_in_init
 .text.nrf_drv_gpiote_in_event_enable
                0x00022f4c       0xc4 _build/GRIDEYE_SENSING_nrf_drv_gpiote.c.o
                0x00022f4c                nrf_drv_gpiote_in_event_enable
 .text.nrf_drv_gpiote_in_is_set
                0x00023010       0x14 _build/GRIDEYE_SENSING_nrf_drv_gpiote.c.o
                0x00023010                nrf_drv_gpiote_in_is_set
 .text.GPIOTE_IRQHandler
                0x00023024      0x2c8 _build/GRIDEYE_SENSING_nrf_drv_gpiote.c.o
                0x00023024                GPIOTE_IRQHandler
 .text.ble_srv_is_notification_enabled
                0x000232ec        0x8 _build/GRIDEYE_SENSING_ble_srv_common.c.o
                0x000232ec                ble_srv_is_notification_enabled
 .text.ble_srv_ascii_to_utf8
                0x000232f4       0x14 _build/GRIDEYE_SENSING_ble_srv_common.c.o
                0x000232f4                ble_srv_ascii_to_utf8
 .text.ble_conn_state_on_ble_evt
                0x00023308      0x10c _build/GRIDEYE_SENSING_ble_conn_state.c.o
                0x00023308                ble_conn_state_on_ble_evt
 .text.ble_conn_state_role
                0x00023414       0x2c _build/GRIDEYE_SENSING_ble_conn_state.c.o
                0x00023414                ble_conn_state_role
 .text.ble_conn_state_encrypted
                0x00023440       0x10 _build/GRIDEYE_SENSING_ble_conn_state.c.o
                0x00023440                ble_conn_state_encrypted
 .text.ble_conn_state_mitm_protected
                0x00023450       0x10 _build/GRIDEYE_SENSING_ble_conn_state.c.o
                0x00023450                ble_conn_state_mitm_protected
 .text.ble_conn_state_conn_handles
                0x00023460       0x18 _build/GRIDEYE_SENSING_ble_conn_state.c.o
                0x00023460                ble_conn_state_conn_handles
 .text.ble_conn_state_user_flag_acquire
                0x00023478       0x30 _build/GRIDEYE_SENSING_ble_conn_state.c.o
                0x00023478                ble_conn_state_user_flag_acquire
 .text.ble_conn_state_user_flag_get
                0x000234a8       0x28 _build/GRIDEYE_SENSING_ble_conn_state.c.o
                0x000234a8                ble_conn_state_user_flag_get
 .text.ble_conn_state_user_flag_set
                0x000234d0       0x28 _build/GRIDEYE_SENSING_ble_conn_state.c.o
                0x000234d0                ble_conn_state_user_flag_set
 .text.ble_conn_state_user_flag_collection
                0x000234f8       0x18 _build/GRIDEYE_SENSING_ble_conn_state.c.o
                0x000234f8                ble_conn_state_user_flag_collection
 .text.sdk_mapped_flags_first_key_index_get
                0x00023510       0x48 _build/GRIDEYE_SENSING_sdk_mapped_flags.c.o
                0x00023510                sdk_mapped_flags_first_key_index_get
 .text.sdk_mapped_flags_update_by_key
                0x00023558       0x90 _build/GRIDEYE_SENSING_sdk_mapped_flags.c.o
                0x00023558                sdk_mapped_flags_update_by_key
 .text.sdk_mapped_flags_bulk_update_by_key
                0x000235e8      0x210 _build/GRIDEYE_SENSING_sdk_mapped_flags.c.o
                0x000235e8                sdk_mapped_flags_bulk_update_by_key
 .text.sdk_mapped_flags_get_by_key
                0x000237f8       0x5c _build/GRIDEYE_SENSING_sdk_mapped_flags.c.o
                0x000237f8                sdk_mapped_flags_get_by_key
 .text.sdk_mapped_flags_key_list_get
                0x00023854       0x80 _build/GRIDEYE_SENSING_sdk_mapped_flags.c.o
                0x00023854                sdk_mapped_flags_key_list_get
 .text.conn_params_negotiation
                0x000238d4       0x94 _build/GRIDEYE_SENSING_ble_conn_params.c.o
 .text.ble_conn_params_on_ble_evt
                0x00023968       0xb8 _build/GRIDEYE_SENSING_ble_conn_params.c.o
                0x00023968                ble_conn_params_on_ble_evt
 .text.sd_flash_write
                0x00023a20        0x4 _build/GRIDEYE_SENSING_fstorage.c.o
 .text.sd_flash_page_erase
                0x00023a24        0x4 _build/GRIDEYE_SENSING_fstorage.c.o
 .text.unlikely.queue_get_next_free
                0x00023a28       0x38 _build/GRIDEYE_SENSING_fstorage.c.o
 .text.unlikely.queue_start
                0x00023a60       0xdc _build/GRIDEYE_SENSING_fstorage.c.o
 .text.fs_init  0x00023b3c       0xb8 _build/GRIDEYE_SENSING_fstorage.c.o
                0x00023b3c                fs_init
 .text.fs_store
                0x00023bf4       0x94 _build/GRIDEYE_SENSING_fstorage.c.o
                0x00023bf4                fs_store
 .text.fs_erase
                0x00023c88       0x90 _build/GRIDEYE_SENSING_fstorage.c.o
                0x00023c88                fs_erase
 .text.fs_sys_event_handler
                0x00023d18      0x2c0 _build/GRIDEYE_SENSING_fstorage.c.o
                0x00023d18                fs_sys_event_handler
 .text.sd_ble_gap_addr_get
                0x00023fd8        0x4 _build/GRIDEYE_SENSING_ble_advdata.c.o
 .text.sd_ble_gap_adv_data_set
                0x00023fdc        0x4 _build/GRIDEYE_SENSING_ble_advdata.c.o
 .text.sd_ble_gap_appearance_get
                0x00023fe0        0x4 _build/GRIDEYE_SENSING_ble_advdata.c.o
 .text.sd_ble_gap_device_name_get
                0x00023fe4        0x4 _build/GRIDEYE_SENSING_ble_advdata.c.o
 .text.sd_ble_uuid_encode
                0x00023fe8        0x4 _build/GRIDEYE_SENSING_ble_advdata.c.o
 .text.name_encode
                0x00023fec       0x90 _build/GRIDEYE_SENSING_ble_advdata.c.o
 .text.uuid_list_sized_encode
                0x0002407c       0xc0 _build/GRIDEYE_SENSING_ble_advdata.c.o
 .text.adv_data_encode
                0x0002413c      0x37c _build/GRIDEYE_SENSING_ble_advdata.c.o
                0x0002413c                adv_data_encode
 .text.ble_advdata_set
                0x000244b8      0x460 _build/GRIDEYE_SENSING_ble_advdata.c.o
                0x000244b8                ble_advdata_set
 .text.alert_timer_handler
                0x00024918        0x8 _build/GRIDEYE_SENSING_bsp.c.o
 .text.bsp_button_event_handler
                0x00024920       0x8c _build/GRIDEYE_SENSING_bsp.c.o
 .text.leds_timer_handler
                0x000249ac      0x21c _build/GRIDEYE_SENSING_bsp.c.o
 .text.button_timer_handler
                0x00024bc8       0x28 _build/GRIDEYE_SENSING_bsp.c.o
 .text.bsp_indication_set
                0x00024bf0      0x278 _build/GRIDEYE_SENSING_bsp.c.o
                0x00024bf0                bsp_indication_set
 .text.bsp_init
                0x00024e68       0xa4 _build/GRIDEYE_SENSING_bsp.c.o
                0x00024e68                bsp_init
 .text.bsp_board_led_state_get
                0x00024f0c       0x10 _build/GRIDEYE_SENSING_boards.c.o
                0x00024f0c                bsp_board_led_state_get
 .text.bsp_board_led_on
                0x00024f1c       0x10 _build/GRIDEYE_SENSING_boards.c.o
                0x00024f1c                bsp_board_led_on
 .text.bsp_board_led_off
                0x00024f2c       0x10 _build/GRIDEYE_SENSING_boards.c.o
                0x00024f2c                bsp_board_led_off
 .text.bsp_board_leds_off
                0x00024f3c       0x10 _build/GRIDEYE_SENSING_boards.c.o
                0x00024f3c                bsp_board_leds_off
 .text.bsp_board_leds_on
                0x00024f4c       0x10 _build/GRIDEYE_SENSING_boards.c.o
                0x00024f4c                bsp_board_leds_on
 .text.bsp_board_led_invert
                0x00024f5c       0x1c _build/GRIDEYE_SENSING_boards.c.o
                0x00024f5c                bsp_board_led_invert
 .text.bsp_board_leds_init
                0x00024f78       0x14 _build/GRIDEYE_SENSING_boards.c.o
                0x00024f78                bsp_board_leds_init
 .text.bsp_board_pin_to_button_idx
                0x00024f8c        0xc _build/GRIDEYE_SENSING_boards.c.o
                0x00024f8c                bsp_board_pin_to_button_idx
 .text.sd_ble_gatts_service_add
                0x00024f98        0x4 _build/GRIDEYE_SENSING_ble_dis.c.o
 .text.sd_ble_gatts_characteristic_add
                0x00024f9c        0x4 _build/GRIDEYE_SENSING_ble_dis.c.o
 .text.char_add
                0x00024fa0       0xb8 _build/GRIDEYE_SENSING_ble_dis.c.o
 .text.ble_dis_init
                0x00025058      0x2d8 _build/GRIDEYE_SENSING_ble_dis.c.o
                0x00025058                ble_dis_init
 .text.write_space_reserve
                0x00025330       0x60 _build/GRIDEYE_SENSING_fds.c.o
 .text.record_find_by_desc
                0x00025390       0xd4 _build/GRIDEYE_SENSING_fds.c.o
 .text.queue_process
                0x00025464      0xa00 _build/GRIDEYE_SENSING_fds.c.o
 .text.fs_event_handler
                0x00025e64        0x8 _build/GRIDEYE_SENSING_fds.c.o
 .text.fds_register
                0x00025e6c       0x28 _build/GRIDEYE_SENSING_fds.c.o
                0x00025e6c                fds_register
 .text.fds_init
                0x00025e94      0x304 _build/GRIDEYE_SENSING_fds.c.o
                0x00025e94                fds_init
 .text.fds_record_open
                0x00026198       0x48 _build/GRIDEYE_SENSING_fds.c.o
                0x00026198                fds_record_open
 .text.fds_record_close
                0x000261e0       0x48 _build/GRIDEYE_SENSING_fds.c.o
                0x000261e0                fds_record_close
 .text.fds_reserve
                0x00026228       0x80 _build/GRIDEYE_SENSING_fds.c.o
                0x00026228                fds_reserve
 .text.fds_reserve_cancel
                0x000262a8       0x5c _build/GRIDEYE_SENSING_fds.c.o
                0x000262a8                fds_reserve_cancel
 .text.fds_record_write
                0x00026304      0x20c _build/GRIDEYE_SENSING_fds.c.o
                0x00026304                fds_record_write
 .text.fds_record_write_reserved
                0x00026510      0x18c _build/GRIDEYE_SENSING_fds.c.o
                0x00026510                fds_record_write_reserved
 .text.fds_record_update
                0x0002669c      0x1c4 _build/GRIDEYE_SENSING_fds.c.o
                0x0002669c                fds_record_update
 .text.fds_file_delete
                0x00026860       0x80 _build/GRIDEYE_SENSING_fds.c.o
                0x00026860                fds_file_delete
 .text.fds_gc   0x000268e0       0x70 _build/GRIDEYE_SENSING_fds.c.o
                0x000268e0                fds_gc
 .text.fds_record_find
                0x00026950       0xd4 _build/GRIDEYE_SENSING_fds.c.o
                0x00026950                fds_record_find
 .text.fds_record_find_by_key
                0x00026a24       0xd0 _build/GRIDEYE_SENSING_fds.c.o
                0x00026a24                fds_record_find_by_key
 .text.fds_record_find_in_file
                0x00026af4       0xd0 _build/GRIDEYE_SENSING_fds.c.o
                0x00026af4                fds_record_find_in_file
 .text.fds_record_id_from_desc
                0x00026bc4       0x10 _build/GRIDEYE_SENSING_fds.c.o
                0x00026bc4                fds_record_id_from_desc
 .text.nrf_drv_uart_init
                0x00026bd4      0x1dc _build/GRIDEYE_SENSING_nrf_drv_uart.c.o
                0x00026bd4                nrf_drv_uart_init
 .text.nrf_drv_uart_uninit
                0x00026db0      0x10c _build/GRIDEYE_SENSING_nrf_drv_uart.c.o
                0x00026db0                nrf_drv_uart_uninit
 .text.nrf_drv_uart_tx
                0x00026ebc      0x174 _build/GRIDEYE_SENSING_nrf_drv_uart.c.o
                0x00026ebc                nrf_drv_uart_tx
 .text.nrf_drv_uart_tx_in_progress
                0x00027030       0x18 _build/GRIDEYE_SENSING_nrf_drv_uart.c.o
                0x00027030                nrf_drv_uart_tx_in_progress
 .text.UARTE0_UART0_IRQHandler
                0x00027048      0x2fc _build/GRIDEYE_SENSING_nrf_drv_uart.c.o
                0x00027048                UARTE0_UART0_IRQHandler
 .text.pm_pdb_evt_handler
                0x00027344      0x228 _build/GRIDEYE_SENSING_peer_manager.c.o
                0x00027344                pm_pdb_evt_handler
 .text.pm_sm_evt_handler
                0x0002756c      0x1bc _build/GRIDEYE_SENSING_peer_manager.c.o
                0x0002756c                pm_sm_evt_handler
 .text.pm_gcm_evt_handler
                0x00027728       0xb8 _build/GRIDEYE_SENSING_peer_manager.c.o
                0x00027728                pm_gcm_evt_handler
 .text.pm_im_evt_handler
                0x000277e0       0x74 _build/GRIDEYE_SENSING_peer_manager.c.o
                0x000277e0                pm_im_evt_handler
 .text.pm_on_ble_evt
                0x00027854       0x24 _build/GRIDEYE_SENSING_peer_manager.c.o
                0x00027854                pm_on_ble_evt
 .text.pm_init  0x00027878       0x90 _build/GRIDEYE_SENSING_peer_manager.c.o
                0x00027878                pm_init
 .text.pm_register
                0x00027908       0x38 _build/GRIDEYE_SENSING_peer_manager.c.o
                0x00027908                pm_register
 .text.pm_sec_params_set
                0x00027940       0x14 _build/GRIDEYE_SENSING_peer_manager.c.o
                0x00027940                pm_sec_params_set
 .text.pm_conn_secure
                0x00027954       0x14 _build/GRIDEYE_SENSING_peer_manager.c.o
                0x00027954                pm_conn_secure
 .text.pm_conn_sec_config_reply
                0x00027968        0x4 _build/GRIDEYE_SENSING_peer_manager.c.o
                0x00027968                pm_conn_sec_config_reply
 .text.pm_local_database_has_changed
                0x0002796c       0x10 _build/GRIDEYE_SENSING_peer_manager.c.o
                0x0002796c                pm_local_database_has_changed
 .text.pm_peers_delete
                0x0002797c       0x50 _build/GRIDEYE_SENSING_peer_manager.c.o
                0x0002797c                pm_peers_delete
 .text.pm_peer_rank_highest
                0x000279cc      0x178 _build/GRIDEYE_SENSING_peer_manager.c.o
                0x000279cc                pm_peer_rank_highest
 .text.peer_data_delete
                0x00027b44       0x90 _build/GRIDEYE_SENSING_peer_data_storage.c.o
 .text.fds_evt_handler
                0x00027bd4      0x12c _build/GRIDEYE_SENSING_peer_data_storage.c.o
 .text.pds_init
                0x00027d00       0x74 _build/GRIDEYE_SENSING_peer_data_storage.c.o
                0x00027d00                pds_init
 .text.pds_peer_data_read
                0x00027d74       0x80 _build/GRIDEYE_SENSING_peer_data_storage.c.o
                0x00027d74                pds_peer_data_read
 .text.pds_peer_data_iterate_prepare
                0x00027df4       0x10 _build/GRIDEYE_SENSING_peer_data_storage.c.o
                0x00027df4                pds_peer_data_iterate_prepare
 .text.pds_peer_data_iterate
                0x00027e04       0x50 _build/GRIDEYE_SENSING_peer_data_storage.c.o
                0x00027e04                pds_peer_data_iterate
 .text.pds_space_reserve
                0x00027e54       0x34 _build/GRIDEYE_SENSING_peer_data_storage.c.o
                0x00027e54                pds_space_reserve
 .text.pds_space_reserve_cancel
                0x00027e88       0x20 _build/GRIDEYE_SENSING_peer_data_storage.c.o
                0x00027e88                pds_space_reserve_cancel
 .text.pds_peer_data_store
                0x00027ea8       0xbc _build/GRIDEYE_SENSING_peer_data_storage.c.o
                0x00027ea8                pds_peer_data_store
 .text.pds_peer_id_allocate
                0x00027f64        0x8 _build/GRIDEYE_SENSING_peer_data_storage.c.o
                0x00027f64                pds_peer_id_allocate
 .text.pds_peer_id_free
                0x00027f6c       0x18 _build/GRIDEYE_SENSING_peer_data_storage.c.o
                0x00027f6c                pds_peer_id_free
 .text.pds_peer_id_is_allocated
                0x00027f84        0x4 _build/GRIDEYE_SENSING_peer_data_storage.c.o
                0x00027f84                pds_peer_id_is_allocated
 .text.pds_next_peer_id_get
                0x00027f88        0x4 _build/GRIDEYE_SENSING_peer_data_storage.c.o
                0x00027f88                pds_next_peer_id_get
 .text.pds_next_deleted_peer_id_get
                0x00027f8c        0x4 _build/GRIDEYE_SENSING_peer_data_storage.c.o
                0x00027f8c                pds_next_deleted_peer_id_get
 .text.pdb_pds_evt_handler
                0x00027f90      0x868 _build/GRIDEYE_SENSING_peer_database.c.o
                0x00027f90                pdb_pds_evt_handler
 .text.pdb_init
                0x000287f8      0x16c _build/GRIDEYE_SENSING_peer_database.c.o
                0x000287f8                pdb_init
 .text.pdb_peer_allocate
                0x00028964        0x4 _build/GRIDEYE_SENSING_peer_database.c.o
                0x00028964                pdb_peer_allocate
 .text.pdb_peer_free
                0x00028968      0x460 _build/GRIDEYE_SENSING_peer_database.c.o
                0x00028968                pdb_peer_free
 .text.pdb_peer_data_ptr_get
                0x00028dc8        0x8 _build/GRIDEYE_SENSING_peer_database.c.o
                0x00028dc8                pdb_peer_data_ptr_get
 .text.pdb_write_buf_get
                0x00028dd0      0x57c _build/GRIDEYE_SENSING_peer_database.c.o
                0x00028dd0                pdb_write_buf_get
 .text.pdb_write_buf_release
                0x0002934c      0x288 _build/GRIDEYE_SENSING_peer_database.c.o
                0x0002934c                pdb_write_buf_release
 .text.pdb_write_buf_store_prepare
                0x000295d4      0x28c _build/GRIDEYE_SENSING_peer_database.c.o
                0x000295d4                pdb_write_buf_store_prepare
 .text.pdb_write_buf_store
                0x00029860      0x318 _build/GRIDEYE_SENSING_peer_database.c.o
                0x00029860                pdb_write_buf_store
 .text.pdb_next_peer_id_get
                0x00029b78        0x4 _build/GRIDEYE_SENSING_peer_database.c.o
                0x00029b78                pdb_next_peer_id_get
 .text.pdb_next_deleted_peer_id_get
                0x00029b7c        0x4 _build/GRIDEYE_SENSING_peer_database.c.o
                0x00029b7c                pdb_next_deleted_peer_id_get
 .text.pdb_peer_data_load
                0x00029b80       0x18 _build/GRIDEYE_SENSING_peer_database.c.o
                0x00029b80                pdb_peer_data_load
 .text.pdb_raw_store
                0x00029b98        0x8 _build/GRIDEYE_SENSING_peer_database.c.o
                0x00029b98                pdb_raw_store
 .text.sd_ecb_block_encrypt
                0x00029ba0        0x4 _build/GRIDEYE_SENSING_id_manager.c.o
 .text.im_ble_evt_handler
                0x00029ba4      0x2f4 _build/GRIDEYE_SENSING_id_manager.c.o
                0x00029ba4                im_ble_evt_handler
 .text.im_pdb_evt_handler
                0x00029e98      0x14c _build/GRIDEYE_SENSING_id_manager.c.o
                0x00029e98                im_pdb_evt_handler
 .text.im_init  0x00029fe4       0x48 _build/GRIDEYE_SENSING_id_manager.c.o
                0x00029fe4                im_init
 .text.im_peer_id_get_by_conn_handle
                0x0002a02c       0x7c _build/GRIDEYE_SENSING_id_manager.c.o
                0x0002a02c                im_peer_id_get_by_conn_handle
 .text.im_ble_addr_get
                0x0002a0a8       0x90 _build/GRIDEYE_SENSING_id_manager.c.o
                0x0002a0a8                im_ble_addr_get
 .text.im_master_ids_compare
                0x0002a138       0x48 _build/GRIDEYE_SENSING_id_manager.c.o
                0x0002a138                im_master_ids_compare
 .text.im_peer_id_get_by_master_id
                0x0002a180       0xe4 _build/GRIDEYE_SENSING_id_manager.c.o
                0x0002a180                im_peer_id_get_by_master_id
 .text.im_conn_handle_get
                0x0002a264       0x6c _build/GRIDEYE_SENSING_id_manager.c.o
                0x0002a264                im_conn_handle_get
 .text.im_master_id_is_valid
                0x0002a2d0       0x30 _build/GRIDEYE_SENSING_id_manager.c.o
                0x0002a2d0                im_master_id_is_valid
 .text.im_new_peer_id
                0x0002a300       0x7c _build/GRIDEYE_SENSING_id_manager.c.o
                0x0002a300                im_new_peer_id
 .text.im_peer_free
                0x0002a37c       0xfc _build/GRIDEYE_SENSING_id_manager.c.o
                0x0002a37c                im_peer_free
 .text.link_secure.part.1
                0x0002a478      0x144 _build/GRIDEYE_SENSING_security_manager.c.o
 .text.smd_params_reply_perform
                0x0002a5bc      0x180 _build/GRIDEYE_SENSING_security_manager.c.o
 .text.sm_smd_evt_handler
                0x0002a73c       0x80 _build/GRIDEYE_SENSING_security_manager.c.o
                0x0002a73c                sm_smd_evt_handler
 .text.sm_pdb_evt_handler
                0x0002a7bc      0x1a4 _build/GRIDEYE_SENSING_security_manager.c.o
                0x0002a7bc                sm_pdb_evt_handler
 .text.sm_init  0x0002a960       0xc8 _build/GRIDEYE_SENSING_security_manager.c.o
                0x0002a960                sm_init
 .text.sm_ble_evt_handler
                0x0002aa28       0x90 _build/GRIDEYE_SENSING_security_manager.c.o
                0x0002aa28                sm_ble_evt_handler
 .text.sm_sec_params_set
                0x0002aab8       0x74 _build/GRIDEYE_SENSING_security_manager.c.o
                0x0002aab8                sm_sec_params_set
 .text.sm_conn_sec_config_reply
                0x0002ab2c       0x14 _build/GRIDEYE_SENSING_security_manager.c.o
                0x0002ab2c                sm_conn_sec_config_reply
 .text.sm_link_secure
                0x0002ab40       0xc0 _build/GRIDEYE_SENSING_security_manager.c.o
                0x0002ab40                sm_link_secure
 .text.sd_ble_gap_authenticate
                0x0002ac00        0x4 _build/GRIDEYE_SENSING_security_dispatcher.c.o
 .text.sd_ble_gap_sec_params_reply
                0x0002ac04        0x4 _build/GRIDEYE_SENSING_security_dispatcher.c.o
 .text.sd_ble_gap_encrypt
                0x0002ac08        0x4 _build/GRIDEYE_SENSING_security_dispatcher.c.o
 .text.sd_ble_gap_sec_info_reply
                0x0002ac0c        0x4 _build/GRIDEYE_SENSING_security_dispatcher.c.o
 .text.pairing_failure
                0x0002ac10       0x80 _build/GRIDEYE_SENSING_security_dispatcher.c.o
 .text.smd_pdb_evt_handler
                0x0002ac90       0x3c _build/GRIDEYE_SENSING_security_dispatcher.c.o
                0x0002ac90                smd_pdb_evt_handler
 .text.smd_init
                0x0002accc       0x6c _build/GRIDEYE_SENSING_security_dispatcher.c.o
                0x0002accc                smd_init
 .text.smd_params_reply
                0x0002ad38      0x1d4 _build/GRIDEYE_SENSING_security_dispatcher.c.o
                0x0002ad38                smd_params_reply
 .text.smd_link_secure
                0x0002af0c      0x254 _build/GRIDEYE_SENSING_security_dispatcher.c.o
                0x0002af0c                smd_link_secure
 .text.smd_ble_evt_handler
                0x0002b160      0x3b4 _build/GRIDEYE_SENSING_security_dispatcher.c.o
                0x0002b160                smd_ble_evt_handler
 .text.local_db_update_in_evt
                0x0002b514       0x84 _build/GRIDEYE_SENSING_gatt_cache_manager.c.o
 .text.local_db_apply_in_evt.part.1
                0x0002b598       0x7c _build/GRIDEYE_SENSING_gatt_cache_manager.c.o
 .text.service_changed_pending_flags_check
                0x0002b614      0x114 _build/GRIDEYE_SENSING_gatt_cache_manager.c.o
 .text.gcm_gscm_evt_handler
                0x0002b728       0x78 _build/GRIDEYE_SENSING_gatt_cache_manager.c.o
                0x0002b728                gcm_gscm_evt_handler
 .text.gcm_im_evt_handler
                0x0002b7a0       0x38 _build/GRIDEYE_SENSING_gatt_cache_manager.c.o
                0x0002b7a0                gcm_im_evt_handler
 .text.gcm_smd_evt_handler
                0x0002b7d8       0x98 _build/GRIDEYE_SENSING_gatt_cache_manager.c.o
                0x0002b7d8                gcm_smd_evt_handler
 .text.gcm_init
                0x0002b870       0x6c _build/GRIDEYE_SENSING_gatt_cache_manager.c.o
                0x0002b870                gcm_init
 .text.gcm_ble_evt_handler
                0x0002b8dc      0x10c _build/GRIDEYE_SENSING_gatt_cache_manager.c.o
                0x0002b8dc                gcm_ble_evt_handler
 .text.gcm_local_database_has_changed
                0x0002b9e8       0x60 _build/GRIDEYE_SENSING_gatt_cache_manager.c.o
                0x0002b9e8                gcm_local_database_has_changed
 .text.sd_ble_gatts_service_changed
                0x0002ba48        0x4 _build/GRIDEYE_SENSING_gatts_cache_manager.c.o
 .text.sd_ble_gatts_sys_attr_set
                0x0002ba4c        0x4 _build/GRIDEYE_SENSING_gatts_cache_manager.c.o
 .text.sd_ble_gatts_sys_attr_get
                0x0002ba50        0x4 _build/GRIDEYE_SENSING_gatts_cache_manager.c.o
 .text.gscm_pdb_evt_handler
                0x0002ba54       0x88 _build/GRIDEYE_SENSING_gatts_cache_manager.c.o
                0x0002ba54                gscm_pdb_evt_handler
 .text.gscm_init
                0x0002badc       0x1c _build/GRIDEYE_SENSING_gatts_cache_manager.c.o
                0x0002badc                gscm_init
 .text.gscm_local_db_cache_update
                0x0002baf8       0x88 _build/GRIDEYE_SENSING_gatts_cache_manager.c.o
                0x0002baf8                gscm_local_db_cache_update
 .text.gscm_local_db_cache_apply
                0x0002bb80       0x84 _build/GRIDEYE_SENSING_gatts_cache_manager.c.o
                0x0002bb80                gscm_local_db_cache_apply
 .text.gscm_local_database_has_changed
                0x0002bc04       0x5c _build/GRIDEYE_SENSING_gatts_cache_manager.c.o
                0x0002bc04                gscm_local_database_has_changed
 .text.gscm_service_changed_ind_needed
                0x0002bc60       0x24 _build/GRIDEYE_SENSING_gatts_cache_manager.c.o
                0x0002bc60                gscm_service_changed_ind_needed
 .text.gscm_service_changed_ind_send
                0x0002bc84       0x2c _build/GRIDEYE_SENSING_gatts_cache_manager.c.o
                0x0002bc84                gscm_service_changed_ind_send
 .text.gscm_db_change_notification_done
                0x0002bcb0       0x24 _build/GRIDEYE_SENSING_gatts_cache_manager.c.o
                0x0002bcb0                gscm_db_change_notification_done
 .text.peer_id_init
                0x0002bcd4       0x2c _build/GRIDEYE_SENSING_peer_id.c.o
                0x0002bcd4                peer_id_init
 .text.peer_id_allocate
                0x0002bd00       0x40 _build/GRIDEYE_SENSING_peer_id.c.o
                0x0002bd00                peer_id_allocate
 .text.peer_id_delete
                0x0002bd40       0x28 _build/GRIDEYE_SENSING_peer_id.c.o
                0x0002bd40                peer_id_delete
 .text.peer_id_free
                0x0002bd68       0x28 _build/GRIDEYE_SENSING_peer_id.c.o
                0x0002bd68                peer_id_free
 .text.peer_id_is_allocated
                0x0002bd90       0x14 _build/GRIDEYE_SENSING_peer_id.c.o
                0x0002bd90                peer_id_is_allocated
 .text.peer_id_get_next_used
                0x0002bda4       0x78 _build/GRIDEYE_SENSING_peer_id.c.o
                0x0002bda4                peer_id_get_next_used
 .text.peer_id_get_next_deleted
                0x0002be1c       0x3c _build/GRIDEYE_SENSING_peer_id.c.o
                0x0002be1c                peer_id_get_next_deleted
 .text.pm_buffer_init
                0x0002be58       0x54 _build/GRIDEYE_SENSING_pm_buffer.c.o
                0x0002be58                pm_buffer_init
 .text.pm_buffer_block_acquire
                0x0002beac       0xa0 _build/GRIDEYE_SENSING_pm_buffer.c.o
                0x0002beac                pm_buffer_block_acquire
 .text.pm_buffer_ptr_get
                0x0002bf4c       0x30 _build/GRIDEYE_SENSING_pm_buffer.c.o
                0x0002bf4c                pm_buffer_ptr_get
 .text.pm_buffer_release
                0x0002bf7c       0x2c _build/GRIDEYE_SENSING_pm_buffer.c.o
                0x0002bf7c                pm_buffer_release
 .text.pm_mutex_init
                0x0002bfa8       0x10 _build/GRIDEYE_SENSING_pm_mutex.c.o
                0x0002bfa8                pm_mutex_init
 .text.pm_mutex_lock
                0x0002bfb8       0x54 _build/GRIDEYE_SENSING_pm_mutex.c.o
                0x0002bfb8                pm_mutex_lock
 .text.pm_mutex_unlock
                0x0002c00c       0x3c _build/GRIDEYE_SENSING_pm_mutex.c.o
                0x0002c00c                pm_mutex_unlock
 .text.pm_mutex_lock_first_available
                0x0002c048       0x74 _build/GRIDEYE_SENSING_pm_mutex.c.o
                0x0002c048                pm_mutex_lock_first_available
 .text.pm_mutex_lock_status_get
                0x0002c0bc       0x1c _build/GRIDEYE_SENSING_pm_mutex.c.o
                0x0002c0bc                pm_mutex_lock_status_get
 .text.nrf_drv_twi_init
                0x0002c0d8      0x348 _build/GRIDEYE_SENSING_nrf_drv_twi.c.o
                0x0002c0d8                nrf_drv_twi_init
 .text.nrf_drv_twi_enable
                0x0002c420       0x20 _build/GRIDEYE_SENSING_nrf_drv_twi.c.o
                0x0002c420                nrf_drv_twi_enable
 .text.nrf_drv_twi_tx
                0x0002c440      0x18c _build/GRIDEYE_SENSING_nrf_drv_twi.c.o
                0x0002c440                nrf_drv_twi_tx
 .text.SPIM0_SPIS0_TWIM0_TWIS0_SPI0_TWI0_IRQHandler
                0x0002c5cc      0x184 _build/GRIDEYE_SENSING_nrf_drv_twi.c.o
                0x0002c5cc                SPIM0_SPIS0_TWIM0_TWIS0_SPI0_TWI0_IRQHandler
 .text.memcmp   0x0002c750       0x20 c:/program files (x86)/gnu tools arm embedded/4.9 2015q3/bin/../lib/gcc/arm-none-eabi/4.9.3/../../../../arm-none-eabi/lib/armv7e-m/fpu\libc_nano.a(lib_a-memcmp.o)
                0x0002c750                memcmp
 .text.memcpy   0x0002c770       0x16 c:/program files (x86)/gnu tools arm embedded/4.9 2015q3/bin/../lib/gcc/arm-none-eabi/4.9.3/../../../../arm-none-eabi/lib/armv7e-m/fpu\libc_nano.a(lib_a-memcpy.o)
                0x0002c770                memcpy
 *fill*         0x0002c786        0x2 
 .text.snprintf
                0x0002c788       0x64 c:/program files (x86)/gnu tools arm embedded/4.9 2015q3/bin/../lib/gcc/arm-none-eabi/4.9.3/../../../../arm-none-eabi/lib/armv7e-m/fpu\libc_nano.a(lib_a-snprintf.o)
                0x0002c788                sniprintf
                0x0002c788                snprintf
 .text.strcpy   0x0002c7ec       0x10 c:/program files (x86)/gnu tools arm embedded/4.9 2015q3/bin/../lib/gcc/arm-none-eabi/4.9.3/../../../../arm-none-eabi/lib/armv7e-m/fpu\libc_nano.a(lib_a-strcpy.o)
                0x0002c7ec                strcpy
 .text.strlen   0x0002c7fc       0x10 c:/program files (x86)/gnu tools arm embedded/4.9 2015q3/bin/../lib/gcc/arm-none-eabi/4.9.3/../../../../arm-none-eabi/lib/armv7e-m/fpu\libc_nano.a(lib_a-strlen.o)
                0x0002c7fc                strlen
 .text.__ssputs_r
                0x0002c80c       0xb2 c:/program files (x86)/gnu tools arm embedded/4.9 2015q3/bin/../lib/gcc/arm-none-eabi/4.9.3/../../../../arm-none-eabi/lib/armv7e-m/fpu\libc_nano.a(lib_a-nano-svfprintf.o)
                0x0002c80c                __ssputs_r
 *fill*         0x0002c8be        0x2 
 .text._svfprintf_r
                0x0002c8c0      0x1e4 c:/program files (x86)/gnu tools arm embedded/4.9 2015q3/bin/../lib/gcc/arm-none-eabi/4.9.3/../../../../arm-none-eabi/lib/armv7e-m/fpu\libc_nano.a(lib_a-nano-svfprintf.o)
                0x0002c8c0                _svfiprintf_r
                0x0002c8c0                _svfprintf_r
 .text._printf_common
                0x0002caa4       0xea c:/program files (x86)/gnu tools arm embedded/4.9 2015q3/bin/../lib/gcc/arm-none-eabi/4.9.3/../../../../arm-none-eabi/lib/armv7e-m/fpu\libc_nano.a(lib_a-nano-vfprintf_i.o)
                0x0002caa4                _printf_common
 *fill*         0x0002cb8e        0x2 
 .text._printf_i
                0x0002cb90      0x240 c:/program files (x86)/gnu tools arm embedded/4.9 2015q3/bin/../lib/gcc/arm-none-eabi/4.9.3/../../../../arm-none-eabi/lib/armv7e-m/fpu\libc_nano.a(lib_a-nano-vfprintf_i.o)
                0x0002cb90                _printf_i
 .text.memchr   0x0002cdd0       0x1e c:/program files (x86)/gnu tools arm embedded/4.9 2015q3/bin/../lib/gcc/arm-none-eabi/4.9.3/../../../../arm-none-eabi/lib/armv7e-m/fpu\libc_nano.a(lib_a-memchr.o)
                0x0002cdd0                memchr
 .text.memmove  0x0002cdee       0x36 c:/program files (x86)/gnu tools arm embedded/4.9 2015q3/bin/../lib/gcc/arm-none-eabi/4.9.3/../../../../arm-none-eabi/lib/armv7e-m/fpu\libc_nano.a(lib_a-memmove.o)
                0x0002cdee                memmove
 .text._free_r  0x0002ce24       0x88 c:/program files (x86)/gnu tools arm embedded/4.9 2015q3/bin/../lib/gcc/arm-none-eabi/4.9.3/../../../../arm-none-eabi/lib/armv7e-m/fpu\libc_nano.a(lib_a-nano-freer.o)
                0x0002ce24                _free_r
 .text._malloc_r
                0x0002ceac       0xac c:/program files (x86)/gnu tools arm embedded/4.9 2015q3/bin/../lib/gcc/arm-none-eabi/4.9.3/../../../../arm-none-eabi/lib/armv7e-m/fpu\libc_nano.a(lib_a-nano-mallocr.o)
                0x0002ceac                _malloc_r
 .text._realloc_r
                0x0002cf58       0x4c c:/program files (x86)/gnu tools arm embedded/4.9 2015q3/bin/../lib/gcc/arm-none-eabi/4.9.3/../../../../arm-none-eabi/lib/armv7e-m/fpu\libc_nano.a(lib_a-nano-reallocr.o)
                0x0002cf58                _realloc_r
 .text._sbrk_r  0x0002cfa4       0x20 c:/program files (x86)/gnu tools arm embedded/4.9 2015q3/bin/../lib/gcc/arm-none-eabi/4.9.3/../../../../arm-none-eabi/lib/armv7e-m/fpu\libc_nano.a(lib_a-sbrkr.o)
                0x0002cfa4                _sbrk_r
 .text._malloc_usable_size_r
                0x0002cfc4       0x14 c:/program files (x86)/gnu tools arm embedded/4.9 2015q3/bin/../lib/gcc/arm-none-eabi/4.9.3/../../../../arm-none-eabi/lib/armv7e-m/fpu\libc_nano.a(lib_a-nano-msizer.o)
                0x0002cfc4                _malloc_usable_size_r
 .text._sbrk    0x0002cfd8       0x1c c:/program files (x86)/gnu tools arm embedded/4.9 2015q3/bin/../lib/gcc/arm-none-eabi/4.9.3/../../../../arm-none-eabi/lib/armv7e-m/fpu\libnosys.a(sbrk.o)
                0x0002cfd8                _sbrk
 *(.init)
 .init          0x0002cff4        0x4 c:/program files (x86)/gnu tools arm embedded/4.9 2015q3/bin/../lib/gcc/arm-none-eabi/4.9.3/armv7e-m/fpu/crti.o
                0x0002cff4                _init
 .init          0x0002cff8        0x8 c:/program files (x86)/gnu tools arm embedded/4.9 2015q3/bin/../lib/gcc/arm-none-eabi/4.9.3/armv7e-m/fpu/crtn.o
 *(.fini)
 .fini          0x0002d000        0x4 c:/program files (x86)/gnu tools arm embedded/4.9 2015q3/bin/../lib/gcc/arm-none-eabi/4.9.3/armv7e-m/fpu/crti.o
                0x0002d000                _fini
 .fini          0x0002d004        0x8 c:/program files (x86)/gnu tools arm embedded/4.9 2015q3/bin/../lib/gcc/arm-none-eabi/4.9.3/armv7e-m/fpu/crtn.o
 *crtbegin.o(.ctors)
 *crtbegin?.o(.ctors)
 *(EXCLUDE_FILE(*crtend.o *crtend?.o) .ctors)
 *(SORT(.ctors.*))
 *(.ctors)
 *crtbegin.o(.dtors)
 *crtbegin?.o(.dtors)
 *(EXCLUDE_FILE(*crtend.o *crtend?.o) .dtors)
 *(SORT(.dtors.*))
 *(.dtors)
 *(.rodata*)
 .rodata.str1.1
                0x0002d00c        0x2 c:/program files (x86)/gnu tools arm embedded/4.9 2015q3/bin/../lib/gcc/arm-none-eabi/4.9.3/../../../../arm-none-eabi/lib/armv7e-m/fpu\libc_nano.a(lib_a-impure.o)
 *fill*         0x0002d00e        0x2 
 .rodata._global_impure_ptr
                0x0002d010        0x4 c:/program files (x86)/gnu tools arm embedded/4.9 2015q3/bin/../lib/gcc/arm-none-eabi/4.9.3/../../../../arm-none-eabi/lib/armv7e-m/fpu\libc_nano.a(lib_a-impure.o)
                0x0002d010                _global_impure_ptr
 .rodata        0x0002d014        0x8 _build/GRIDEYE_SENSING_main.c.o
 .rodata.beacon_timer_id
                0x0002d01c        0x4 _build/GRIDEYE_SENSING_main.c.o
 .rodata.tx_power
                0x0002d020        0x9 _build/GRIDEYE_SENSING_main.c.o
 *fill*         0x0002d029        0x3 
 .rodata.str1.4
                0x0002d02c      0x2d2 _build/GRIDEYE_SENSING_main.c.o
 *fill*         0x0002d2fe        0x2 
 .rodata.timer_id
                0x0002d300        0x4 _build/GRIDEYE_SENSING_main.c.o
 .rodata.nrf_drv_twi_DRV8830
                0x0002d304        0x8 _build/GRIDEYE_SENSING_main.c.o
 .rodata.str1.4
                0x0002d30c       0x20 _build/GRIDEYE_SENSING_aka_service.c.o
                                 0x24 (size before relaxing)
 .rodata.service_uuid128
                0x0002d32c       0x10 _build/GRIDEYE_SENSING_aka_service.c.o
 .rodata        0x0002d33c        0x4 _build/GRIDEYE_SENSING_blestack.c.o
 .rodata.str1.4
                0x0002d340       0x7c _build/GRIDEYE_SENSING_blestack.c.o
 .rodata.str1.4
                0x0002d3bc       0x17 _build/GRIDEYE_SENSING_SEGGER_RTT.c.o
 *fill*         0x0002d3d3        0x1 
 .rodata        0x0002d3d4       0x20 _build/GRIDEYE_SENSING_nrf_log_backend_serial.c.o
 .rodata.str1.4
                0x0002d3f4        0x7 _build/GRIDEYE_SENSING_nrf_log_backend_serial.c.o
 *fill*         0x0002d3fb        0x1 
 .rodata.str1.4
                0x0002d3fc        0xb _build/GRIDEYE_SENSING_nrf_log_frontend.c.o
 *fill*         0x0002d407        0x1 
 .rodata.str1.4
                0x0002d408      0x114 _build/GRIDEYE_SENSING_softdevice_handler.c.o
                                0x112 (size before relaxing)
 .rodata.m_detection_delay_timer_id
                0x0002d51c        0x4 _build/GRIDEYE_SENSING_app_button.c.o
 .rodata.m_button_timer_id
                0x0002d520        0x4 _build/GRIDEYE_SENSING_bsp.c.o
 .rodata.m_leds_timer_id
                0x0002d524        0x4 _build/GRIDEYE_SENSING_bsp.c.o
 .rodata.app_buttons
                0x0002d528        0x8 _build/GRIDEYE_SENSING_bsp.c.o
 .rodata.m_alert_timer_id
                0x0002d530        0x4 _build/GRIDEYE_SENSING_bsp.c.o
 .rodata.m_fds_tl_dirty
                0x0002d534        0x4 _build/GRIDEYE_SENSING_fds.c.o
 .rodata.page_tag_data.7593
                0x0002d538        0x8 _build/GRIDEYE_SENSING_fds.c.o
 .rodata.page_tag_swap.7589
                0x0002d540        0x8 _build/GRIDEYE_SENSING_fds.c.o
 .rodata        0x0002d548        0x8 _build/GRIDEYE_SENSING_peer_manager.c.o
 .rodata.m_evt_handlers
                0x0002d550       0x14 _build/GRIDEYE_SENSING_peer_database.c.o
 .rodata        0x0002d564       0x10 _build/GRIDEYE_SENSING_gatts_cache_manager.c.o
 .rodata.service_changed_pending.8539
                0x0002d574        0x4 _build/GRIDEYE_SENSING_gatts_cache_manager.c.o
 .rodata.service_changed_pending.8602
                0x0002d578        0x4 _build/GRIDEYE_SENSING_gatts_cache_manager.c.o
 .rodata._ctype_
                0x0002d57c      0x101 c:/program files (x86)/gnu tools arm embedded/4.9 2015q3/bin/../lib/gcc/arm-none-eabi/4.9.3/../../../../arm-none-eabi/lib/armv7e-m/fpu\libc_nano.a(lib_a-ctype_.o)
                0x0002d57c                _ctype_
 .rodata.str1.1
                0x0002d67d       0x11 c:/program files (x86)/gnu tools arm embedded/4.9 2015q3/bin/../lib/gcc/arm-none-eabi/4.9.3/../../../../arm-none-eabi/lib/armv7e-m/fpu\libc_nano.a(lib_a-nano-svfprintf.o)
 .rodata.str1.1
                0x0002d68e       0x22 c:/program files (x86)/gnu tools arm embedded/4.9 2015q3/bin/../lib/gcc/arm-none-eabi/4.9.3/../../../../arm-none-eabi/lib/armv7e-m/fpu\libc_nano.a(lib_a-nano-vfprintf_i.o)
 *(.eh_frame*)
 .eh_frame      0x0002d6b0        0x0 c:/program files (x86)/gnu tools arm embedded/4.9 2015q3/bin/../lib/gcc/arm-none-eabi/4.9.3/armv7e-m/fpu/crtbegin.o
 .eh_frame      0x0002d6b0        0x4 c:/program files (x86)/gnu tools arm embedded/4.9 2015q3/bin/../lib/gcc/arm-none-eabi/4.9.3/armv7e-m/fpu/crtend.o

.glue_7         0x0002d6b4        0x0
 .glue_7        0x00000000        0x0 linker stubs

.glue_7t        0x0002d6b4        0x0
 .glue_7t       0x00000000        0x0 linker stubs

.vfp11_veneer   0x0002d6b4        0x0
 .vfp11_veneer  0x00000000        0x0 linker stubs

.v4_bx          0x0002d6b4        0x0
 .v4_bx         0x00000000        0x0 linker stubs

.iplt           0x0002d6b4        0x0
 .iplt          0x00000000        0x0 c:/program files (x86)/gnu tools arm embedded/4.9 2015q3/bin/../lib/gcc/arm-none-eabi/4.9.3/armv7e-m/fpu/crtbegin.o

.ARM.extab
 *(.ARM.extab* .gnu.linkonce.armextab.*)
                0x0002d6b4                __exidx_start = .

.ARM.exidx      0x0002d6b4        0x8
 *(.ARM.exidx* .gnu.linkonce.armexidx.*)
 .ARM.exidx     0x0002d6b4        0x8 c:/program files (x86)/gnu tools arm embedded/4.9 2015q3/bin/../lib/gcc/arm-none-eabi/4.9.3/../../../../arm-none-eabi/lib/armv7e-m/fpu/crt0.o
                0x0002d6bc                __exidx_end = .
                0x0002d6bc                __etext = .

.rel.dyn        0x0002d6bc        0x0
 .rel.iplt      0x00000000        0x0 c:/program files (x86)/gnu tools arm embedded/4.9 2015q3/bin/../lib/gcc/arm-none-eabi/4.9.3/armv7e-m/fpu/crtbegin.o

.data           0x20002128       0x94 load address 0x0002d6bc
                0x20002128                __data_start__ = .
 *(vtable)
 *(.data*)
 .data.impure_data
                0x20002128       0x60 c:/program files (x86)/gnu tools arm embedded/4.9 2015q3/bin/../lib/gcc/arm-none-eabi/4.9.3/../../../../arm-none-eabi/lib/armv7e-m/fpu\libc_nano.a(lib_a-impure.o)
 .data._impure_ptr
                0x20002188        0x4 c:/program files (x86)/gnu tools arm embedded/4.9 2015q3/bin/../lib/gcc/arm-none-eabi/4.9.3/../../../../arm-none-eabi/lib/armv7e-m/fpu\libc_nano.a(lib_a-impure.o)
                0x20002188                _impure_ptr
 .data.SystemCoreClock
                0x2000218c        0x4 _build/GRIDEYE_SENSING_system_nrf52.c.o
                0x2000218c                SystemCoreClock
 .data.buttons.10225
                0x20002190        0x8 _build/GRIDEYE_SENSING_main.c.o
 .data.m_uart   0x20002198        0x8 _build/GRIDEYE_SENSING_nrf_log_backend_serial.c.o
 .data.m_flag_params_reply_pending_flash_full
                0x200021a0        0x1 _build/GRIDEYE_SENSING_security_manager.c.o
 .data.m_flag_reject_pairing
                0x200021a1        0x1 _build/GRIDEYE_SENSING_security_manager.c.o
 .data.m_flag_params_reply_pending_busy
                0x200021a2        0x1 _build/GRIDEYE_SENSING_security_manager.c.o
 .data.m_flag_link_secure_null_params
                0x200021a3        0x1 _build/GRIDEYE_SENSING_security_manager.c.o
 .data.m_flag_link_secure_pending_flash_full
                0x200021a4        0x1 _build/GRIDEYE_SENSING_security_manager.c.o
 .data.m_flag_link_secure_force_repairing
                0x200021a5        0x1 _build/GRIDEYE_SENSING_security_manager.c.o
 .data.m_flag_link_secure_pending_busy
                0x200021a6        0x1 _build/GRIDEYE_SENSING_security_manager.c.o
 .data.m_flag_sec_proc_new_peer
                0x200021a7        0x1 _build/GRIDEYE_SENSING_security_dispatcher.c.o
 .data.m_flag_sec_proc
                0x200021a8        0x1 _build/GRIDEYE_SENSING_security_dispatcher.c.o
 .data.m_flag_sec_proc_pairing
                0x200021a9        0x1 _build/GRIDEYE_SENSING_security_dispatcher.c.o
 *fill*         0x200021aa        0x2 
 .data.__ctype_ptr__
                0x200021ac        0x4 c:/program files (x86)/gnu tools arm embedded/4.9 2015q3/bin/../lib/gcc/arm-none-eabi/4.9.3/../../../../arm-none-eabi/lib/armv7e-m/fpu\libc_nano.a(lib_a-ctype_.o)
                0x200021ac                __ctype_ptr__
                0x200021b0                . = ALIGN (0x4)
                0x200021b0                PROVIDE (__preinit_array_start, .)
 *(.preinit_array)
                0x200021b0                PROVIDE (__preinit_array_end, .)
                0x200021b0                . = ALIGN (0x4)
                0x200021b0                PROVIDE (__init_array_start, .)
 *(SORT(.init_array.*))
 *(.init_array)
 .init_array    0x200021b0        0x4 c:/program files (x86)/gnu tools arm embedded/4.9 2015q3/bin/../lib/gcc/arm-none-eabi/4.9.3/armv7e-m/fpu/crtbegin.o
                0x200021b4                PROVIDE (__init_array_end, .)
                0x200021b4                . = ALIGN (0x4)
                0x200021b4                PROVIDE (__fini_array_start, .)
 *(SORT(.fini_array.*))
 *(.fini_array)
 .fini_array    0x200021b4        0x4 c:/program files (x86)/gnu tools arm embedded/4.9 2015q3/bin/../lib/gcc/arm-none-eabi/4.9.3/armv7e-m/fpu/crtbegin.o
                0x200021b8                PROVIDE (__fini_array_end, .)
 *(.jcr*)
 .jcr           0x200021b8        0x0 c:/program files (x86)/gnu tools arm embedded/4.9 2015q3/bin/../lib/gcc/arm-none-eabi/4.9.3/armv7e-m/fpu/crtbegin.o
 .jcr           0x200021b8        0x4 c:/program files (x86)/gnu tools arm embedded/4.9 2015q3/bin/../lib/gcc/arm-none-eabi/4.9.3/armv7e-m/fpu/crtend.o
                0x200021bc                . = ALIGN (0x4)
                0x200021bc                __data_end__ = .
LOAD c:/program files (x86)/gnu tools arm embedded/4.9 2015q3/bin/../lib/gcc/arm-none-eabi/4.9.3/armv7e-m/fpu/crti.o
LOAD c:/program files (x86)/gnu tools arm embedded/4.9 2015q3/bin/../lib/gcc/arm-none-eabi/4.9.3/armv7e-m/fpu/crtbegin.o
LOAD c:/program files (x86)/gnu tools arm embedded/4.9 2015q3/bin/../lib/gcc/arm-none-eabi/4.9.3/../../../../arm-none-eabi/lib/armv7e-m/fpu/crt0.o
LOAD c:/program files (x86)/gnu tools arm embedded/4.9 2015q3/bin/../lib/gcc/arm-none-eabi/4.9.3/../../../../arm-none-eabi/lib/armv7e-m/fpu\libc_nano.a
LOAD c:/program files (x86)/gnu tools arm embedded/4.9 2015q3/bin/../lib/gcc/arm-none-eabi/4.9.3/../../../../arm-none-eabi/lib/armv7e-m/fpu\libnosys.a
LOAD _build/GRIDEYE_SENSING_gcc_startup_nrf52.S.o
LOAD _build/GRIDEYE_SENSING_system_nrf52.c.o
LOAD _build/GRIDEYE_SENSING_main.c.o
LOAD _build/GRIDEYE_SENSING_aka_service.c.o
LOAD _build/GRIDEYE_SENSING_advertising.c.o
LOAD _build/GRIDEYE_SENSING_beacon.c.o
LOAD _build/GRIDEYE_SENSING_blestack.c.o
LOAD _build/GRIDEYE_SENSING_gaputil.c.o
LOAD _build/GRIDEYE_SENSING_peer.c.o
LOAD _build/GRIDEYE_SENSING_storage.c.o
LOAD _build/GRIDEYE_SENSING_app_error.c.o
LOAD _build/GRIDEYE_SENSING_RTT_Syscalls_GCC.c.o
LOAD _build/GRIDEYE_SENSING_SEGGER_RTT.c.o
LOAD _build/GRIDEYE_SENSING_SEGGER_RTT_printf.c.o
LOAD _build/GRIDEYE_SENSING_nrf_log_backend_serial.c.o
LOAD _build/GRIDEYE_SENSING_nrf_log_frontend.c.o
LOAD _build/GRIDEYE_SENSING_app_util_platform.c.o
LOAD _build/GRIDEYE_SENSING_nrf_drv_common.c.o
LOAD _build/GRIDEYE_SENSING_app_timer.c.o
LOAD _build/GRIDEYE_SENSING_softdevice_handler.c.o
LOAD _build/GRIDEYE_SENSING_nrf_drv_clock.c.o
LOAD _build/GRIDEYE_SENSING_app_button.c.o
LOAD _build/GRIDEYE_SENSING_nrf_drv_gpiote.c.o
LOAD _build/GRIDEYE_SENSING_ble_srv_common.c.o
LOAD _build/GRIDEYE_SENSING_ble_bas.c.o
LOAD _build/GRIDEYE_SENSING_ble_conn_state.c.o
LOAD _build/GRIDEYE_SENSING_sdk_mapped_flags.c.o
LOAD _build/GRIDEYE_SENSING_ble_conn_params.c.o
LOAD _build/GRIDEYE_SENSING_fstorage.c.o
LOAD _build/GRIDEYE_SENSING_ble_advdata.c.o
LOAD _build/GRIDEYE_SENSING_bsp.c.o
LOAD _build/GRIDEYE_SENSING_boards.c.o
LOAD _build/GRIDEYE_SENSING_ble_dis.c.o
LOAD _build/GRIDEYE_SENSING_fds.c.o
LOAD _build/GRIDEYE_SENSING_app_uart_fifo.c.o
LOAD _build/GRIDEYE_SENSING_app_fifo.c.o
LOAD _build/GRIDEYE_SENSING_nrf_drv_uart.c.o
LOAD _build/GRIDEYE_SENSING_retarget.c.o
LOAD _build/GRIDEYE_SENSING_peer_manager.c.o
LOAD _build/GRIDEYE_SENSING_peer_data_storage.c.o
LOAD _build/GRIDEYE_SENSING_peer_database.c.o
LOAD _build/GRIDEYE_SENSING_id_manager.c.o
LOAD _build/GRIDEYE_SENSING_security_manager.c.o
LOAD _build/GRIDEYE_SENSING_security_dispatcher.c.o
LOAD _build/GRIDEYE_SENSING_gatt_cache_manager.c.o
LOAD _build/GRIDEYE_SENSING_gatts_cache_manager.c.o
LOAD _build/GRIDEYE_SENSING_peer_id.c.o
LOAD _build/GRIDEYE_SENSING_pm_buffer.c.o
LOAD _build/GRIDEYE_SENSING_pm_mutex.c.o
LOAD _build/GRIDEYE_SENSING_nrf_drv_twi.c.o
LOAD c:/program files (x86)/gnu tools arm embedded/4.9 2015q3/bin/../lib/gcc/arm-none-eabi/4.9.3/../../../../arm-none-eabi/lib/armv7e-m/fpu\libm.a
START GROUP
LOAD c:/program files (x86)/gnu tools arm embedded/4.9 2015q3/bin/../lib/gcc/arm-none-eabi/4.9.3/armv7e-m/fpu\libgcc.a
LOAD c:/program files (x86)/gnu tools arm embedded/4.9 2015q3/bin/../lib/gcc/arm-none-eabi/4.9.3/../../../../arm-none-eabi/lib/armv7e-m/fpu\libc_nano.a
END GROUP
START GROUP
LOAD c:/program files (x86)/gnu tools arm embedded/4.9 2015q3/bin/../lib/gcc/arm-none-eabi/4.9.3/armv7e-m/fpu\libgcc.a
LOAD c:/program files (x86)/gnu tools arm embedded/4.9 2015q3/bin/../lib/gcc/arm-none-eabi/4.9.3/../../../../arm-none-eabi/lib/armv7e-m/fpu\libc_nano.a
END GROUP
LOAD c:/program files (x86)/gnu tools arm embedded/4.9 2015q3/bin/../lib/gcc/arm-none-eabi/4.9.3/armv7e-m/fpu/crtend.o
LOAD c:/program files (x86)/gnu tools arm embedded/4.9 2015q3/bin/../lib/gcc/arm-none-eabi/4.9.3/armv7e-m/fpu/crtn.o
START GROUP
LOAD c:/program files (x86)/gnu tools arm embedded/4.9 2015q3/bin/../lib/gcc/arm-none-eabi/4.9.3/armv7e-m/fpu\libgcc.a
LOAD c:/program files (x86)/gnu tools arm embedded/4.9 2015q3/bin/../lib/gcc/arm-none-eabi/4.9.3/../../../../arm-none-eabi/lib/armv7e-m/fpu\libc.a
LOAD c:/program files (x86)/gnu tools arm embedded/4.9 2015q3/bin/../lib/gcc/arm-none-eabi/4.9.3/../../../../arm-none-eabi/lib/armv7e-m/fpu\libnosys.a
END GROUP

.igot.plt       0x200021bc        0x0 load address 0x0002d750
 .igot.plt      0x00000000        0x0 c:/program files (x86)/gnu tools arm embedded/4.9 2015q3/bin/../lib/gcc/arm-none-eabi/4.9.3/armv7e-m/fpu/crtbegin.o

.fs_data        0x200021bc       0x20 load address 0x0002d750
                0x200021bc                PROVIDE (__start_fs_data, .)
 *(.fs_data)
 .fs_data       0x200021bc       0x10 _build/GRIDEYE_SENSING_storage.c.o
 .fs_data       0x200021cc       0x10 _build/GRIDEYE_SENSING_fds.c.o
                0x200021dc                PROVIDE (__stop_fs_data, .)

.bss            0x200021dc     0x1284 load address 0x0002d770
                0x200021dc                . = ALIGN (0x4)
                0x200021dc                __bss_start__ = .
 *(.bss*)
 .bss           0x200021dc       0x1c c:/program files (x86)/gnu tools arm embedded/4.9 2015q3/bin/../lib/gcc/arm-none-eabi/4.9.3/armv7e-m/fpu/crtbegin.o
 .bss.main_packetid.10190
                0x200021f8        0x2 _build/GRIDEYE_SENSING_main.c.o
 *fill*         0x200021fa        0x2 
 .bss.pixcel    0x200021fc       0x40 _build/GRIDEYE_SENSING_main.c.o
 .bss.m_aka_data
                0x2000223c       0x4c _build/GRIDEYE_SENSING_main.c.o
 .bss.m_xfer_done
                0x20002288        0x1 _build/GRIDEYE_SENSING_main.c.o
 *fill*         0x20002289        0x3 
 .bss.timer_id_data
                0x2000228c       0x20 _build/GRIDEYE_SENSING_main.c.o
 .bss.APP_TIMER_BUF.10257
                0x200022ac       0x78 _build/GRIDEYE_SENSING_main.c.o
 .bss.connected
                0x20002324        0x1 _build/GRIDEYE_SENSING_main.c.o
 *fill*         0x20002325        0x3 
 .bss.beacon_info
                0x20002328       0x22 _build/GRIDEYE_SENSING_main.c.o
 .bss.connectionMode
                0x2000234a        0x1 _build/GRIDEYE_SENSING_main.c.o
 *fill*         0x2000234b        0x1 
 .bss.m_beacon_info
                0x2000234c       0x17 _build/GRIDEYE_SENSING_main.c.o
 .bss.id_pakect_number.10191
                0x20002363        0x1 _build/GRIDEYE_SENSING_main.c.o
 .bss.beacon_timer_id_data
                0x20002364       0x20 _build/GRIDEYE_SENSING_main.c.o
 .bss.char_ctr_handles
                0x20002384        0x8 _build/GRIDEYE_SENSING_aka_service.c.o
 .bss.m_aka_data
                0x2000238c        0x4 _build/GRIDEYE_SENSING_aka_service.c.o
 .bss.writte_buff
                0x20002390       0x14 _build/GRIDEYE_SENSING_aka_service.c.o
 .bss.authorized
                0x200023a4        0x1 _build/GRIDEYE_SENSING_aka_service.c.o
 *fill*         0x200023a5        0x3 
 .bss.char_dat_handles
                0x200023a8        0x8 _build/GRIDEYE_SENSING_aka_service.c.o
 .bss.service_handle
                0x200023b0        0x2 _build/GRIDEYE_SENSING_aka_service.c.o
 .bss.is_starting
                0x200023b2        0x1 _build/GRIDEYE_SENSING_advertising.c.o
 .bss.is_starting
                0x200023b3        0x1 _build/GRIDEYE_SENSING_beacon.c.o
 .bss.m_adv_params
                0x200023b4       0x10 _build/GRIDEYE_SENSING_beacon.c.o
 .bss.ble_handler
                0x200023c4        0x4 _build/GRIDEYE_SENSING_blestack.c.o
 .bss.BLE_EVT_BUFFER.9121
                0x200023c8       0x50 _build/GRIDEYE_SENSING_blestack.c.o
 .bss._acDownBuffer
                0x20002418       0x10 _build/GRIDEYE_SENSING_SEGGER_RTT.c.o
 .bss._acUpBuffer
                0x20002428      0x200 _build/GRIDEYE_SENSING_SEGGER_RTT.c.o
 .bss.m_uart_buffer
                0x20002628      0x100 _build/GRIDEYE_SENSING_nrf_log_backend_serial.c.o
 .bss.m_rx_done
                0x20002728        0x1 _build/GRIDEYE_SENSING_nrf_log_backend_serial.c.o
 .bss.m_blocking_mode
                0x20002729        0x1 _build/GRIDEYE_SENSING_nrf_log_backend_serial.c.o
 .bss.m_initialized
                0x2000272a        0x1 _build/GRIDEYE_SENSING_nrf_log_backend_serial.c.o
 *fill*         0x2000272b        0x1 
 .bss.m_log_data
                0x2000272c      0x418 _build/GRIDEYE_SENSING_nrf_log_frontend.c.o
 .bss.m_ticks_latest
                0x20002b44        0x4 _build/GRIDEYE_SENSING_app_timer.c.o
 .bss.mp_timer_id_head
                0x20002b48        0x4 _build/GRIDEYE_SENSING_app_timer.c.o
 .bss.m_evt_schedule_func
                0x20002b4c        0x4 _build/GRIDEYE_SENSING_app_timer.c.o
 .bss.m_ticks_elapsed_q_read_ind
                0x20002b50        0x1 _build/GRIDEYE_SENSING_app_timer.c.o
 .bss.m_ticks_elapsed_q_write_ind
                0x20002b51        0x1 _build/GRIDEYE_SENSING_app_timer.c.o
 .bss.m_rtc1_reset
                0x20002b52        0x1 _build/GRIDEYE_SENSING_app_timer.c.o
 *fill*         0x20002b53        0x1 
 .bss.m_op_queue
                0x20002b54        0x8 _build/GRIDEYE_SENSING_app_timer.c.o
 .bss.m_ticks_elapsed
                0x20002b5c        0x8 _build/GRIDEYE_SENSING_app_timer.c.o
 .bss.m_rtc1_running
                0x20002b64        0x1 _build/GRIDEYE_SENSING_app_timer.c.o
 .bss.m_suspended
                0x20002b65        0x1 _build/GRIDEYE_SENSING_softdevice_handler.c.o
 .bss.m_softdevice_enabled
                0x20002b66        0x1 _build/GRIDEYE_SENSING_softdevice_handler.c.o
 *fill*         0x20002b67        0x1 
 .bss.m_ble_evt_buffer_size
                0x20002b68        0x2 _build/GRIDEYE_SENSING_softdevice_handler.c.o
 *fill*         0x20002b6a        0x2 
 .bss.mp_ble_evt_buffer
                0x20002b6c        0x4 _build/GRIDEYE_SENSING_softdevice_handler.c.o
 .bss.m_sys_evt_handler
                0x20002b70        0x4 _build/GRIDEYE_SENSING_softdevice_handler.c.o
 .bss.m_ble_evt_handler
                0x20002b74        0x4 _build/GRIDEYE_SENSING_softdevice_handler.c.o
 .bss.m_evt_schedule_func
                0x20002b78        0x4 _build/GRIDEYE_SENSING_softdevice_handler.c.o
 .bss.m_clock_cb
                0x20002b7c       0x14 _build/GRIDEYE_SENSING_nrf_drv_clock.c.o
 .bss.m_detection_delay
                0x20002b90        0x4 _build/GRIDEYE_SENSING_app_button.c.o
 .bss.mp_buttons
                0x20002b94        0x4 _build/GRIDEYE_SENSING_app_button.c.o
 .bss.m_button_count
                0x20002b98        0x1 _build/GRIDEYE_SENSING_app_button.c.o
 *fill*         0x20002b99        0x3 
 .bss.m_detection_delay_timer_id_data
                0x20002b9c       0x20 _build/GRIDEYE_SENSING_app_button.c.o
 .bss.m_pin_state
                0x20002bbc        0x4 _build/GRIDEYE_SENSING_app_button.c.o
 .bss.m_pin_transition
                0x20002bc0        0x4 _build/GRIDEYE_SENSING_app_button.c.o
 .bss.m_cb      0x20002bc4       0x58 _build/GRIDEYE_SENSING_nrf_drv_gpiote.c.o
 .bss.m_bcs     0x20002c1c       0x34 _build/GRIDEYE_SENSING_ble_conn_state.c.o
 .bss.m_change_param
                0x20002c50        0x1 _build/GRIDEYE_SENSING_ble_conn_params.c.o
 *fill*         0x20002c51        0x3 
 .bss.m_current_conn_params
                0x20002c54        0x8 _build/GRIDEYE_SENSING_ble_conn_params.c.o
 .bss.m_update_count
                0x20002c5c        0x1 _build/GRIDEYE_SENSING_ble_conn_params.c.o
 *fill*         0x20002c5d        0x3 
 .bss.m_conn_params_config
                0x20002c60       0x1c _build/GRIDEYE_SENSING_ble_conn_params.c.o
 .bss.m_conn_params_timer_id_data
                0x20002c7c       0x20 _build/GRIDEYE_SENSING_ble_conn_params.c.o
 .bss.m_conn_handle
                0x20002c9c        0x2 _build/GRIDEYE_SENSING_ble_conn_params.c.o
 *fill*         0x20002c9e        0x2 
 .bss.m_preferred_conn_params
                0x20002ca0        0x8 _build/GRIDEYE_SENSING_ble_conn_params.c.o
 .bss.m_flags   0x20002ca8        0x1 _build/GRIDEYE_SENSING_fstorage.c.o
 *fill*         0x20002ca9        0x3 
 .bss.m_queue   0x20002cac       0x68 _build/GRIDEYE_SENSING_fstorage.c.o
 .bss.m_retry_count
                0x20002d14        0x1 _build/GRIDEYE_SENSING_fstorage.c.o
 .bss.current_long_push_pin_no.7312
                0x20002d15        0x1 _build/GRIDEYE_SENSING_bsp.c.o
 *fill*         0x20002d16        0x2 
 .bss.m_indication_type
                0x20002d18        0x4 _build/GRIDEYE_SENSING_bsp.c.o
 .bss.m_leds_timer_id_data
                0x20002d1c       0x20 _build/GRIDEYE_SENSING_bsp.c.o
 .bss.release_event_at_push.7313
                0x20002d3c        0x1 _build/GRIDEYE_SENSING_bsp.c.o
 .bss.m_leds_clear
                0x20002d3d        0x1 _build/GRIDEYE_SENSING_bsp.c.o
 *fill*         0x20002d3e        0x2 
 .bss.m_app_ticks_per_100ms
                0x20002d40        0x4 _build/GRIDEYE_SENSING_bsp.c.o
 .bss.m_registered_callback
                0x20002d44        0x4 _build/GRIDEYE_SENSING_bsp.c.o
 .bss.m_button_timer_id_data
                0x20002d48       0x20 _build/GRIDEYE_SENSING_bsp.c.o
 .bss.m_stable_state
                0x20002d68        0x1 _build/GRIDEYE_SENSING_bsp.c.o
 *fill*         0x20002d69        0x3 
 .bss.m_alert_timer_id_data
                0x20002d6c       0x20 _build/GRIDEYE_SENSING_bsp.c.o
 .bss.m_events_list
                0x20002d8c        0x3 _build/GRIDEYE_SENSING_bsp.c.o
 *fill*         0x20002d8f        0x1 
 .bss.sw_rev_handles
                0x20002d90        0x8 _build/GRIDEYE_SENSING_ble_dis.c.o
 .bss.model_num_handles
                0x20002d98        0x8 _build/GRIDEYE_SENSING_ble_dis.c.o
 .bss.sys_id_handles
                0x20002da0        0x8 _build/GRIDEYE_SENSING_ble_dis.c.o
 .bss.manufact_name_handles
                0x20002da8        0x8 _build/GRIDEYE_SENSING_ble_dis.c.o
 .bss.reg_cert_data_list_handles
                0x20002db0        0x8 _build/GRIDEYE_SENSING_ble_dis.c.o
 .bss.pnp_id_handles
                0x20002db8        0x8 _build/GRIDEYE_SENSING_ble_dis.c.o
 .bss.hw_rev_handles
                0x20002dc0        0x8 _build/GRIDEYE_SENSING_ble_dis.c.o
 .bss.serial_num_handles
                0x20002dc8        0x8 _build/GRIDEYE_SENSING_ble_dis.c.o
 .bss.fw_rev_handles
                0x20002dd0        0x8 _build/GRIDEYE_SENSING_ble_dis.c.o
 .bss.service_handle
                0x20002dd8        0x2 _build/GRIDEYE_SENSING_ble_dis.c.o
 *fill*         0x20002dda        0x2 
 .bss.m_chunk_queue
                0x20002ddc       0x48 _build/GRIDEYE_SENSING_fds.c.o
 .bss.m_latest_rec_id
                0x20002e24        0x4 _build/GRIDEYE_SENSING_fds.c.o
 .bss.m_users   0x20002e28        0x1 _build/GRIDEYE_SENSING_fds.c.o
 *fill*         0x20002e29        0x3 
 .bss.desc.7821
                0x20002e2c        0xc _build/GRIDEYE_SENSING_fds.c.o
 .bss.m_pages   0x20002e38       0x20 _build/GRIDEYE_SENSING_fds.c.o
 .bss.m_gc      0x20002e58       0x10 _build/GRIDEYE_SENSING_fds.c.o
 .bss.m_op_queue
                0x20002e68       0x78 _build/GRIDEYE_SENSING_fds.c.o
 .bss.tok.7727  0x20002ee0        0x8 _build/GRIDEYE_SENSING_fds.c.o
 .bss.m_swap_page
                0x20002ee8        0x8 _build/GRIDEYE_SENSING_fds.c.o
 .bss.m_flags   0x20002ef0        0x1 _build/GRIDEYE_SENSING_fds.c.o
 *fill*         0x20002ef1        0x3 
 .bss.m_cb_table
                0x20002ef4       0x20 _build/GRIDEYE_SENSING_fds.c.o
 .bss.m_cb      0x20002f14       0x20 _build/GRIDEYE_SENSING_nrf_drv_uart.c.o
 .bss.m_pairing_flag_id
                0x20002f34        0x1 _build/GRIDEYE_SENSING_peer_manager.c.o
 *fill*         0x20002f35        0x3 
 .bss.m_current_highest_peer_rank
                0x20002f38        0x4 _build/GRIDEYE_SENSING_peer_manager.c.o
 .bss.m_module_initialized
                0x20002f3c        0x1 _build/GRIDEYE_SENSING_peer_manager.c.o
 *fill*         0x20002f3d        0x3 
 .bss.m_evt_handlers
                0x20002f40        0xc _build/GRIDEYE_SENSING_peer_manager.c.o
 .bss.m_peer_rank_initialized
                0x20002f4c        0x1 _build/GRIDEYE_SENSING_peer_manager.c.o
 .bss.m_deleting_all
                0x20002f4d        0x1 _build/GRIDEYE_SENSING_peer_manager.c.o
 .bss.m_n_registrants
                0x20002f4e        0x1 _build/GRIDEYE_SENSING_peer_manager.c.o
 *fill*         0x20002f4f        0x1 
 .bss.m_peer_rank_token
                0x20002f50        0x4 _build/GRIDEYE_SENSING_peer_manager.c.o
 .bss.m_bonding_flag_id
                0x20002f54        0x1 _build/GRIDEYE_SENSING_peer_manager.c.o
 *fill*         0x20002f55        0x1 
 .bss.m_highest_ranked_peer
                0x20002f56        0x2 _build/GRIDEYE_SENSING_peer_manager.c.o
 .bss.m_fds_ftok
                0x20002f58        0x8 _build/GRIDEYE_SENSING_peer_data_storage.c.o
 .bss.m_module_initialized
                0x20002f60        0x1 _build/GRIDEYE_SENSING_peer_data_storage.c.o
 .bss.m_peer_delete_queued
                0x20002f61        0x1 _build/GRIDEYE_SENSING_peer_data_storage.c.o
 .bss.m_peer_delete_ongoing
                0x20002f62        0x1 _build/GRIDEYE_SENSING_peer_data_storage.c.o
 *fill*         0x20002f63        0x1 
 .bss.m_write_buffer_records
                0x20002f64       0xa0 _build/GRIDEYE_SENSING_peer_database.c.o
 .bss.m_n_writes
                0x20003004        0x4 _build/GRIDEYE_SENSING_peer_database.c.o
 .bss.m_module_initialized
                0x20003008        0x1 _build/GRIDEYE_SENSING_peer_database.c.o
 *fill*         0x20003009        0x3 
 .bss.m_write_buffer
                0x2000300c       0x10 _build/GRIDEYE_SENSING_peer_database.c.o
 .bss.mutex_memory.8617
                0x2000301c        0x1 _build/GRIDEYE_SENSING_peer_database.c.o
 *fill*         0x2000301d        0x3 
 .bss.buffer_memory.8616
                0x20003020      0x280 _build/GRIDEYE_SENSING_peer_database.c.o
 .bss.m_module_initialized
                0x200032a0        0x1 _build/GRIDEYE_SENSING_id_manager.c.o
 *fill*         0x200032a1        0x3 
 .bss.m_connections
                0x200032a4       0x60 _build/GRIDEYE_SENSING_id_manager.c.o
 .bss.m_conn_state_user_flag_id
                0x20003304        0x1 _build/GRIDEYE_SENSING_id_manager.c.o
 *fill*         0x20003305        0x3 
 .bss.m_p_public_key
                0x20003308        0x4 _build/GRIDEYE_SENSING_security_manager.c.o
 .bss.m_module_initialized
                0x2000330c        0x1 _build/GRIDEYE_SENSING_security_manager.c.o
 *fill*         0x2000330d        0x3 
 .bss.m_sec_params
                0x20003310        0x5 _build/GRIDEYE_SENSING_security_manager.c.o
 .bss.m_sec_params_valid
                0x20003315        0x1 _build/GRIDEYE_SENSING_security_manager.c.o
 .bss.m_module_initialized
                0x20003316        0x1 _build/GRIDEYE_SENSING_security_dispatcher.c.o
 *fill*         0x20003317        0x1 
 .bss.m_peer_pk
                0x20003318       0x40 _build/GRIDEYE_SENSING_security_dispatcher.c.o
 .bss.m_flag_service_changed_pending
                0x20003358        0x1 _build/GRIDEYE_SENSING_gatt_cache_manager.c.o
 .bss.m_module_initialized
                0x20003359        0x1 _build/GRIDEYE_SENSING_gatt_cache_manager.c.o
 .bss.m_flag_service_changed_sent
                0x2000335a        0x1 _build/GRIDEYE_SENSING_gatt_cache_manager.c.o
 .bss.m_flag_local_db_update_pending
                0x2000335b        0x1 _build/GRIDEYE_SENSING_gatt_cache_manager.c.o
 .bss.m_flag_local_db_apply_pending
                0x2000335c        0x1 _build/GRIDEYE_SENSING_gatt_cache_manager.c.o
 .bss.m_module_initialized
                0x2000335d        0x1 _build/GRIDEYE_SENSING_gatts_cache_manager.c.o
 .bss.m_current_sc_store_peer_id
                0x2000335e        0x2 _build/GRIDEYE_SENSING_gatts_cache_manager.c.o
 .bss.start_handle.8594
                0x20003360        0x2 _build/GRIDEYE_SENSING_gatts_cache_manager.c.o
 *fill*         0x20003362        0x2 
 .bss.m_pi      0x20003364       0x40 _build/GRIDEYE_SENSING_peer_id.c.o
 .bss.m_cb      0x200033a4       0x28 _build/GRIDEYE_SENSING_nrf_drv_twi.c.o
 .bss.__malloc_sbrk_start
                0x200033cc        0x4 c:/program files (x86)/gnu tools arm embedded/4.9 2015q3/bin/../lib/gcc/arm-none-eabi/4.9.3/../../../../arm-none-eabi/lib/armv7e-m/fpu\libc_nano.a(lib_a-nano-mallocr.o)
                0x200033cc                __malloc_sbrk_start
 .bss.__malloc_free_list
                0x200033d0        0x4 c:/program files (x86)/gnu tools arm embedded/4.9 2015q3/bin/../lib/gcc/arm-none-eabi/4.9.3/../../../../arm-none-eabi/lib/armv7e-m/fpu\libc_nano.a(lib_a-nano-mallocr.o)
                0x200033d0                __malloc_free_list
 .bss.heap_end.4079
                0x200033d4        0x4 c:/program files (x86)/gnu tools arm embedded/4.9 2015q3/bin/../lib/gcc/arm-none-eabi/4.9.3/../../../../arm-none-eabi/lib/armv7e-m/fpu\libnosys.a(sbrk.o)
 *(COMMON)
 COMMON         0x200033d8       0x78 _build/GRIDEYE_SENSING_SEGGER_RTT.c.o
                0x200033d8                _SEGGER_RTT
 COMMON         0x20003450        0xc _build/GRIDEYE_SENSING_app_util_platform.c.o
                0x20003450                nrf_nvic_state
 COMMON         0x2000345c        0x4 c:/program files (x86)/gnu tools arm embedded/4.9 2015q3/bin/../lib/gcc/arm-none-eabi/4.9.3/../../../../arm-none-eabi/lib/armv7e-m/fpu\libc_nano.a(lib_a-reent.o)
                0x2000345c                errno
                0x20003460                . = ALIGN (0x4)
                0x20003460                __bss_end__ = .

.heap           0x20003460     0x2000
                0x20003460                __HeapBase = .
                0x20003460                __end__ = .
                0x20003460                PROVIDE (end, .)
 *(.heap*)
 .heap          0x20003460     0x2000 _build/GRIDEYE_SENSING_gcc_startup_nrf52.S.o
                0x20005460                __HeapLimit = .

.stack_dummy    0x20003460     0x2000
 *(.stack*)
 .stack         0x20003460     0x2000 _build/GRIDEYE_SENSING_gcc_startup_nrf52.S.o
                0x20010000                __StackTop = (ORIGIN (RAM) + 0xded8)
                0x2000e000                __StackLimit = (__StackTop - SIZEOF (.stack_dummy))
                0x20010000                PROVIDE (__stack, __StackTop)
                0x00000001                ASSERT ((__StackLimit >= __HeapLimit), region RAM overflowed with stack)
OUTPUT(_build/GRIDEYE_SENSING.out elf32-littlearm)

.ARM.attributes
                0x00000000       0x30
 .ARM.attributes
                0x00000000       0x22 c:/program files (x86)/gnu tools arm embedded/4.9 2015q3/bin/../lib/gcc/arm-none-eabi/4.9.3/armv7e-m/fpu/crti.o
 .ARM.attributes
                0x00000022       0x34 c:/program files (x86)/gnu tools arm embedded/4.9 2015q3/bin/../lib/gcc/arm-none-eabi/4.9.3/armv7e-m/fpu/crtbegin.o
 .ARM.attributes
                0x00000056       0x20 c:/program files (x86)/gnu tools arm embedded/4.9 2015q3/bin/../lib/gcc/arm-none-eabi/4.9.3/../../../../arm-none-eabi/lib/armv7e-m/fpu/crt0.o
 .ARM.attributes
                0x00000076       0x34 c:/program files (x86)/gnu tools arm embedded/4.9 2015q3/bin/../lib/gcc/arm-none-eabi/4.9.3/../../../../arm-none-eabi/lib/armv7e-m/fpu\libc_nano.a(lib_a-exit.o)
 .ARM.attributes
                0x000000aa       0x34 c:/program files (x86)/gnu tools arm embedded/4.9 2015q3/bin/../lib/gcc/arm-none-eabi/4.9.3/../../../../arm-none-eabi/lib/armv7e-m/fpu\libc_nano.a(lib_a-impure.o)
 .ARM.attributes
                0x000000de       0x34 c:/program files (x86)/gnu tools arm embedded/4.9 2015q3/bin/../lib/gcc/arm-none-eabi/4.9.3/../../../../arm-none-eabi/lib/armv7e-m/fpu\libc_nano.a(lib_a-init.o)
 .ARM.attributes
                0x00000112       0x34 c:/program files (x86)/gnu tools arm embedded/4.9 2015q3/bin/../lib/gcc/arm-none-eabi/4.9.3/../../../../arm-none-eabi/lib/armv7e-m/fpu\libc_nano.a(lib_a-memset.o)
 .ARM.attributes
                0x00000146       0x34 c:/program files (x86)/gnu tools arm embedded/4.9 2015q3/bin/../lib/gcc/arm-none-eabi/4.9.3/../../../../arm-none-eabi/lib/armv7e-m/fpu\libnosys.a(_exit.o)
 .ARM.attributes
                0x0000017a       0x1c _build/GRIDEYE_SENSING_gcc_startup_nrf52.S.o
 .ARM.attributes
                0x00000196       0x39 _build/GRIDEYE_SENSING_system_nrf52.c.o
 .ARM.attributes
                0x000001cf       0x39 _build/GRIDEYE_SENSING_main.c.o
 .ARM.attributes
                0x00000208       0x39 _build/GRIDEYE_SENSING_aka_service.c.o
 .ARM.attributes
                0x00000241       0x39 _build/GRIDEYE_SENSING_advertising.c.o
 .ARM.attributes
                0x0000027a       0x39 _build/GRIDEYE_SENSING_beacon.c.o
 .ARM.attributes
                0x000002b3       0x39 _build/GRIDEYE_SENSING_blestack.c.o
 .ARM.attributes
                0x000002ec       0x39 _build/GRIDEYE_SENSING_gaputil.c.o
 .ARM.attributes
                0x00000325       0x39 _build/GRIDEYE_SENSING_peer.c.o
 .ARM.attributes
                0x0000035e       0x39 _build/GRIDEYE_SENSING_storage.c.o
 .ARM.attributes
                0x00000397       0x39 _build/GRIDEYE_SENSING_app_error.c.o
 .ARM.attributes
                0x000003d0       0x39 _build/GRIDEYE_SENSING_SEGGER_RTT.c.o
 .ARM.attributes
                0x00000409       0x39 _build/GRIDEYE_SENSING_nrf_log_backend_serial.c.o
 .ARM.attributes
                0x00000442       0x39 _build/GRIDEYE_SENSING_nrf_log_frontend.c.o
 .ARM.attributes
                0x0000047b       0x39 _build/GRIDEYE_SENSING_app_util_platform.c.o
 .ARM.attributes
                0x000004b4       0x39 _build/GRIDEYE_SENSING_nrf_drv_common.c.o
 .ARM.attributes
                0x000004ed       0x39 _build/GRIDEYE_SENSING_app_timer.c.o
 .ARM.attributes
                0x00000526       0x39 _build/GRIDEYE_SENSING_softdevice_handler.c.o
 .ARM.attributes
                0x0000055f       0x39 _build/GRIDEYE_SENSING_nrf_drv_clock.c.o
 .ARM.attributes
                0x00000598       0x39 _build/GRIDEYE_SENSING_app_button.c.o
 .ARM.attributes
                0x000005d1       0x39 _build/GRIDEYE_SENSING_nrf_drv_gpiote.c.o
 .ARM.attributes
                0x0000060a       0x39 _build/GRIDEYE_SENSING_ble_srv_common.c.o
 .ARM.attributes
                0x00000643       0x39 _build/GRIDEYE_SENSING_ble_conn_state.c.o
 .ARM.attributes
                0x0000067c       0x39 _build/GRIDEYE_SENSING_sdk_mapped_flags.c.o
 .ARM.attributes
                0x000006b5       0x39 _build/GRIDEYE_SENSING_ble_conn_params.c.o
 .ARM.attributes
                0x000006ee       0x39 _build/GRIDEYE_SENSING_fstorage.c.o
 .ARM.attributes
                0x00000727       0x39 _build/GRIDEYE_SENSING_ble_advdata.c.o
 .ARM.attributes
                0x00000760       0x39 _build/GRIDEYE_SENSING_bsp.c.o
 .ARM.attributes
                0x00000799       0x39 _build/GRIDEYE_SENSING_boards.c.o
 .ARM.attributes
                0x000007d2       0x39 _build/GRIDEYE_SENSING_ble_dis.c.o
 .ARM.attributes
                0x0000080b       0x39 _build/GRIDEYE_SENSING_fds.c.o
 .ARM.attributes
                0x00000844       0x39 _build/GRIDEYE_SENSING_nrf_drv_uart.c.o
 .ARM.attributes
                0x0000087d       0x39 _build/GRIDEYE_SENSING_peer_manager.c.o
 .ARM.attributes
                0x000008b6       0x39 _build/GRIDEYE_SENSING_peer_data_storage.c.o
 .ARM.attributes
                0x000008ef       0x39 _build/GRIDEYE_SENSING_peer_database.c.o
 .ARM.attributes
                0x00000928       0x39 _build/GRIDEYE_SENSING_id_manager.c.o
 .ARM.attributes
                0x00000961       0x39 _build/GRIDEYE_SENSING_security_manager.c.o
 .ARM.attributes
                0x0000099a       0x39 _build/GRIDEYE_SENSING_security_dispatcher.c.o
 .ARM.attributes
                0x000009d3       0x39 _build/GRIDEYE_SENSING_gatt_cache_manager.c.o
 .ARM.attributes
                0x00000a0c       0x39 _build/GRIDEYE_SENSING_gatts_cache_manager.c.o
 .ARM.attributes
                0x00000a45       0x39 _build/GRIDEYE_SENSING_peer_id.c.o
 .ARM.attributes
                0x00000a7e       0x39 _build/GRIDEYE_SENSING_pm_buffer.c.o
 .ARM.attributes
                0x00000ab7       0x39 _build/GRIDEYE_SENSING_pm_mutex.c.o
 .ARM.attributes
                0x00000af0       0x39 _build/GRIDEYE_SENSING_nrf_drv_twi.c.o
 .ARM.attributes
                0x00000b29       0x34 c:/program files (x86)/gnu tools arm embedded/4.9 2015q3/bin/../lib/gcc/arm-none-eabi/4.9.3/../../../../arm-none-eabi/lib/armv7e-m/fpu\libc_nano.a(lib_a-ctype_.o)
 .ARM.attributes
                0x00000b5d       0x34 c:/program files (x86)/gnu tools arm embedded/4.9 2015q3/bin/../lib/gcc/arm-none-eabi/4.9.3/../../../../arm-none-eabi/lib/armv7e-m/fpu\libc_nano.a(lib_a-memcmp.o)
 .ARM.attributes
                0x00000b91       0x34 c:/program files (x86)/gnu tools arm embedded/4.9 2015q3/bin/../lib/gcc/arm-none-eabi/4.9.3/../../../../arm-none-eabi/lib/armv7e-m/fpu\libc_nano.a(lib_a-memcpy.o)
 .ARM.attributes
                0x00000bc5       0x34 c:/program files (x86)/gnu tools arm embedded/4.9 2015q3/bin/../lib/gcc/arm-none-eabi/4.9.3/../../../../arm-none-eabi/lib/armv7e-m/fpu\libc_nano.a(lib_a-snprintf.o)
 .ARM.attributes
                0x00000bf9       0x34 c:/program files (x86)/gnu tools arm embedded/4.9 2015q3/bin/../lib/gcc/arm-none-eabi/4.9.3/../../../../arm-none-eabi/lib/armv7e-m/fpu\libc_nano.a(lib_a-strcpy.o)
 .ARM.attributes
                0x00000c2d       0x34 c:/program files (x86)/gnu tools arm embedded/4.9 2015q3/bin/../lib/gcc/arm-none-eabi/4.9.3/../../../../arm-none-eabi/lib/armv7e-m/fpu\libc_nano.a(lib_a-strlen.o)
 .ARM.attributes
                0x00000c61       0x34 c:/program files (x86)/gnu tools arm embedded/4.9 2015q3/bin/../lib/gcc/arm-none-eabi/4.9.3/../../../../arm-none-eabi/lib/armv7e-m/fpu\libc_nano.a(lib_a-nano-svfprintf.o)
 .ARM.attributes
                0x00000c95       0x34 c:/program files (x86)/gnu tools arm embedded/4.9 2015q3/bin/../lib/gcc/arm-none-eabi/4.9.3/../../../../arm-none-eabi/lib/armv7e-m/fpu\libc_nano.a(lib_a-nano-vfprintf_i.o)
 .ARM.attributes
                0x00000cc9       0x34 c:/program files (x86)/gnu tools arm embedded/4.9 2015q3/bin/../lib/gcc/arm-none-eabi/4.9.3/../../../../arm-none-eabi/lib/armv7e-m/fpu\libc_nano.a(lib_a-memchr.o)
 .ARM.attributes
                0x00000cfd       0x34 c:/program files (x86)/gnu tools arm embedded/4.9 2015q3/bin/../lib/gcc/arm-none-eabi/4.9.3/../../../../arm-none-eabi/lib/armv7e-m/fpu\libc_nano.a(lib_a-memmove.o)
 .ARM.attributes
                0x00000d31       0x34 c:/program files (x86)/gnu tools arm embedded/4.9 2015q3/bin/../lib/gcc/arm-none-eabi/4.9.3/../../../../arm-none-eabi/lib/armv7e-m/fpu\libc_nano.a(lib_a-nano-freer.o)
 .ARM.attributes
                0x00000d65       0x34 c:/program files (x86)/gnu tools arm embedded/4.9 2015q3/bin/../lib/gcc/arm-none-eabi/4.9.3/../../../../arm-none-eabi/lib/armv7e-m/fpu\libc_nano.a(lib_a-nano-mallocr.o)
 .ARM.attributes
                0x00000d99       0x34 c:/program files (x86)/gnu tools arm embedded/4.9 2015q3/bin/../lib/gcc/arm-none-eabi/4.9.3/../../../../arm-none-eabi/lib/armv7e-m/fpu\libc_nano.a(lib_a-nano-reallocr.o)
 .ARM.attributes
                0x00000dcd       0x34 c:/program files (x86)/gnu tools arm embedded/4.9 2015q3/bin/../lib/gcc/arm-none-eabi/4.9.3/../../../../arm-none-eabi/lib/armv7e-m/fpu\libc_nano.a(lib_a-sbrkr.o)
 .ARM.attributes
                0x00000e01       0x34 c:/program files (x86)/gnu tools arm embedded/4.9 2015q3/bin/../lib/gcc/arm-none-eabi/4.9.3/../../../../arm-none-eabi/lib/armv7e-m/fpu\libc_nano.a(lib_a-nano-msizer.o)
 .ARM.attributes