Component: ARM Compiler 5.06 update 5 (build 528) Tool: armlink [4d35e2]

==============================================================================

Section Cross References

    main.o(i.begin) refers to main.o(i.readCoef) for readCoef
    main.o(i.main) refers to nrf_log_frontend.o(i.nrf_log_init) for nrf_log_init
    main.o(i.main) refers to app_error.o(i.app_error_handler_bare) for app_error_handler_bare
    main.o(i.main) refers to nrf_log_frontend.o(i.nrf_log_frontend_std_0) for nrf_log_frontend_std_0
    main.o(i.main) refers to nrf_log_frontend.o(i.nrf_log_frontend_dequeue) for nrf_log_frontend_dequeue
    main.o(i.main) refers to main.o(i.twi_init) for twi_init
    main.o(i.main) refers to main.o(i.nrf_delay_ms) for nrf_delay_ms
    main.o(i.main) refers to main.o(i.readCoef) for readCoef
    main.o(i.main) refers to main.o(i.readTemp) for readTemp
    main.o(i.main) refers to nrf_log_frontend.o(i.nrf_log_frontend_std_2) for nrf_log_frontend_std_2
    main.o(i.main) refers to main.o(i.readHpa) for readHpa
    main.o(i.nrf_delay_ms) refers to main.o(i.nrf_delay_us) for nrf_delay_us
    main.o(i.nrf_delay_us) refers to system_nrf52.o(.data) for SystemCoreClock
    main.o(i.readCoef) refers to main.o(i.readI2c) for readI2c
    main.o(i.readCoef) refers to main.o(i.nrf_delay_ms) for nrf_delay_ms
    main.o(i.readCoef) refers to main.o(.data) for .data
    main.o(i.readData) refers to main.o(i.writeI2c) for writeI2c
    main.o(i.readData) refers to main.o(i.nrf_delay_ms) for nrf_delay_ms
    main.o(i.readData) refers to main.o(i.readI2c) for readI2c
    main.o(i.readData) refers to main.o(.data) for .data
    main.o(i.readHpa) refers to main.o(i.readData) for readData
    main.o(i.readHpa) refers to f2d.o(.text) for __aeabi_f2d
    main.o(i.readHpa) refers to pow.o(i.__hardfp_pow) for __hardfp_pow
    main.o(i.readHpa) refers to ddiv.o(.text) for __aeabi_ddiv
    main.o(i.readHpa) refers to d2f.o(.text) for __aeabi_d2f
    main.o(i.readI2c) refers to nrf_drv_twi.o(i.nrf_drv_twi_tx) for nrf_drv_twi_tx
    main.o(i.readI2c) refers to app_error.o(i.app_error_handler_bare) for app_error_handler_bare
    main.o(i.readI2c) refers to main.o(i.nrf_delay_ms) for nrf_delay_ms
    main.o(i.readI2c) refers to nrf_drv_twi.o(i.nrf_drv_twi_rx) for nrf_drv_twi_rx
    main.o(i.readI2c) refers to main.o(.constdata) for .constdata
    main.o(i.readI2c) refers to main.o(.data) for .data
    main.o(i.readTemp) refers to main.o(i.readData) for readData
    main.o(i.twi_handler) refers to main.o(.data) for .data
    main.o(i.twi_init) refers to nrf_drv_twi.o(i.nrf_drv_twi_init) for nrf_drv_twi_init
    main.o(i.twi_init) refers to app_error.o(i.app_error_handler_bare) for app_error_handler_bare
    main.o(i.twi_init) refers to nrf_drv_twi.o(i.nrf_drv_twi_enable) for nrf_drv_twi_enable
    main.o(i.twi_init) refers to main.o(.constdata) for .constdata
    main.o(i.twi_init) refers to main.o(i.twi_handler) for twi_handler
    main.o(i.writeI2c) refers to nrf_drv_twi.o(i.nrf_drv_twi_tx) for nrf_drv_twi_tx
    main.o(i.writeI2c) refers to app_error.o(i.app_error_handler_bare) for app_error_handler_bare
    main.o(i.writeI2c) refers to main.o(.constdata) for .constdata
    main.o(i.writeI2c) refers to main.o(.data) for .data
    boards.o(i.bsp_board_button_idx_to_pin) refers to boards.o(.constdata) for .constdata
    boards.o(i.bsp_board_button_state_get) refers to boards.o(.constdata) for .constdata
    boards.o(i.bsp_board_buttons_init) refers to boards.o(i.nrf_gpio_cfg) for nrf_gpio_cfg
    boards.o(i.bsp_board_buttons_init) refers to boards.o(.constdata) for .constdata
    boards.o(i.bsp_board_led_idx_to_pin) refers to boards.o(.constdata) for .constdata
    boards.o(i.bsp_board_led_invert) refers to boards.o(.constdata) for .constdata
    boards.o(i.bsp_board_led_off) refers to boards.o(i.nrf_gpio_pin_write) for nrf_gpio_pin_write
    boards.o(i.bsp_board_led_off) refers to boards.o(.constdata) for .constdata
    boards.o(i.bsp_board_led_on) refers to boards.o(i.nrf_gpio_pin_write) for nrf_gpio_pin_write
    boards.o(i.bsp_board_led_on) refers to boards.o(.constdata) for .constdata
    boards.o(i.bsp_board_led_state_get) refers to boards.o(.constdata) for .constdata
    boards.o(i.bsp_board_leds_init) refers to boards.o(i.nrf_gpio_cfg) for nrf_gpio_cfg
    boards.o(i.bsp_board_leds_init) refers to boards.o(i.bsp_board_leds_off) for bsp_board_leds_off
    boards.o(i.bsp_board_leds_init) refers to boards.o(.constdata) for .constdata
    boards.o(i.bsp_board_leds_off) refers to boards.o(i.bsp_board_led_off) for bsp_board_led_off
    boards.o(i.bsp_board_leds_on) refers to boards.o(i.bsp_board_led_on) for bsp_board_led_on
    boards.o(i.bsp_board_pin_to_button_idx) refers to boards.o(.constdata) for .constdata
    boards.o(i.bsp_board_pin_to_led_idx) refers to boards.o(.constdata) for .constdata
    nrf_drv_twi.o(i.SPIM0_SPIS0_TWIM0_TWIS0_SPI0_TWI0_IRQHandler) refers to nrf_drv_twi.o(i.irq_handler_twim) for irq_handler_twim
[...]
    printf8.o(i.__0vsprintf$8) refers to printf8.o(i._sputc) for _sputc
    printf8.o(i._printf_core) refers to printf8.o(i._printf_pre_padding) for _printf_pre_padding
    printf8.o(i._printf_core) refers to uldiv.o(.text) for __aeabi_uldivmod
    printf8.o(i._printf_core) refers to printf8.o(i._printf_post_padding) for _printf_post_padding
    printfa.o(i.__0fprintf) refers (Special) to iusefp.o(.text) for __I$use$fp
    printfa.o(i.__0fprintf) refers to printfa.o(i._printf_core) for _printf_core
    printfa.o(i.__0fprintf) refers to fputc.o(i.fputc) for fputc
    printfa.o(i.__0printf) refers (Special) to iusefp.o(.text) for __I$use$fp
    printfa.o(i.__0printf) refers to printfa.o(i._printf_core) for _printf_core
    printfa.o(i.__0printf) refers to fputc.o(i.fputc) for fputc
    printfa.o(i.__0printf) refers to stdout.o(.data) for __stdout
    printfa.o(i.__0snprintf) refers (Special) to iusefp.o(.text) for __I$use$fp
    printfa.o(i.__0snprintf) refers to printfa.o(i._printf_core) for _printf_core
    printfa.o(i.__0snprintf) refers to printfa.o(i._snputc) for _snputc
    printfa.o(i.__0sprintf) refers (Special) to iusefp.o(.text) for __I$use$fp
    printfa.o(i.__0sprintf) refers to printfa.o(i._printf_core) for _printf_core
    printfa.o(i.__0sprintf) refers to printfa.o(i._sputc) for _sputc
    printfa.o(i.__0vfprintf) refers (Special) to iusefp.o(.text) for __I$use$fp
    printfa.o(i.__0vfprintf) refers to printfa.o(i._printf_core) for _printf_core
    printfa.o(i.__0vfprintf) refers to fputc.o(i.fputc) for fputc
    printfa.o(i.__0vprintf) refers (Special) to iusefp.o(.text) for __I$use$fp
    printfa.o(i.__0vprintf) refers to printfa.o(i._printf_core) for _printf_core
    printfa.o(i.__0vprintf) refers to fputc.o(i.fputc) for fputc
    printfa.o(i.__0vprintf) refers to stdout.o(.data) for __stdout
    printfa.o(i.__0vsnprintf) refers (Special) to iusefp.o(.text) for __I$use$fp
    printfa.o(i.__0vsnprintf) refers to printfa.o(i._printf_core) for _printf_core
    printfa.o(i.__0vsnprintf) refers to printfa.o(i._snputc) for _snputc
    printfa.o(i.__0vsprintf) refers (Special) to iusefp.o(.text) for __I$use$fp
    printfa.o(i.__0vsprintf) refers to printfa.o(i._printf_core) for _printf_core
    printfa.o(i.__0vsprintf) refers to printfa.o(i._sputc) for _sputc
    printfa.o(i._fp_digits) refers (Special) to iusefp.o(.text) for __I$use$fp
    printfa.o(i._fp_digits) refers to dmul.o(.text) for __aeabi_dmul
    printfa.o(i._fp_digits) refers to ddiv.o(.text) for __aeabi_ddiv
    printfa.o(i._fp_digits) refers to cdrcmple.o(.text) for __aeabi_cdrcmple
    printfa.o(i._fp_digits) refers to dadd.o(.text) for __aeabi_dadd
    printfa.o(i._fp_digits) refers to dfixul.o(.text) for __aeabi_d2ulz
    printfa.o(i._fp_digits) refers to uldiv.o(.text) for __aeabi_uldivmod
    printfa.o(i._printf_core) refers (Special) to iusefp.o(.text) for __I$use$fp
    printfa.o(i._printf_core) refers to printfa.o(i._printf_pre_padding) for _printf_pre_padding
    printfa.o(i._printf_core) refers to uldiv.o(.text) for __aeabi_uldivmod
    printfa.o(i._printf_core) refers to printfa.o(i._printf_post_padding) for _printf_post_padding
    printfa.o(i._printf_core) refers to printfa.o(i._fp_digits) for _fp_digits
    printfa.o(i._printf_core) refers to uidiv.o(.text) for __aeabi_uidivmod
    printfa.o(i._printf_post_padding) refers (Special) to iusefp.o(.text) for __I$use$fp
    printfa.o(i._printf_pre_padding) refers (Special) to iusefp.o(.text) for __I$use$fp
    printfa.o(i._snputc) refers (Special) to iusefp.o(.text) for __I$use$fp
    printfa.o(i._sputc) refers (Special) to iusefp.o(.text) for __I$use$fp
    ddiv.o(.text) refers (Special) to iusefp.o(.text) for __I$use$fp
    ddiv.o(.text) refers to depilogue.o(.text) for _double_round
    f2d.o(.text) refers (Special) to iusefp.o(.text) for __I$use$fp
    d2f.o(.text) refers (Special) to iusefp.o(.text) for __I$use$fp
    d2f.o(.text) refers to fepilogue.o(.text) for _float_round
    dunder.o(i.__mathlib_dbl_divzero) refers to ddiv.o(.text) for __aeabi_ddiv
    dunder.o(i.__mathlib_dbl_infnan) refers to dadd.o(.text) for __aeabi_dadd
    dunder.o(i.__mathlib_dbl_infnan2) refers to dadd.o(.text) for __aeabi_dadd
    dunder.o(i.__mathlib_dbl_invalid) refers to ddiv.o(.text) for __aeabi_ddiv
    dunder.o(i.__mathlib_dbl_overflow) refers to dmul.o(.text) for __aeabi_dmul
    dunder.o(i.__mathlib_dbl_posinfnan) refers to dmul.o(.text) for __aeabi_dmul
    dunder.o(i.__mathlib_dbl_underflow) refers to dmul.o(.text) for __aeabi_dmul
    fabs.o(i.__hardfp_fabs) refers (Special) to iusefp.o(.text) for __I$use$fp
    fabs.o(i.__softfp_fabs) refers (Special) to iusefp.o(.text) for __I$use$fp
    fabs.o(i.fabs) refers (Special) to iusefp.o(.text) for __I$use$fp
    fpclassify.o(i.__ARM_fpclassify) refers (Special) to iusefp.o(.text) for __I$use$fp
    poly.o(i.__kernel_poly) refers (Special) to iusefp.o(.text) for __I$use$fp
    poly.o(i.__kernel_poly) refers to dmul.o(.text) for __aeabi_dmul
    poly.o(i.__kernel_poly) refers to dadd.o(.text) for __aeabi_dadd
    qnan.o(.constdata) refers (Special) to iusefp.o(.text) for __I$use$fp
    sqrt.o(i.__hardfp_sqrt) refers (Special) to iusefp.o(.text) for __I$use$fp
    sqrt.o(i.__hardfp_sqrt) refers to dsqrt.o(.text) for _dsqrt
    sqrt.o(i.__hardfp_sqrt) refers to errno.o(i.__set_errno) for __set_errno
    sqrt.o(i.__softfp_sqrt) refers (Special) to iusefp.o(.text) for __I$use$fp
    sqrt.o(i.__softfp_sqrt) refers to dsqrt.o(.text) for _dsqrt
    sqrt.o(i.__softfp_sqrt) refers to errno.o(i.__set_errno) for __set_errno
    sqrt.o(i.sqrt) refers (Special) to iusefp.o(.text) for __I$use$fp
    sqrt.o(i.sqrt) refers to dsqrt.o(.text) for _dsqrt
    sqrt.o(i.sqrt) refers to errno.o(i.__set_errno) for __set_errno
    sqrt_x.o(i.____hardfp_sqrt$lsc) refers (Special) to iusefp.o(.text) for __I$use$fp
    sqrt_x.o(i.____hardfp_sqrt$lsc) refers to cdcmple.o(.text) for __aeabi_cdcmple
    sqrt_x.o(i.____hardfp_sqrt$lsc) refers to errno.o(i.__set_errno) for __set_errno
    sqrt_x.o(i.____hardfp_sqrt$lsc) refers to dsqrt.o(.text) for _dsqrt
    sqrt_x.o(i.____softfp_sqrt$lsc) refers (Special) to iusefp.o(.text) for __I$use$fp
    sqrt_x.o(i.____softfp_sqrt$lsc) refers to cdcmple.o(.text) for __aeabi_cdcmple
    sqrt_x.o(i.____softfp_sqrt$lsc) refers to errno.o(i.__set_errno) for __set_errno
    sqrt_x.o(i.____softfp_sqrt$lsc) refers to dsqrt.o(.text) for _dsqrt
    sqrt_x.o(i.__sqrt$lsc) refers (Special) to iusefp.o(.text) for __I$use$fp
    sqrt_x.o(i.__sqrt$lsc) refers to cdcmple.o(.text) for __aeabi_cdcmple
    sqrt_x.o(i.__sqrt$lsc) refers to errno.o(i.__set_errno) for __set_errno
    sqrt_x.o(i.__sqrt$lsc) refers to dsqrt.o(.text) for _dsqrt
    entry2.o(.ARM.Collect$$$$00000001) refers to entry2.o(.ARM.Collect$$$$00002712) for __lit__00000000
    entry2.o(.ARM.Collect$$$$00002712) refers to arm_startup_nrf52.o(STACK) for __initial_sp
    entry2.o(__vectab_stack_and_reset_area) refers to arm_startup_nrf52.o(STACK) for __initial_sp
    entry2.o(__vectab_stack_and_reset_area) refers to entry.o(.ARM.Collect$$$$00000000) for __main
    entry5.o(.ARM.Collect$$$$00000004) refers to init.o(.text) for __scatterload
    entry9a.o(.ARM.Collect$$$$0000000B) refers to main.o(i.main) for main
    entry9b.o(.ARM.Collect$$$$0000000C) refers to main.o(i.main) for main
    fputc.o(i.fputc) refers (Special) to iusesemip.o(.text) for __I$use$semihosting$fputc
    fputc.o(i.fputc) refers (Special) to semi.o(.text) for __semihosting_library_function
    uldiv.o(.text) refers to llushr.o(.text) for __aeabi_llsr
    uldiv.o(.text) refers to llshl.o(.text) for __aeabi_llsl
    errno.o(i.__aeabi_errno_addr) refers to errno.o(.data) for .data
    errno.o(i.__read_errno) refers to errno.o(.data) for .data
    errno.o(i.__set_errno) refers to errno.o(.data) for .data
    depilogue.o(.text) refers to llshl.o(.text) for __aeabi_llsl
    depilogue.o(.text) refers to llushr.o(.text) for __aeabi_llsr
    dadd.o(.text) refers to llshl.o(.text) for __aeabi_llsl
    dadd.o(.text) refers to llsshr.o(.text) for __aeabi_lasr
    dadd.o(.text) refers to depilogue.o(.text) for _double_epilogue
    dmul.o(.text) refers to depilogue.o(.text) for _double_epilogue
    dflti.o(.text) refers to depilogue.o(.text) for _double_epilogue
    dfixul.o(.text) refers to llushr.o(.text) for __aeabi_llsr
    dfixul.o(.text) refers to llshl.o(.text) for __aeabi_llsl
    init.o(.text) refers to entry5.o(.ARM.Collect$$$$00000004) for __main_after_scatterload
    dsqrt.o(.text) refers to llushr.o(.text) for __aeabi_llsr
    dsqrt.o(.text) refers to depilogue.o(.text) for _double_round


==============================================================================

Removing Unused input sections from the image.

    Removing main.o(.rev16_text), (4 bytes).
    Removing main.o(.revsh_text), (4 bytes).
    Removing main.o(.rrx_text), (6 bytes).
    Removing main.o(i.begin), (4 bytes).
    Removing boards.o(.rev16_text), (4 bytes).
    Removing boards.o(.revsh_text), (4 bytes).
    Removing boards.o(.rrx_text), (6 bytes).
    Removing boards.o(i.bsp_board_button_idx_to_pin), (12 bytes).
    Removing boards.o(i.bsp_board_button_state_get), (32 bytes).
    Removing boards.o(i.bsp_board_buttons_init), (36 bytes).
    Removing boards.o(i.bsp_board_led_idx_to_pin), (12 bytes).
    Removing boards.o(i.bsp_board_led_invert), (36 bytes).
    Removing boards.o(i.bsp_board_led_off), (16 bytes).
    Removing boards.o(i.bsp_board_led_on), (16 bytes).
    Removing boards.o(i.bsp_board_led_state_get), (32 bytes).
    Removing boards.o(i.bsp_board_leds_init), (44 bytes).
    Removing boards.o(i.bsp_board_leds_off), (18 bytes).
    Removing boards.o(i.bsp_board_leds_on), (18 bytes).
    Removing boards.o(i.bsp_board_pin_to_button_idx), (36 bytes).
    Removing boards.o(i.bsp_board_pin_to_led_idx), (36 bytes).
    Removing boards.o(i.nrf_gpio_cfg), (36 bytes).
    Removing boards.o(i.nrf_gpio_pin_write), (22 bytes).
    Removing boards.o(.constdata), (8 bytes).
    Removing nrf_drv_common.o(.rev16_text), (4 bytes).
    Removing nrf_drv_common.o(.revsh_text), (4 bytes).
    Removing nrf_drv_common.o(.rrx_text), (6 bytes).
    Removing nrf_drv_twi.o(.rev16_text), (4 bytes).
    Removing nrf_drv_twi.o(.revsh_text), (4 bytes).
    Removing nrf_drv_twi.o(.rrx_text), (6 bytes).
    Removing nrf_drv_twi.o(i.nrf_drv_twi_data_count_get), (4 bytes).
    Removing nrf_drv_twi.o(i.nrf_drv_twi_disable), (48 bytes).
    Removing nrf_drv_twi.o(i.nrf_drv_twi_start_task_get), (16 bytes).
    Removing nrf_drv_twi.o(i.nrf_drv_twi_stopped_event_get), (8 bytes).
    Removing nrf_drv_twi.o(i.nrf_drv_twi_uninit), (108 bytes).
    Removing nrf_drv_twi.o(.constdata), (17 bytes).
    Removing nrf_drv_twi.o(.constdata), (10 bytes).
    Removing nrf_drv_twi.o(.constdata), (17 bytes).
    Removing nrf_drv_uart.o(.rev16_text), (4 bytes).
    Removing nrf_drv_uart.o(.revsh_text), (4 bytes).
    Removing nrf_drv_uart.o(.rrx_text), (6 bytes).
    Removing nrf_drv_uart.o(i.nrf_drv_uart_errorsrc_get), (48 bytes).
    Removing nrf_drv_uart.o(i.nrf_drv_uart_rx), (176 bytes).
    Removing nrf_drv_uart.o(i.nrf_drv_uart_rx_abort), (40 bytes).
    Removing nrf_drv_uart.o(i.nrf_drv_uart_rx_disable), (36 bytes).
    Removing nrf_drv_uart.o(i.nrf_drv_uart_rx_enable), (48 bytes).
    Removing nrf_drv_uart.o(i.nrf_drv_uart_rx_for_uart), (168 bytes).
    Removing nrf_drv_uart.o(i.nrf_drv_uart_rx_for_uarte), (176 bytes).
    Removing nrf_drv_uart.o(i.nrf_drv_uart_tx_abort), (88 bytes).
    Removing nrf_drv_uart.o(i.rx_enable), (32 bytes).
    Removing nrf_drv_uart.o(.constdata), (18 bytes).
    Removing nrf_drv_uart.o(.constdata), (25 bytes).
    Removing nrf_drv_uart.o(.constdata), (26 bytes).
    Removing nrf_drv_uart.o(.constdata), (16 bytes).
    Removing nrf_drv_uart.o(.constdata), (25 bytes).
    Removing nrf_drv_uart.o(.constdata), (26 bytes).
    Removing nrf_drv_uart.o(.constdata), (16 bytes).
    Removing app_error.o(.rev16_text), (4 bytes).
    Removing app_error.o(.revsh_text), (4 bytes).
    Removing app_error.o(.rrx_text), (6 bytes).
    Removing app_error.o(i.app_error_handler), (24 bytes).
    Removing app_error.o(i.app_error_save_and_stop), (100 bytes).
    Removing app_error.o(.bss), (32 bytes).
    Removing app_error_weak.o(.rev16_text), (4 bytes).
    Removing app_error_weak.o(.revsh_text), (4 bytes).
    Removing app_error_weak.o(.rrx_text), (6 bytes).
    Removing app_util_platform.o(.rev16_text), (4 bytes).
    Removing app_util_platform.o(.revsh_text), (4 bytes).
    Removing app_util_platform.o(.rrx_text), (6 bytes).
    Removing nrf_assert.o(.rev16_text), (4 bytes).
    Removing nrf_assert.o(.revsh_text), (4 bytes).
    Removing nrf_assert.o(.rrx_text), (6 bytes).
    Removing nrf_assert.o(i.assert_nrf_callback), (22 bytes).
    Removing sdk_errors.o(.conststring), (403 bytes).
    Removing sdk_errors.o(.conststring), (282 bytes).
    Removing sdk_errors.o(.conststring), (88 bytes).
    Removing sdk_errors.o(.data), (72 bytes).
    Removing sdk_errors.o(.data), (36 bytes).
    Removing sdk_errors.o(.data), (12 bytes).
    Removing nrf_log_backend_serial.o(.rev16_text), (4 bytes).
    Removing nrf_log_backend_serial.o(.revsh_text), (4 bytes).
    Removing nrf_log_backend_serial.o(.rrx_text), (6 bytes).
    Removing nrf_log_backend_serial.o(i.nrf_log_backend_getchar), (52 bytes).
    Removing nrf_log_backend_serial.o(.constdata), (5 bytes).
    Removing nrf_log_frontend.o(.rev16_text), (4 bytes).
    Removing nrf_log_frontend.o(.revsh_text), (4 bytes).
    Removing nrf_log_frontend.o(.rrx_text), (6 bytes).
    Removing nrf_log_frontend.o(i.cont_buf_prealloc), (116 bytes).
    Removing nrf_log_frontend.o(i.nrf_log_frontend_hexdump), (144 bytes).
    Removing nrf_log_frontend.o(i.nrf_log_frontend_std_1), (88 bytes).
    Removing nrf_log_frontend.o(i.nrf_log_frontend_std_3), (124 bytes).
    Removing nrf_log_frontend.o(i.nrf_log_frontend_std_4), (136 bytes).
    Removing nrf_log_frontend.o(i.nrf_log_frontend_std_5), (152 bytes).
    Removing nrf_log_frontend.o(i.nrf_log_frontend_std_6), (164 bytes).
    Removing nrf_log_frontend.o(i.nrf_log_getchar), (4 bytes).
    Removing nrf_log_frontend.o(i.nrf_log_push), (96 bytes).
    Removing segger_rtt.o(.rev16_text), (4 bytes).
    Removing segger_rtt.o(.revsh_text), (4 bytes).
    Removing segger_rtt.o(.rrx_text), (6 bytes).
    Removing segger_rtt.o(i.SEGGER_RTT_ConfigDownBuffer), (92 bytes).
    Removing segger_rtt.o(i.SEGGER_RTT_ConfigUpBuffer), (92 bytes).
    Removing segger_rtt.o(i.SEGGER_RTT_GetKey), (28 bytes).
    Removing segger_rtt.o(i.SEGGER_RTT_HasData), (24 bytes).
    Removing segger_rtt.o(i.SEGGER_RTT_HasKey), (32 bytes).
    Removing segger_rtt.o(i.SEGGER_RTT_Init), (20 bytes).
    Removing segger_rtt.o(i.SEGGER_RTT_Read), (38 bytes).
    Removing segger_rtt.o(i.SEGGER_RTT_ReadNoLock), (124 bytes).
    Removing segger_rtt.o(i.SEGGER_RTT_SetNameDownBuffer), (60 bytes).
    Removing segger_rtt.o(i.SEGGER_RTT_SetNameUpBuffer), (60 bytes).
    Removing segger_rtt.o(i.SEGGER_RTT_SetTerminal), (132 bytes).
    Removing segger_rtt.o(i.SEGGER_RTT_TerminalOut), (172 bytes).
    Removing segger_rtt.o(i.SEGGER_RTT_WaitKey), (14 bytes).
    Removing segger_rtt.o(i.SEGGER_RTT_Write), (52 bytes).
    Removing segger_rtt.o(i.SEGGER_RTT_WriteNoLock), (92 bytes).
    Removing segger_rtt.o(i.SEGGER_RTT_WriteSkipNoLock), (116 bytes).
    Removing segger_rtt.o(i.SEGGER_RTT_WriteString), (26 bytes).
    Removing segger_rtt.o(i._DoInit), (104 bytes).
    Removing segger_rtt.o(i._GetAvailWriteSpace), (22 bytes).
    Removing segger_rtt.o(i._PostTerminalSwitch), (32 bytes).
    Removing segger_rtt.o(i._WriteBlocking), (90 bytes).
    Removing segger_rtt.o(i._WriteNoCheck), (62 bytes).
    Removing segger_rtt.o(.bss), (200 bytes).
    Removing segger_rtt.o(.data), (17 bytes).
    Removing arm_startup_nrf52.o(HEAP), (8192 bytes).
    Removing system_nrf52.o(.rev16_text), (4 bytes).
    Removing system_nrf52.o(.revsh_text), (4 bytes).
    Removing system_nrf52.o(.rrx_text), (6 bytes).
    Removing system_nrf52.o(i.SystemCoreClockUpdate), (16 bytes).
    Removing dneg.o(.text), (6 bytes).
    Removing dfixul.o(.text), (48 bytes).
    Removing cdcmple.o(.text), (48 bytes).

130 unused section(s) (total 13951 bytes) removed from the image.

==============================================================================

Image Symbol Table

    Local Symbols

    Symbol Name                              Value     Ov Type        Size  Object(Section)

    RESET                                    0x00000000   Section     1024  arm_startup_nrf52.o(RESET)
    ../clib/microlib/ctype/ctype.c           0x00000000   Number         0  isalnum_o.o ABSOLUTE
    ../clib/microlib/ctype/ctype.c           0x00000000   Number         0  isupper_o.o ABSOLUTE
    ../clib/microlib/ctype/ctype.c           0x00000000   Number         0  ispunct_o.o ABSOLUTE
    ../clib/microlib/ctype/ctype.c           0x00000000   Number         0  isspace_o.o ABSOLUTE
    ../clib/microlib/ctype/ctype.c           0x00000000   Number         0  ctype_o.o ABSOLUTE
    ../clib/microlib/ctype/ctype.c           0x00000000   Number         0  isalpha_o.o ABSOLUTE
    ../clib/microlib/ctype/ctype.c           0x00000000   Number         0  isblank_o.o ABSOLUTE
    ../clib/microlib/ctype/ctype.c           0x00000000   Number         0  iscntrl_o.o ABSOLUTE
    ../clib/microlib/ctype/ctype.c           0x00000000   Number         0  islower_o.o ABSOLUTE
    ../clib/microlib/ctype/ctype.c           0x00000000   Number         0  isdigit_o.o ABSOLUTE
    ../clib/microlib/ctype/ctype.c           0x00000000   Number         0  isgraph_o.o ABSOLUTE
    ../clib/microlib/ctype/ctype.c           0x00000000   Number         0  isxdigit_o.o ABSOLUTE
    ../clib/microlib/ctype/ctype.c           0x00000000   Number         0  isprint_o.o ABSOLUTE
    ../clib/microlib/division.c              0x00000000   Number         0  uldiv.o ABSOLUTE
    ../clib/microlib/division.c              0x00000000   Number         0  uidiv.o ABSOLUTE
    ../clib/microlib/errno.c                 0x00000000   Number         0  errno.o ABSOLUTE
    ../clib/microlib/init/entry.s            0x00000000   Number         0  entry11b.o ABSOLUTE
    ../clib/microlib/init/entry.s            0x00000000   Number         0  entry10a.o ABSOLUTE
    ../clib/microlib/init/entry.s            0x00000000   Number         0  entry11a.o ABSOLUTE
    ../clib/microlib/init/entry.s            0x00000000   Number         0  entry7a.o ABSOLUTE
    ../clib/microlib/init/entry.s            0x00000000   Number         0  entry7b.o ABSOLUTE
    ../clib/microlib/init/entry.s            0x00000000   Number         0  entry.o ABSOLUTE
    ../clib/microlib/init/entry.s            0x00000000   Number         0  entry2.o ABSOLUTE
    ../clib/microlib/init/entry.s            0x00000000   Number         0  entry5.o ABSOLUTE
    ../clib/microlib/init/entry.s            0x00000000   Number         0  entry8a.o ABSOLUTE
    ../clib/microlib/init/entry.s            0x00000000   Number         0  entry8b.o ABSOLUTE
    ../clib/microlib/init/entry.s            0x00000000   Number         0  entry10b.o ABSOLUTE
    ../clib/microlib/init/entry.s            0x00000000   Number         0  entry9a.o ABSOLUTE
    ../clib/microlib/init/entry.s            0x00000000   Number         0  entry9b.o ABSOLUTE
    ../clib/microlib/longlong.c              0x00000000   Number         0  llshl.o ABSOLUTE
    ../clib/microlib/longlong.c              0x00000000   Number         0  llushr.o ABSOLUTE
    ../clib/microlib/longlong.c              0x00000000   Number         0  llsshr.o ABSOLUTE
    ../clib/microlib/printf/printf.c         0x00000000   Number         0  printf0.o ABSOLUTE
    ../clib/microlib/printf/printf.c         0x00000000   Number         0  printf8.o ABSOLUTE
    ../clib/microlib/printf/printf.c         0x00000000   Number         0  printf2.o ABSOLUTE
    ../clib/microlib/printf/printf.c         0x00000000   Number         0  printf7.o ABSOLUTE
    ../clib/microlib/printf/printf.c         0x00000000   Number         0  printf1.o ABSOLUTE
    ../clib/microlib/printf/printf.c         0x00000000   Number         0  printf5.o ABSOLUTE
    ../clib/microlib/printf/printf.c         0x00000000   Number         0  printf4.o ABSOLUTE
    ../clib/microlib/printf/printf.c         0x00000000   Number         0  printf3.o ABSOLUTE
    ../clib/microlib/printf/printf.c         0x00000000   Number         0  printf6.o ABSOLUTE
    ../clib/microlib/printf/printf.c         0x00000000   Number         0  printfb.o ABSOLUTE
    ../clib/microlib/printf/printf.c         0x00000000   Number         0  printfa.o ABSOLUTE
    ../clib/microlib/printf/stubs.s          0x00000000   Number         0  stubs.o ABSOLUTE
    ../clib/microlib/stdio/fputc.c           0x00000000   Number         0  fputc.o ABSOLUTE
    ../clib/microlib/stdio/semi.s            0x00000000   Number         0  semi.o ABSOLUTE
    ../clib/microlib/stdio/streams.c         0x00000000   Number         0  stdout.o ABSOLUTE
    ../clib/microlib/string/memcpy.c         0x00000000   Number         0  memcpya.o ABSOLUTE
    ../clib/microlib/string/memcpy.c         0x00000000   Number         0  memcpyb.o ABSOLUTE
    ../clib/microlib/string/strcpy.c         0x00000000   Number         0  strcpy.o ABSOLUTE
    ../clib/microlib/string/strlen.c         0x00000000   Number         0  strlen.o ABSOLUTE
    ../clib/microlib/stubs.s                 0x00000000   Number         0  iusesemip.o ABSOLUTE
    ../clib/microlib/stubs.s                 0x00000000   Number         0  iusefp.o ABSOLUTE
    ../fplib/microlib/d2f.c                  0x00000000   Number         0  d2f.o ABSOLUTE
    ../fplib/microlib/f2d.c                  0x00000000   Number         0  f2d.o ABSOLUTE
    ../fplib/microlib/fpadd.c                0x00000000   Number         0  dadd.o ABSOLUTE
    ../fplib/microlib/fpdiv.c                0x00000000   Number         0  ddiv.o ABSOLUTE
    ../fplib/microlib/fpepilogue.c           0x00000000   Number         0  fepilogue.o ABSOLUTE
    ../fplib/microlib/fpepilogue.c           0x00000000   Number         0  depilogue.o ABSOLUTE
    ../fplib/microlib/fpfix.c                0x00000000   Number         0  dfixul.o ABSOLUTE
    ../fplib/microlib/fpflt.c                0x00000000   Number         0  dflti.o ABSOLUTE
    ../fplib/microlib/fpmul.c                0x00000000   Number         0  dmul.o ABSOLUTE
    ../fplib/microlib/fpneg.c                0x00000000   Number         0  dneg.o ABSOLUTE
    ../fplib/microlib/fpscalb.c              0x00000000   Number         0  dscalb.o ABSOLUTE
    ../fplib/microlib/fpsqrt.c               0x00000000   Number         0  dsqrt.o ABSOLUTE
    ../mathlib/dunder.c                      0x00000000   Number         0  dunder.o ABSOLUTE
    ../mathlib/fabs.c                        0x00000000   Number         0  fabs.o ABSOLUTE
    ../mathlib/fpclassify.c                  0x00000000   Number         0  fpclassify.o ABSOLUTE
    ../mathlib/poly.c                        0x00000000   Number         0  poly.o ABSOLUTE
    ../mathlib/pow.c                         0x00000000   Number         0  pow.o ABSOLUTE
    ../mathlib/pow.c                         0x00000000   Number         0  pow_x.o ABSOLUTE
    ../mathlib/qnan.c                        0x00000000   Number         0  qnan.o ABSOLUTE
    ../mathlib/sqrt.c                        0x00000000   Number         0  sqrt_x.o ABSOLUTE
    ../mathlib/sqrt.c                        0x00000000   Number         0  sqrt.o ABSOLUTE
    ..\..\..\..\..\..\components\boards\boards.c 0x00000000   Number         0  boards.o ABSOLUTE
    ..\..\..\..\..\..\components\drivers_nrf\common\nrf_drv_common.c 0x00000000   Number         0  nrf_drv_common.o ABSOLUTE
    ..\..\..\..\..\..\components\drivers_nrf\twi_master\nrf_drv_twi.c 0x00000000   Number         0  nrf_drv_twi.o ABSOLUTE
    ..\..\..\..\..\..\components\drivers_nrf\uart\nrf_drv_uart.c 0x00000000   Number         0  nrf_drv_uart.o ABSOLUTE
    ..\..\..\..\..\..\components\libraries\log\src\nrf_log_backend_serial.c 0x00000000   Number         0  nrf_log_backend_serial.o ABSOLUTE
    ..\..\..\..\..\..\components\libraries\log\src\nrf_log_frontend.c 0x00000000   Number         0  nrf_log_frontend.o ABSOLUTE
    ..\..\..\..\..\..\components\libraries\util\app_error.c 0x00000000   Number         0  app_error.o ABSOLUTE
    ..\..\..\..\..\..\components\libraries\util\app_error_weak.c 0x00000000   Number         0  app_error_weak.o ABSOLUTE
    ..\..\..\..\..\..\components\libraries\util\app_util_platform.c 0x00000000   Number         0  app_util_platform.o ABSOLUTE
    ..\..\..\..\..\..\components\libraries\util\nrf_assert.c 0x00000000   Number         0  nrf_assert.o ABSOLUTE
    ..\..\..\..\..\..\components\libraries\util\sdk_errors.c 0x00000000   Number         0  sdk_errors.o ABSOLUTE
    ..\..\..\..\..\..\external\segger_rtt\RTT_Syscalls_KEIL.c 0x00000000   Number         0  rtt_syscalls_keil.o ABSOLUTE
    ..\..\..\..\..\..\external\segger_rtt\SEGGER_RTT.c 0x00000000   Number         0  segger_rtt.o ABSOLUTE
    ..\..\..\..\..\..\external\segger_rtt\SEGGER_RTT_printf.c 0x00000000   Number         0  segger_rtt_printf.o ABSOLUTE
    ..\..\..\main.c                          0x00000000   Number         0  main.o ABSOLUTE
    ..\\..\\..\\..\\..\\..\\components\\boards\\boards.c 0x00000000   Number         0  boards.o ABSOLUTE
    ..\\..\\..\\..\\..\\..\\components\\drivers_nrf\\common\\nrf_drv_common.c 0x00000000   Number         0  nrf_drv_common.o ABSOLUTE
    ..\\..\\..\\..\\..\\..\\components\\drivers_nrf\\twi_master\\nrf_drv_twi.c 0x00000000   Number         0  nrf_drv_twi.o ABSOLUTE
    ..\\..\\..\\..\\..\\..\\components\\drivers_nrf\\uart\\nrf_drv_uart.c 0x00000000   Number         0  nrf_drv_uart.o ABSOLUTE
    ..\\..\\..\\..\\..\\..\\components\\libraries\\log\\src\\nrf_log_backend_serial.c 0x00000000   Number         0  nrf_log_backend_serial.o ABSOLUTE
    ..\\..\\..\\..\\..\\..\\components\\libraries\\log\\src\\nrf_log_frontend.c 0x00000000   Number         0  nrf_log_frontend.o ABSOLUTE
    ..\\..\\..\\..\\..\\..\\components\\libraries\\util\\app_error.c 0x00000000   Number         0  app_error.o ABSOLUTE
    ..\\..\\..\\..\\..\\..\\components\\libraries\\util\\app_error_weak.c 0x00000000   Number         0  app_error_weak.o ABSOLUTE
    ..\\..\\..\\..\\..\\..\\components\\libraries\\util\\app_util_platform.c 0x00000000   Number         0  app_util_platform.o ABSOLUTE
    ..\\..\\..\\..\\..\\..\\components\\libraries\\util\\nrf_assert.c 0x00000000   Number         0  nrf_assert.o ABSOLUTE
    ..\\..\\..\\..\\..\\..\\external\\segger_rtt\\SEGGER_RTT.c 0x00000000   Number         0  segger_rtt.o ABSOLUTE
    ..\\..\\..\\main.c                       0x00000000   Number         0  main.o ABSOLUTE
    RTE\Device\nRF52832_xxAA\arm_startup_nrf52.s 0x00000000   Number         0  arm_startup_nrf52.o ABSOLUTE
    RTE\Device\nRF52832_xxAA\system_nrf52.c  0x00000000   Number         0  system_nrf52.o ABSOLUTE
    RTE\\Device\\nRF52832_xxAA\\system_nrf52.c 0x00000000   Number         0  system_nrf52.o ABSOLUTE
    cdcmple.s                                0x00000000   Number         0  cdcmple.o ABSOLUTE
    cdrcmple.s                               0x00000000   Number         0  cdrcmple.o ABSOLUTE
    dc.s                                     0x00000000   Number         0  dc.o ABSOLUTE
    handlers.s                               0x00000000   Number         0  handlers.o ABSOLUTE
    init.s                                   0x00000000   Number         0  init.o ABSOLUTE
    .ARM.Collect$$$$00000000                 0x00000400   Section        0  entry.o(.ARM.Collect$$$$00000000)
    .ARM.Collect$$$$00000001                 0x00000400   Section        4  entry2.o(.ARM.Collect$$$$00000001)
    .ARM.Collect$$$$00000004                 0x00000404   Section        4  entry5.o(.ARM.Collect$$$$00000004)
    .ARM.Collect$$$$00000008                 0x00000408   Section        0  entry7b.o(.ARM.Collect$$$$00000008)
    .ARM.Collect$$$$0000000A                 0x00000408   Section        0  entry8b.o(.ARM.Collect$$$$0000000A)
    .ARM.Collect$$$$0000000B                 0x00000408   Section        8  entry9a.o(.ARM.Collect$$$$0000000B)
    .ARM.Collect$$$$0000000D                 0x00000410   Section        0  entry10a.o(.ARM.Collect$$$$0000000D)
    .ARM.Collect$$$$0000000F                 0x00000410   Section        0  entry11a.o(.ARM.Collect$$$$0000000F)
    .ARM.Collect$$$$00002712                 0x00000410   Section        4  entry2.o(.ARM.Collect$$$$00002712)
    __lit__00000000                          0x00000410   Data           4  entry2.o(.ARM.Collect$$$$00002712)
    .text                                    0x00000414   Section       36  arm_startup_nrf52.o(.text)
    $v0                                      0x00000414   Number         0  arm_startup_nrf52.o(.text)
    .text                                    0x00000438   Section        0  ctype_o.o(.text)
    .text                                    0x00000440   Section        0  memcpya.o(.text)
    .text                                    0x00000464   Section        0  strlen.o(.text)
    .text                                    0x00000472   Section        0  ddiv.o(.text)
    .text                                    0x00000550   Section        0  f2d.o(.text)
    .text                                    0x00000576   Section        0  d2f.o(.text)
    .text                                    0x000005ae   Section        0  uldiv.o(.text)
    .text                                    0x00000610   Section        0  iusefp.o(.text)
    .text                                    0x00000610   Section        0  fepilogue.o(.text)
    .text                                    0x0000067e   Section        0  depilogue.o(.text)
    .text                                    0x00000738   Section        0  dadd.o(.text)
    .text                                    0x00000886   Section        0  dmul.o(.text)
    .text                                    0x0000096a   Section        0  dscalb.o(.text)
    .text                                    0x00000998   Section        0  dflti.o(.text)
    .text                                    0x000009bc   Section       48  cdrcmple.o(.text)
    .text                                    0x000009ec   Section       36  init.o(.text)
    .text                                    0x00000a10   Section        0  llshl.o(.text)
    .text                                    0x00000a2e   Section        0  llushr.o(.text)
    .text                                    0x00000a4e   Section        0  llsshr.o(.text)
    .text                                    0x00000a72   Section        0  dsqrt.o(.text)
    i.SPIM0_SPIS0_TWIM0_TWIS0_SPI0_TWI0_IRQHandler 0x00000b14   Section        0  nrf_drv_twi.o(i.SPIM0_SPIS0_TWIM0_TWIS0_SPI0_TWI0_IRQHandler)
    i.SystemInit                             0x00000b24   Section        0  system_nrf52.o(i.SystemInit)
    i.UARTE0_UART0_IRQHandler                0x00000dc0   Section        0  nrf_drv_uart.o(i.UARTE0_UART0_IRQHandler)
    i.__0snprintf$8                          0x00000ddc   Section        0  printf8.o(i.__0snprintf$8)
    i.__ARM_fpclassify                       0x00000e0c   Section        0  fpclassify.o(i.__ARM_fpclassify)
    i.__hardfp_pow                           0x00000e40   Section        0  pow.o(i.__hardfp_pow)
    i.__kernel_poly                          0x00001a90   Section        0  poly.o(i.__kernel_poly)
    i.__mathlib_dbl_divzero                  0x00001b88   Section        0  dunder.o(i.__mathlib_dbl_divzero)
    i.__mathlib_dbl_infnan2                  0x00001bb8   Section        0  dunder.o(i.__mathlib_dbl_infnan2)
    i.__mathlib_dbl_invalid                  0x00001bd0   Section        0  dunder.o(i.__mathlib_dbl_invalid)
    i.__mathlib_dbl_overflow                 0x00001bf0   Section        0  dunder.o(i.__mathlib_dbl_overflow)
    i.__mathlib_dbl_underflow                0x00001c10   Section        0  dunder.o(i.__mathlib_dbl_underflow)
    i.__scatterload_copy                     0x00001c30   Section       14  handlers.o(i.__scatterload_copy)
    i.__scatterload_null                     0x00001c3e   Section        2  handlers.o(i.__scatterload_null)
    i.__scatterload_zeroinit                 0x00001c40   Section       14  handlers.o(i.__scatterload_zeroinit)
    i.__set_errno                            0x00001c50   Section        0  errno.o(i.__set_errno)
    i._printf_core                           0x00001c5c   Section        0  printf8.o(i._printf_core)
    _printf_core                             0x00001c5d   Thumb Code   996  printf8.o(i._printf_core)
    i._printf_post_padding                   0x0000206c   Section        0  printf8.o(i._printf_post_padding)
    _printf_post_padding                     0x0000206d   Thumb Code    36  printf8.o(i._printf_post_padding)
    i._printf_pre_padding                    0x00002090   Section        0  printf8.o(i._printf_pre_padding)
    _printf_pre_padding                      0x00002091   Thumb Code    46  printf8.o(i._printf_pre_padding)
    i._snputc                                0x000020be   Section        0  printf8.o(i._snputc)
    _snputc                                  0x000020bf   Thumb Code    22  printf8.o(i._snputc)
    i.app_error_fault_handler                0x000020d4   Section        0  app_error_weak.o(i.app_error_fault_handler)
    i.app_error_handler_bare                 0x00002124   Section        0  app_error.o(i.app_error_handler_bare)
    i.app_util_critical_region_enter         0x0000213a   Section        0  app_util_platform.o(i.app_util_critical_region_enter)
    i.app_util_critical_region_exit          0x0000213e   Section        0  app_util_platform.o(i.app_util_critical_region_exit)
    i.app_util_disable_irq                   0x00002144   Section        0  app_util_platform.o(i.app_util_disable_irq)
    i.app_util_enable_irq                    0x00002154   Section        0  app_util_platform.o(i.app_util_enable_irq)
    i.apply_config                           0x00002168   Section        0  nrf_drv_uart.o(i.apply_config)
    apply_config                             0x00002169   Thumb Code   180  nrf_drv_uart.o(i.apply_config)
    i.buf_len_update                         0x00002220   Section        0  nrf_log_backend_serial.o(i.buf_len_update)
    buf_len_update                           0x00002221   Thumb Code    18  nrf_log_backend_serial.o(i.buf_len_update)
    i.buf_prealloc                           0x00002234   Section        0  nrf_log_frontend.o(i.buf_prealloc)
    buf_prealloc                             0x00002235   Thumb Code    84  nrf_log_frontend.o(i.buf_prealloc)
    i.buffer_is_empty                        0x00002294   Section        0  nrf_log_frontend.o(i.buffer_is_empty)
    i.fabs                                   0x000022a8   Section        0  fabs.o(i.fabs)
    i.interrupts_enable                      0x000022c0   Section        0  nrf_drv_uart.o(i.interrupts_enable)
    interrupts_enable                        0x000022c1   Thumb Code   106  nrf_drv_uart.o(i.interrupts_enable)
    i.irq_handler_twim                       0x00002338   Section        0  nrf_drv_twi.o(i.irq_handler_twim)
    irq_handler_twim                         0x00002339   Thumb Code   334  nrf_drv_twi.o(i.irq_handler_twim)
    i.main                                   0x00002488   Section        0  main.o(i.main)
    i.nrf_delay_ms                           0x0000264c   Section        0  main.o(i.nrf_delay_ms)
    nrf_delay_ms                             0x0000264d   Thumb Code    10  main.o(i.nrf_delay_ms)
    i.nrf_delay_us                           0x00002658   Section        0  main.o(i.nrf_delay_us)
    nrf_delay_us                             0x00002659   Thumb Code   132  main.o(i.nrf_delay_us)
    i.nrf_delay_us                           0x000026e4   Section        0  nrf_drv_twi.o(i.nrf_delay_us)
    nrf_delay_us                             0x000026e5   Thumb Code   132  nrf_drv_twi.o(i.nrf_delay_us)
    i.nrf_drv_common_irq_disable             0x00002770   Section        0  nrf_drv_uart.o(i.nrf_drv_common_irq_disable)
    nrf_drv_common_irq_disable               0x00002771   Thumb Code    22  nrf_drv_uart.o(i.nrf_drv_common_irq_disable)
    i.nrf_drv_common_irq_enable              0x00002786   Section        0  nrf_drv_common.o(i.nrf_drv_common_irq_enable)
    i.nrf_drv_get_IRQn                       0x000027be   Section        0  nrf_drv_uart.o(i.nrf_drv_get_IRQn)
    nrf_drv_get_IRQn                         0x000027bf   Thumb Code     6  nrf_drv_uart.o(i.nrf_drv_get_IRQn)
    i.nrf_drv_is_in_RAM                      0x000027c4   Section        0  nrf_drv_twi.o(i.nrf_drv_is_in_RAM)
    nrf_drv_is_in_RAM                        0x000027c5   Thumb Code    16  nrf_drv_twi.o(i.nrf_drv_is_in_RAM)
    i.nrf_drv_is_in_RAM                      0x000027d4   Section        0  nrf_drv_uart.o(i.nrf_drv_is_in_RAM)
    nrf_drv_is_in_RAM                        0x000027d5   Thumb Code    16  nrf_drv_uart.o(i.nrf_drv_is_in_RAM)
    i.nrf_drv_twi_enable                     0x000027e4   Section        0  nrf_drv_twi.o(i.nrf_drv_twi_enable)
    i.nrf_drv_twi_init                       0x00002804   Section        0  nrf_drv_twi.o(i.nrf_drv_twi_init)
    i.nrf_drv_twi_rx                         0x00002890   Section        0  nrf_drv_twi.o(i.nrf_drv_twi_rx)
    i.nrf_drv_twi_tx                         0x000028b4   Section        0  nrf_drv_twi.o(i.nrf_drv_twi_tx)
    i.nrf_drv_twi_xfer                       0x000028d8   Section        0  nrf_drv_twi.o(i.nrf_drv_twi_xfer)
    i.nrf_drv_uart_init                      0x000028fc   Section        0  nrf_drv_uart.o(i.nrf_drv_uart_init)
    i.nrf_drv_uart_tx                        0x00002964   Section        0  nrf_drv_uart.o(i.nrf_drv_uart_tx)
    i.nrf_drv_uart_tx_in_progress            0x00002a70   Section        0  nrf_drv_uart.o(i.nrf_drv_uart_tx_in_progress)
    i.nrf_drv_uart_uninit                    0x00002a88   Section        0  nrf_drv_uart.o(i.nrf_drv_uart_uninit)
    i.nrf_gpio_cfg                           0x00002adc   Section        0  nrf_drv_uart.o(i.nrf_gpio_cfg)
    nrf_gpio_cfg                             0x00002add   Thumb Code    36  nrf_drv_uart.o(i.nrf_gpio_cfg)
    i.nrf_gpio_cfg_default                   0x00002b00   Section        0  nrf_drv_uart.o(i.nrf_gpio_cfg_default)
    nrf_gpio_cfg_default                     0x00002b01   Thumb Code    18  nrf_drv_uart.o(i.nrf_gpio_cfg_default)
    i.nrf_gpio_cfg_input                     0x00002b12   Section        0  nrf_drv_uart.o(i.nrf_gpio_cfg_input)
    nrf_gpio_cfg_input                       0x00002b13   Thumb Code    18  nrf_drv_uart.o(i.nrf_gpio_cfg_input)
    i.nrf_gpio_cfg_output                    0x00002b24   Section        0  nrf_drv_uart.o(i.nrf_gpio_cfg_output)
    nrf_gpio_cfg_output                      0x00002b25   Thumb Code    20  nrf_drv_uart.o(i.nrf_gpio_cfg_output)
    i.nrf_gpio_pin_set                       0x00002b38   Section        0  nrf_drv_twi.o(i.nrf_gpio_pin_set)
    nrf_gpio_pin_set                         0x00002b39   Thumb Code    14  nrf_drv_twi.o(i.nrf_gpio_pin_set)
    i.nrf_log_backend_hexdump_handler_get    0x00002b48   Section        0  nrf_log_backend_serial.o(i.nrf_log_backend_hexdump_handler_get)
    i.nrf_log_backend_init                   0x00002b50   Section        0  nrf_log_backend_serial.o(i.nrf_log_backend_init)
    i.nrf_log_backend_serial_hexdump_handler 0x00002bc0   Section        0  nrf_log_backend_serial.o(i.nrf_log_backend_serial_hexdump_handler)
    nrf_log_backend_serial_hexdump_handler   0x00002bc1   Thumb Code   302  nrf_log_backend_serial.o(i.nrf_log_backend_serial_hexdump_handler)
    i.nrf_log_backend_serial_std_handler     0x00002cee   Section        0  nrf_log_backend_serial.o(i.nrf_log_backend_serial_std_handler)
    nrf_log_backend_serial_std_handler       0x00002cef   Thumb Code   276  nrf_log_backend_serial.o(i.nrf_log_backend_serial_std_handler)
    i.nrf_log_backend_std_handler_get        0x00002e04   Section        0  nrf_log_backend_serial.o(i.nrf_log_backend_std_handler_get)
    i.nrf_log_blocking_backend_set           0x00002e0c   Section        0  nrf_log_frontend.o(i.nrf_log_blocking_backend_set)
    i.nrf_log_frontend_dequeue               0x00002e14   Section        0  nrf_log_frontend.o(i.nrf_log_frontend_dequeue)
    i.nrf_log_frontend_init                  0x00002f44   Section        0  nrf_log_frontend.o(i.nrf_log_frontend_init)
    i.nrf_log_frontend_std_0                 0x00002f58   Section        0  nrf_log_frontend.o(i.nrf_log_frontend_std_0)
    i.nrf_log_frontend_std_2                 0x00002fa4   Section        0  nrf_log_frontend.o(i.nrf_log_frontend_std_2)
    i.nrf_log_handlers_set                   0x0000300c   Section        0  nrf_log_frontend.o(i.nrf_log_handlers_set)
    i.nrf_log_init                           0x0000301c   Section        0  nrf_log_frontend.o(i.nrf_log_init)
    i.nrf_twim_event_check                   0x00003040   Section        0  nrf_drv_twi.o(i.nrf_twim_event_check)
    nrf_twim_event_check                     0x00003041   Thumb Code    10  nrf_drv_twi.o(i.nrf_twim_event_check)
    i.nrf_twim_event_clear                   0x0000304a   Section        0  nrf_drv_twi.o(i.nrf_twim_event_clear)
    nrf_twim_event_clear                     0x0000304b   Thumb Code    12  nrf_drv_twi.o(i.nrf_twim_event_clear)
    i.nrf_uart_event_check                   0x00003056   Section        0  nrf_drv_uart.o(i.nrf_uart_event_check)
    nrf_uart_event_check                     0x00003057   Thumb Code    10  nrf_drv_uart.o(i.nrf_uart_event_check)
    i.nrf_uart_event_clear                   0x00003060   Section        0  nrf_drv_uart.o(i.nrf_uart_event_clear)
    nrf_uart_event_clear                     0x00003061   Thumb Code    12  nrf_drv_uart.o(i.nrf_uart_event_clear)
    i.nrf_uart_int_enable_check              0x0000306c   Section        0  nrf_drv_uart.o(i.nrf_uart_int_enable_check)
    nrf_uart_int_enable_check                0x0000306d   Thumb Code    12  nrf_drv_uart.o(i.nrf_uart_int_enable_check)
    i.nrf_uarte_event_check                  0x00003078   Section        0  nrf_drv_uart.o(i.nrf_uarte_event_check)
    nrf_uarte_event_check                    0x00003079   Thumb Code    10  nrf_drv_uart.o(i.nrf_uarte_event_check)
    i.nrf_uarte_event_clear                  0x00003082   Section        0  nrf_drv_uart.o(i.nrf_uarte_event_clear)
    nrf_uarte_event_clear                    0x00003083   Thumb Code    12  nrf_drv_uart.o(i.nrf_uarte_event_clear)
    i.pins_to_default                        0x00003090   Section        0  nrf_drv_uart.o(i.pins_to_default)
    pins_to_default                          0x00003091   Thumb Code   114  nrf_drv_uart.o(i.pins_to_default)
    i.readCoef                               0x00003108   Section        0  main.o(i.readCoef)
    i.readData                               0x000031ac   Section        0  main.o(i.readData)
    i.readHpa                                0x00003260   Section        0  main.o(i.readHpa)
    i.readI2c                                0x000032cc   Section        0  main.o(i.readI2c)
    i.readTemp                               0x0000331c   Section        0  main.o(i.readTemp)
    i.rx_byte                                0x0000332c   Section        0  nrf_drv_uart.o(i.rx_byte)
    rx_byte                                  0x0000332d   Thumb Code    50  nrf_drv_uart.o(i.rx_byte)
    i.rx_done_event                          0x0000335e   Section        0  nrf_drv_uart.o(i.rx_done_event)
    rx_done_event                            0x0000335f   Thumb Code    24  nrf_drv_uart.o(i.rx_done_event)
    i.serial_is_busy                         0x00003378   Section        0  nrf_log_backend_serial.o(i.serial_is_busy)
    serial_is_busy                           0x00003379   Thumb Code     6  nrf_log_backend_serial.o(i.serial_is_busy)
    i.serial_tx                              0x00003384   Section        0  nrf_log_backend_serial.o(i.serial_tx)
    serial_tx                                0x00003385   Thumb Code    34  nrf_log_backend_serial.o(i.serial_tx)
    i.sqrt                                   0x000033b0   Section        0  sqrt.o(i.sqrt)
    i.timestamp_process                      0x00003420   Section        0  nrf_log_backend_serial.o(i.timestamp_process)
    timestamp_process                        0x00003421   Thumb Code    44  nrf_log_backend_serial.o(i.timestamp_process)
    i.twi_clear_bus                          0x00003454   Section        0  nrf_drv_twi.o(i.twi_clear_bus)
    twi_clear_bus                            0x00003455   Thumb Code   170  nrf_drv_twi.o(i.twi_clear_bus)
    i.twi_handler                            0x00003500   Section        0  main.o(i.twi_handler)
    i.twi_init                               0x00003514   Section        0  main.o(i.twi_init)
    i.twim_xfer                              0x00003544   Section        0  nrf_drv_twi.o(i.twim_xfer)
    twim_xfer                                0x00003545   Thumb Code   570  nrf_drv_twi.o(i.twim_xfer)
    i.tx_byte                                0x00003784   Section        0  nrf_drv_uart.o(i.tx_byte)
    tx_byte                                  0x00003785   Thumb Code    32  nrf_drv_uart.o(i.tx_byte)
    i.tx_done_event                          0x000037a4   Section        0  nrf_drv_uart.o(i.tx_done_event)
    tx_done_event                            0x000037a5   Thumb Code    28  nrf_drv_uart.o(i.tx_done_event)
    i.uart_event_handler                     0x000037c0   Section        0  nrf_log_backend_serial.o(i.uart_event_handler)
    uart_event_handler                       0x000037c1   Thumb Code    12  nrf_log_backend_serial.o(i.uart_event_handler)
    i.uart_irq_handler                       0x000037d0   Section        0  nrf_drv_uart.o(i.uart_irq_handler)
    uart_irq_handler                         0x000037d1   Thumb Code   286  nrf_drv_uart.o(i.uart_irq_handler)
    i.uarte_irq_handler                      0x000038ee   Section        0  nrf_drv_uart.o(i.uarte_irq_handler)
    uarte_irq_handler                        0x000038ef   Thumb Code   240  nrf_drv_uart.o(i.uarte_irq_handler)
    i.writeI2c                               0x000039e0   Section        0  main.o(i.writeI2c)
    .constdata                               0x00003a14   Section       24  main.o(.constdata)
    m_twi                                    0x00003a14   Data           8  main.o(.constdata)
    .constdata                               0x00003a2c   Section       12  nrf_drv_twi.o(.constdata)
    .constdata                               0x00003a38   Section       32  nrf_log_backend_serial.o(.constdata)
    .constdata                               0x00003a58   Section       36  nrf_log_frontend.o(.constdata)
    .constdata                               0x00003a80   Section      136  pow.o(.constdata)
    bp                                       0x00003a80   Data          16  pow.o(.constdata)
    dp_h                                     0x00003a90   Data          16  pow.o(.constdata)
    dp_l                                     0x00003aa0   Data          16  pow.o(.constdata)
    L                                        0x00003ab0   Data          48  pow.o(.constdata)
    P                                        0x00003ae0   Data          40  pow.o(.constdata)
    .constdata                               0x00003b08   Section      129  ctype_o.o(.constdata)
    .constdata                               0x00003b8c   Section        4  ctype_o.o(.constdata)
    table                                    0x00003b8c   Data           4  ctype_o.o(.constdata)
    .constdata                               0x00003b90   Section        8  qnan.o(.constdata)
    .conststring                             0x00003b98   Section       11  nrf_log_frontend.o(.conststring)
    .data                                    0x20000000   Section       20  main.o(.data)
    m_xfer_done                              0x20000000   Data           1  main.o(.data)
    .data                                    0x20000014   Section        4  app_util_platform.o(.data)
    m_in_critical_region                     0x20000014   Data           4  app_util_platform.o(.data)
    .data                                    0x20000018   Section       12  nrf_log_backend_serial.o(.data)
    m_initialized                            0x20000018   Data           1  nrf_log_backend_serial.o(.data)
    m_blocking_mode                          0x20000019   Data           1  nrf_log_backend_serial.o(.data)
    m_rx_done                                0x2000001a   Data           1  nrf_log_backend_serial.o(.data)
    m_uart                                   0x2000001c   Data           8  nrf_log_backend_serial.o(.data)
    .data                                    0x20000024   Section        4  nrf_log_frontend.o(.data)
    m_overflow_info                          0x20000024   Data           4  nrf_log_frontend.o(.data)
    .data                                    0x20000028   Section        4  system_nrf52.o(.data)
    __tagsym$$used                           0x20000028   Number         0  system_nrf52.o(.data)
    .data                                    0x2000002c   Section        4  errno.o(.data)
    _errno                                   0x2000002c   Data           4  errno.o(.data)
    .bss                                     0x20000030   Section       40  nrf_drv_twi.o(.bss)
    m_cb                                     0x20000030   Data          40  nrf_drv_twi.o(.bss)
    .bss                                     0x20000058   Section       32  nrf_drv_uart.o(.bss)
    m_cb                                     0x20000058   Data          32  nrf_drv_uart.o(.bss)
    .bss                                     0x20000078   Section      256  nrf_log_backend_serial.o(.bss)
    m_uart_buffer                            0x20000078   Data         256  nrf_log_backend_serial.o(.bss)
    .bss                                     0x20000178   Section     1048  nrf_log_frontend.o(.bss)
    m_log_data                               0x20000178   Data        1048  nrf_log_frontend.o(.bss)
    STACK                                    0x20000590   Section     8192  arm_startup_nrf52.o(STACK)

    Global Symbols

    Symbol Name                              Value     Ov Type        Size  Object(Section)

    BuildAttributes$$THM_ISAv4$E$P$D$K$B$S$7EM$VFPi3$EXTD16$VFPS$VFMA$PE$A:L22UL41UL21$X:L11$S22US41US21$IEEE1$IW$USESV6$~STKCKD$USESV7$~SHL$OTIME$ROPI$IEEEX$EBA8$MICROLIB$REQ8$PRES8$EABIv2 0x00000000   Number         0  anon$$obj.o ABSOLUTE
    __ARM_use_no_argv                        0x00000000   Number         0  main.o ABSOLUTE
    __Vectors                                0x00000000   Data           4  arm_startup_nrf52.o(RESET)
    _printf_a                                0x00000000   Number         0  stubs.o ABSOLUTE
    _printf_c                                0x00000000   Number         0  stubs.o ABSOLUTE
    _printf_charcount                        0x00000000   Number         0  stubs.o ABSOLUTE
    _printf_d                                0x00000000   Number         0  stubs.o ABSOLUTE
    _printf_e                                0x00000000   Number         0  stubs.o ABSOLUTE
    _printf_f                                0x00000000   Number         0  stubs.o ABSOLUTE
    _printf_flags                            0x00000000   Number         0  stubs.o ABSOLUTE
    _printf_fp_dec                           0x00000000   Number         0  stubs.o ABSOLUTE
    _printf_fp_hex                           0x00000000   Number         0  stubs.o ABSOLUTE
    _printf_g                                0x00000000   Number         0  stubs.o ABSOLUTE
    _printf_i                                0x00000000   Number         0  stubs.o ABSOLUTE
    _printf_int_dec                          0x00000000   Number         0  stubs.o ABSOLUTE
    _printf_l                                0x00000000   Number         0  stubs.o ABSOLUTE
    _printf_lc                               0x00000000   Number         0  stubs.o ABSOLUTE
    _printf_ll                               0x00000000   Number         0  stubs.o ABSOLUTE
    _printf_lld                              0x00000000   Number         0  stubs.o ABSOLUTE
    _printf_lli                              0x00000000   Number         0  stubs.o ABSOLUTE
    _printf_llo                              0x00000000   Number         0  stubs.o ABSOLUTE
    _printf_llu                              0x00000000   Number         0  stubs.o ABSOLUTE
    _printf_llx                              0x00000000   Number         0  stubs.o ABSOLUTE
    _printf_longlong_dec                     0x00000000   Number         0  stubs.o ABSOLUTE
    _printf_longlong_hex                     0x00000000   Number         0  stubs.o ABSOLUTE
    _printf_longlong_oct                     0x00000000   Number         0  stubs.o ABSOLUTE
    _printf_ls                               0x00000000   Number         0  stubs.o ABSOLUTE
    _printf_mbtowc                           0x00000000   Number         0  stubs.o ABSOLUTE
    _printf_n                                0x00000000   Number         0  stubs.o ABSOLUTE
    _printf_o                                0x00000000   Number         0  stubs.o ABSOLUTE
    _printf_p                                0x00000000   Number         0  stubs.o ABSOLUTE
    _printf_percent                          0x00000000   Number         0  stubs.o ABSOLUTE
    _printf_pre_padding                      0x00000000   Number         0  stubs.o ABSOLUTE
    _printf_return_value                     0x00000000   Number         0  stubs.o ABSOLUTE
    _printf_s                                0x00000000   Number         0  stubs.o ABSOLUTE
    _printf_sizespec                         0x00000000   Number         0  stubs.o ABSOLUTE
    _printf_str                              0x00000000   Number         0  stubs.o ABSOLUTE
    _printf_truncate_signed                  0x00000000   Number         0  stubs.o ABSOLUTE
    _printf_truncate_unsigned                0x00000000   Number         0  stubs.o ABSOLUTE
    _printf_u                                0x00000000   Number         0  stubs.o ABSOLUTE
    _printf_wc                               0x00000000   Number         0  stubs.o ABSOLUTE
    _printf_wctomb                           0x00000000   Number         0  stubs.o ABSOLUTE
    _printf_widthprec                        0x00000000   Number         0  stubs.o ABSOLUTE
    _printf_x                                0x00000000   Number         0  stubs.o ABSOLUTE
    __cpp_initialize__aeabi_                  - Undefined Weak Reference
    __cxa_finalize                            - Undefined Weak Reference
    __decompress                              - Undefined Weak Reference
    _clock_init                               - Undefined Weak Reference
    _microlib_exit                            - Undefined Weak Reference
    __Vectors_End                            0x00000400   Data           0  arm_startup_nrf52.o(RESET)
    __Vectors_Size                           0x00000400   Number         0  arm_startup_nrf52.o ABSOLUTE
    __main                                   0x00000401   Thumb Code     0  entry.o(.ARM.Collect$$$$00000000)
    _main_stk                                0x00000401   Thumb Code     0  entry2.o(.ARM.Collect$$$$00000001)
    _main_scatterload                        0x00000405   Thumb Code     0  entry5.o(.ARM.Collect$$$$00000004)
    __main_after_scatterload                 0x00000409   Thumb Code     0  entry5.o(.ARM.Collect$$$$00000004)
    _main_clock                              0x00000409   Thumb Code     0  entry7b.o(.ARM.Collect$$$$00000008)
    _main_cpp_init                           0x00000409   Thumb Code     0  entry8b.o(.ARM.Collect$$$$0000000A)
    _main_init                               0x00000409   Thumb Code     0  entry9a.o(.ARM.Collect$$$$0000000B)
    __rt_final_cpp                           0x00000411   Thumb Code     0  entry10a.o(.ARM.Collect$$$$0000000D)
    __rt_final_exit                          0x00000411   Thumb Code     0  entry11a.o(.ARM.Collect$$$$0000000F)
    Reset_Handler                            0x00000415   Thumb Code     8  arm_startup_nrf52.o(.text)
    NMI_Handler                              0x0000041d   Thumb Code     2  arm_startup_nrf52.o(.text)
    HardFault_Handler                        0x0000041f   Thumb Code     2  arm_startup_nrf52.o(.text)
    MemoryManagement_Handler                 0x00000421   Thumb Code     2  arm_startup_nrf52.o(.text)
    BusFault_Handler                         0x00000423   Thumb Code     2  arm_startup_nrf52.o(.text)
    UsageFault_Handler                       0x00000425   Thumb Code     2  arm_startup_nrf52.o(.text)
    SVC_Handler                              0x00000427   Thumb Code     2  arm_startup_nrf52.o(.text)
    DebugMon_Handler                         0x00000429   Thumb Code     2  arm_startup_nrf52.o(.text)
    PendSV_Handler                           0x0000042b   Thumb Code     2  arm_startup_nrf52.o(.text)
    SysTick_Handler                          0x0000042d   Thumb Code     2  arm_startup_nrf52.o(.text)
    CCM_AAR_IRQHandler                       0x0000042f   Thumb Code     0  arm_startup_nrf52.o(.text)
    COMP_LPCOMP_IRQHandler                   0x0000042f   Thumb Code     0  arm_startup_nrf52.o(.text)
    ECB_IRQHandler                           0x0000042f   Thumb Code     0  arm_startup_nrf52.o(.text)
    FPU_IRQHandler                           0x0000042f   Thumb Code     0  arm_startup_nrf52.o(.text)
    GPIOTE_IRQHandler                        0x0000042f   Thumb Code     0  arm_startup_nrf52.o(.text)
    I2S_IRQHandler                           0x0000042f   Thumb Code     0  arm_startup_nrf52.o(.text)
    MWU_IRQHandler                           0x0000042f   Thumb Code     0  arm_startup_nrf52.o(.text)
    NFCT_IRQHandler                          0x0000042f   Thumb Code     0  arm_startup_nrf52.o(.text)
    PDM_IRQHandler                           0x0000042f   Thumb Code     0  arm_startup_nrf52.o(.text)
    POWER_CLOCK_IRQHandler                   0x0000042f   Thumb Code     0  arm_startup_nrf52.o(.text)
    PWM0_IRQHandler                          0x0000042f   Thumb Code     0  arm_startup_nrf52.o(.text)
    PWM1_IRQHandler                          0x0000042f   Thumb Code     0  arm_startup_nrf52.o(.text)
    PWM2_IRQHandler                          0x0000042f   Thumb Code     0  arm_startup_nrf52.o(.text)
    QDEC_IRQHandler                          0x0000042f   Thumb Code     0  arm_startup_nrf52.o(.text)
    RADIO_IRQHandler                         0x0000042f   Thumb Code     0  arm_startup_nrf52.o(.text)
    RNG_IRQHandler                           0x0000042f   Thumb Code     0  arm_startup_nrf52.o(.text)
    RTC0_IRQHandler                          0x0000042f   Thumb Code     0  arm_startup_nrf52.o(.text)
    RTC1_IRQHandler                          0x0000042f   Thumb Code     0  arm_startup_nrf52.o(.text)
    RTC2_IRQHandler                          0x0000042f   Thumb Code     0  arm_startup_nrf52.o(.text)
    SAADC_IRQHandler                         0x0000042f   Thumb Code     0  arm_startup_nrf52.o(.text)
    SPIM1_SPIS1_TWIM1_TWIS1_SPI1_TWI1_IRQHandler 0x0000042f   Thumb Code     0  arm_startup_nrf52.o(.text)
    SPIM2_SPIS2_SPI2_IRQHandler              0x0000042f   Thumb Code     0  arm_startup_nrf52.o(.text)
    SWI0_EGU0_IRQHandler                     0x0000042f   Thumb Code     0  arm_startup_nrf52.o(.text)
    SWI1_EGU1_IRQHandler                     0x0000042f   Thumb Code     0  arm_startup_nrf52.o(.text)
    SWI2_EGU2_IRQHandler                     0x0000042f   Thumb Code     0  arm_startup_nrf52.o(.text)
    SWI3_EGU3_IRQHandler                     0x0000042f   Thumb Code     0  arm_startup_nrf52.o(.text)
    SWI4_EGU4_IRQHandler                     0x0000042f   Thumb Code     0  arm_startup_nrf52.o(.text)
    SWI5_EGU5_IRQHandler                     0x0000042f   Thumb Code     0  arm_startup_nrf52.o(.text)
    TEMP_IRQHandler                          0x0000042f   Thumb Code     0  arm_startup_nrf52.o(.text)
    TIMER0_IRQHandler                        0x0000042f   Thumb Code     0  arm_startup_nrf52.o(.text)
    TIMER1_IRQHandler                        0x0000042f   Thumb Code     0  arm_startup_nrf52.o(.text)
    TIMER2_IRQHandler                        0x0000042f   Thumb Code     0  arm_startup_nrf52.o(.text)
    TIMER3_IRQHandler                        0x0000042f   Thumb Code     0  arm_startup_nrf52.o(.text)
    TIMER4_IRQHandler                        0x0000042f   Thumb Code     0  arm_startup_nrf52.o(.text)
    WDT_IRQHandler                           0x0000042f   Thumb Code     0  arm_startup_nrf52.o(.text)
    __rt_ctype_table                         0x00000439   Thumb Code     4  ctype_o.o(.text)
    __aeabi_memcpy                           0x00000441   Thumb Code    36  memcpya.o(.text)
    __aeabi_memcpy4                          0x00000441   Thumb Code     0  memcpya.o(.text)
    __aeabi_memcpy8                          0x00000441   Thumb Code     0  memcpya.o(.text)
    strlen                                   0x00000465   Thumb Code    14  strlen.o(.text)
    __aeabi_ddiv                             0x00000473   Thumb Code   222  ddiv.o(.text)
    __aeabi_f2d                              0x00000551   Thumb Code    38  f2d.o(.text)
    __aeabi_d2f                              0x00000577   Thumb Code    56  d2f.o(.text)
    __aeabi_uldivmod                         0x000005af   Thumb Code    98  uldiv.o(.text)
    __I$use$fp                               0x00000611   Thumb Code     0  iusefp.o(.text)
    _float_round                             0x00000611   Thumb Code    18  fepilogue.o(.text)
    _float_epilogue                          0x00000623   Thumb Code    92  fepilogue.o(.text)
    _double_round                            0x0000067f   Thumb Code    30  depilogue.o(.text)
    _double_epilogue                         0x0000069d   Thumb Code   156  depilogue.o(.text)
    __aeabi_dadd                             0x00000739   Thumb Code   322  dadd.o(.text)
    __aeabi_dsub                             0x0000087b   Thumb Code     6  dadd.o(.text)
    __aeabi_drsub                            0x00000881   Thumb Code     6  dadd.o(.text)
    __aeabi_dmul                             0x00000887   Thumb Code   228  dmul.o(.text)
    __ARM_scalbn                             0x0000096b   Thumb Code    46  dscalb.o(.text)
    scalbn                                   0x0000096b   Thumb Code     0  dscalb.o(.text)
    __aeabi_i2d                              0x00000999   Thumb Code    34  dflti.o(.text)
    __aeabi_cdrcmple                         0x000009bd   Thumb Code    48  cdrcmple.o(.text)
    __scatterload                            0x000009ed   Thumb Code    28  init.o(.text)
    __scatterload_rt2                        0x000009ed   Thumb Code     0  init.o(.text)
    __aeabi_llsl                             0x00000a11   Thumb Code    30  llshl.o(.text)
    _ll_shift_l                              0x00000a11   Thumb Code     0  llshl.o(.text)
    __aeabi_llsr                             0x00000a2f   Thumb Code    32  llushr.o(.text)
    _ll_ushift_r                             0x00000a2f   Thumb Code     0  llushr.o(.text)
    __aeabi_lasr                             0x00000a4f   Thumb Code    36  llsshr.o(.text)
    _ll_sshift_r                             0x00000a4f   Thumb Code     0  llsshr.o(.text)
    _dsqrt                                   0x00000a73   Thumb Code   162  dsqrt.o(.text)
    SPIM0_SPIS0_TWIM0_TWIS0_SPI0_TWI0_IRQHandler 0x00000b15   Thumb Code     8  nrf_drv_twi.o(i.SPIM0_SPIS0_TWIM0_TWIS0_SPI0_TWI0_IRQHandler)
    SystemInit                               0x00000b25   Thumb Code   610  system_nrf52.o(i.SystemInit)
    UARTE0_UART0_IRQHandler                  0x00000dc1   Thumb Code    20  nrf_drv_uart.o(i.UARTE0_UART0_IRQHandler)
    __0snprintf$8                            0x00000ddd   Thumb Code    44  printf8.o(i.__0snprintf$8)
    __1snprintf$8                            0x00000ddd   Thumb Code     0  printf8.o(i.__0snprintf$8)
    __2snprintf                              0x00000ddd   Thumb Code     0  printf8.o(i.__0snprintf$8)
    __ARM_fpclassify                         0x00000e0d   Thumb Code    48  fpclassify.o(i.__ARM_fpclassify)
    __hardfp_pow                             0x00000e41   Thumb Code  3072  pow.o(i.__hardfp_pow)
    __kernel_poly                            0x00001a91   Thumb Code   248  poly.o(i.__kernel_poly)
    __mathlib_dbl_divzero                    0x00001b89   Thumb Code    28  dunder.o(i.__mathlib_dbl_divzero)
    __mathlib_dbl_infnan2                    0x00001bb9   Thumb Code    20  dunder.o(i.__mathlib_dbl_infnan2)
    __mathlib_dbl_invalid                    0x00001bd1   Thumb Code    24  dunder.o(i.__mathlib_dbl_invalid)
    __mathlib_dbl_overflow                   0x00001bf1   Thumb Code    24  dunder.o(i.__mathlib_dbl_overflow)
    __mathlib_dbl_underflow                  0x00001c11   Thumb Code    24  dunder.o(i.__mathlib_dbl_underflow)
    __scatterload_copy                       0x00001c31   Thumb Code    14  handlers.o(i.__scatterload_copy)
    __scatterload_null                       0x00001c3f   Thumb Code     2  handlers.o(i.__scatterload_null)
    __scatterload_zeroinit                   0x00001c41   Thumb Code    14  handlers.o(i.__scatterload_zeroinit)
    __set_errno                              0x00001c51   Thumb Code     6  errno.o(i.__set_errno)
    app_error_fault_handler                  0x000020d5   Thumb Code    46  app_error_weak.o(i.app_error_fault_handler)
    app_error_handler_bare                   0x00002125   Thumb Code    22  app_error.o(i.app_error_handler_bare)
    app_util_critical_region_enter           0x0000213b   Thumb Code     4  app_util_platform.o(i.app_util_critical_region_enter)
    app_util_critical_region_exit            0x0000213f   Thumb Code     4  app_util_platform.o(i.app_util_critical_region_exit)
    app_util_disable_irq                     0x00002145   Thumb Code    12  app_util_platform.o(i.app_util_disable_irq)
    app_util_enable_irq                      0x00002155   Thumb Code    14  app_util_platform.o(i.app_util_enable_irq)
    buffer_is_empty                          0x00002295   Thumb Code    16  nrf_log_frontend.o(i.buffer_is_empty)
    fabs                                     0x000022a9   Thumb Code    24  fabs.o(i.fabs)
    main                                     0x00002489   Thumb Code   242  main.o(i.main)
    nrf_drv_common_irq_enable                0x00002787   Thumb Code    56  nrf_drv_common.o(i.nrf_drv_common_irq_enable)
    nrf_drv_twi_enable                       0x000027e5   Thumb Code    28  nrf_drv_twi.o(i.nrf_drv_twi_enable)
    nrf_drv_twi_init                         0x00002805   Thumb Code   134  nrf_drv_twi.o(i.nrf_drv_twi_init)
    nrf_drv_twi_rx                           0x00002891   Thumb Code    32  nrf_drv_twi.o(i.nrf_drv_twi_rx)
    nrf_drv_twi_tx                           0x000028b5   Thumb Code    36  nrf_drv_twi.o(i.nrf_drv_twi_tx)
    nrf_drv_twi_xfer                         0x000028d9   Thumb Code    30  nrf_drv_twi.o(i.nrf_drv_twi_xfer)
    nrf_drv_uart_init                        0x000028fd   Thumb Code    98  nrf_drv_uart.o(i.nrf_drv_uart_init)
    nrf_drv_uart_tx                          0x00002965   Thumb Code   262  nrf_drv_uart.o(i.nrf_drv_uart_tx)
    nrf_drv_uart_tx_in_progress              0x00002a71   Thumb Code    18  nrf_drv_uart.o(i.nrf_drv_uart_tx_in_progress)
    nrf_drv_uart_uninit                      0x00002a89   Thumb Code    74  nrf_drv_uart.o(i.nrf_drv_uart_uninit)
    nrf_log_backend_hexdump_handler_get      0x00002b49   Thumb Code     4  nrf_log_backend_serial.o(i.nrf_log_backend_hexdump_handler_get)
    nrf_log_backend_init                     0x00002b51   Thumb Code   100  nrf_log_backend_serial.o(i.nrf_log_backend_init)
    nrf_log_backend_std_handler_get          0x00002e05   Thumb Code     4  nrf_log_backend_serial.o(i.nrf_log_backend_std_handler_get)
    nrf_log_blocking_backend_set             0x00002e0d   Thumb Code     6  nrf_log_frontend.o(i.nrf_log_blocking_backend_set)
    nrf_log_frontend_dequeue                 0x00002e15   Thumb Code   298  nrf_log_frontend.o(i.nrf_log_frontend_dequeue)
    nrf_log_frontend_init                    0x00002f45   Thumb Code    16  nrf_log_frontend.o(i.nrf_log_frontend_init)
    nrf_log_frontend_std_0                   0x00002f59   Thumb Code    68  nrf_log_frontend.o(i.nrf_log_frontend_std_0)
    nrf_log_frontend_std_2                   0x00002fa5   Thumb Code    96  nrf_log_frontend.o(i.nrf_log_frontend_std_2)
    nrf_log_handlers_set                     0x0000300d   Thumb Code    10  nrf_log_frontend.o(i.nrf_log_handlers_set)
    nrf_log_init                             0x0000301d   Thumb Code    36  nrf_log_frontend.o(i.nrf_log_init)
    readCoef                                 0x00003109   Thumb Code   148  main.o(i.readCoef)
    readData                                 0x000031ad   Thumb Code   160  main.o(i.readData)
    readHpa                                  0x00003261   Thumb Code    94  main.o(i.readHpa)
    readI2c                                  0x000032cd   Thumb Code    72  main.o(i.readI2c)
    readTemp                                 0x0000331d   Thumb Code    16  main.o(i.readTemp)
    sqrt                                     0x000033b1   Thumb Code   110  sqrt.o(i.sqrt)
    twi_handler                              0x00003501   Thumb Code    14  main.o(i.twi_handler)
    twi_init                                 0x00003515   Thumb Code    40  main.o(i.twi_init)
    writeI2c                                 0x000039e1   Thumb Code    42  main.o(i.writeI2c)
    __ctype_table                            0x00003b08   Data         129  ctype_o.o(.constdata)
    __mathlib_zero                           0x00003b90   Data           8  qnan.o(.constdata)
    Region$$Table$$Base                      0x00003ba4   Number         0  anon$$obj.o(Region$$Table)
    Region$$Table$$Limit                     0x00003bc4   Number         0  anon$$obj.o(Region$$Table)
    _a0                                      0x20000004   Data           4  main.o(.data)
    _b1                                      0x20000008   Data           4  main.o(.data)
    _b2                                      0x2000000c   Data           4  main.o(.data)
    _c12                                     0x20000010   Data           4  main.o(.data)
    SystemCoreClock                          0x20000028   Data           4  system_nrf52.o(.data)
    __initial_sp                             0x20002590   Data           0  arm_startup_nrf52.o(STACK)



==============================================================================

Memory Map of the image

  Image Entry point : 0x00000401

  Load Region LR_IROM1 (Base: 0x00000000, Size: 0x00003bf4, Max: 0x00080000, ABSOLUTE)

    Execution Region ER_IROM1 (Exec base: 0x00000000, Load base: 0x00000000, Size: 0x00003bc4, Max: 0x00080000, ABSOLUTE)

    Exec Addr    Load Addr    Size         Type   Attr      Idx    E Section Name        Object

    0x00000000   0x00000000   0x00000400   Data   RO         1326    RESET               arm_startup_nrf52.o
    0x00000400   0x00000400   0x00000000   Code   RO         1381  * .ARM.Collect$$$$00000000  mc_w.l(entry.o)
    0x00000400   0x00000400   0x00000004   Code   RO         1724    .ARM.Collect$$$$00000001  mc_w.l(entry2.o)
    0x00000404   0x00000404   0x00000004   Code   RO         1727    .ARM.Collect$$$$00000004  mc_w.l(entry5.o)
    0x00000408   0x00000408   0x00000000   Code   RO         1729    .ARM.Collect$$$$00000008  mc_w.l(entry7b.o)
    0x00000408   0x00000408   0x00000000   Code   RO         1731    .ARM.Collect$$$$0000000A  mc_w.l(entry8b.o)
    0x00000408   0x00000408   0x00000008   Code   RO         1732    .ARM.Collect$$$$0000000B  mc_w.l(entry9a.o)
    0x00000410   0x00000410   0x00000000   Code   RO         1734    .ARM.Collect$$$$0000000D  mc_w.l(entry10a.o)
    0x00000410   0x00000410   0x00000000   Code   RO         1736    .ARM.Collect$$$$0000000F  mc_w.l(entry11a.o)
    0x00000410   0x00000410   0x00000004   Code   RO         1725    .ARM.Collect$$$$00002712  mc_w.l(entry2.o)
    0x00000414   0x00000414   0x00000024   Code   RO         1327    .text               arm_startup_nrf52.o
    0x00000438   0x00000438   0x00000008   Code   RO         1384    .text               mc_w.l(ctype_o.o)
    0x00000440   0x00000440   0x00000024   Code   RO         1412    .text               mc_w.l(memcpya.o)
    0x00000464   0x00000464   0x0000000e   Code   RO         1414    .text               mc_w.l(strlen.o)
    0x00000472   0x00000472   0x000000de   Code   RO         1681    .text               mf_w.l(ddiv.o)
    0x00000550   0x00000550   0x00000026   Code   RO         1683    .text               mf_w.l(f2d.o)
    0x00000576   0x00000576   0x00000038   Code   RO         1685    .text               mf_w.l(d2f.o)
    0x000005ae   0x000005ae   0x00000062   Code   RO         1743    .text               mc_w.l(uldiv.o)
    0x00000610   0x00000610   0x00000000   Code   RO         1752    .text               mc_w.l(iusefp.o)
    0x00000610   0x00000610   0x0000006e   Code   RO         1753    .text               mf_w.l(fepilogue.o)
    0x0000067e   0x0000067e   0x000000ba   Code   RO         1755    .text               mf_w.l(depilogue.o)
    0x00000738   0x00000738   0x0000014e   Code   RO         1757    .text               mf_w.l(dadd.o)
    0x00000886   0x00000886   0x000000e4   Code   RO         1759    .text               mf_w.l(dmul.o)
    0x0000096a   0x0000096a   0x0000002e   Code   RO         1763    .text               mf_w.l(dscalb.o)
    0x00000998   0x00000998   0x00000022   Code   RO         1765    .text               mf_w.l(dflti.o)
    0x000009ba   0x000009ba   0x00000002   PAD
    0x000009bc   0x000009bc   0x00000030   Code   RO         1769    .text               mf_w.l(cdrcmple.o)
    0x000009ec   0x000009ec   0x00000024   Code   RO         1771    .text               mc_w.l(init.o)
    0x00000a10   0x00000a10   0x0000001e   Code   RO         1774    .text               mc_w.l(llshl.o)
    0x00000a2e   0x00000a2e   0x00000020   Code   RO         1776    .text               mc_w.l(llushr.o)
    0x00000a4e   0x00000a4e   0x00000024   Code   RO         1778    .text               mc_w.l(llsshr.o)
    0x00000a72   0x00000a72   0x000000a2   Code   RO         1781    .text               mf_w.l(dsqrt.o)
    0x00000b14   0x00000b14   0x00000010   Code   RO          386    i.SPIM0_SPIS0_TWIM0_TWIS0_SPI0_TWI0_IRQHandler  nrf_drv_twi.o
    0x00000b24   0x00000b24   0x0000029c   Code   RO         1335    i.SystemInit        system_nrf52.o
    0x00000dc0   0x00000dc0   0x0000001c   Code   RO          553    i.UARTE0_UART0_IRQHandler  nrf_drv_uart.o
    0x00000ddc   0x00000ddc   0x00000030   Code   RO         1628    i.__0snprintf$8     mc_w.l(printf8.o)
    0x00000e0c   0x00000e0c   0x00000030   Code   RO         1707    i.__ARM_fpclassify  m_wm.l(fpclassify.o)
    0x00000e3c   0x00000e3c   0x00000004   PAD
    0x00000e40   0x00000e40   0x00000c50   Code   RO         1367    i.__hardfp_pow      m_wm.l(pow.o)
    0x00001a90   0x00001a90   0x000000f8   Code   RO         1709    i.__kernel_poly     m_wm.l(poly.o)
    0x00001b88   0x00001b88   0x00000030   Code   RO         1687    i.__mathlib_dbl_divzero  m_wm.l(dunder.o)
    0x00001bb8   0x00001bb8   0x00000014   Code   RO         1689    i.__mathlib_dbl_infnan2  m_wm.l(dunder.o)
    0x00001bcc   0x00001bcc   0x00000004   PAD
    0x00001bd0   0x00001bd0   0x00000020   Code   RO         1690    i.__mathlib_dbl_invalid  m_wm.l(dunder.o)
    0x00001bf0   0x00001bf0   0x00000020   Code   RO         1691    i.__mathlib_dbl_overflow  m_wm.l(dunder.o)
    0x00001c10   0x00001c10   0x00000020   Code   RO         1693    i.__mathlib_dbl_underflow  m_wm.l(dunder.o)
    0x00001c30   0x00001c30   0x0000000e   Code   RO         1787    i.__scatterload_copy  mc_w.l(handlers.o)
    0x00001c3e   0x00001c3e   0x00000002   Code   RO         1788    i.__scatterload_null  mc_w.l(handlers.o)
    0x00001c40   0x00001c40   0x0000000e   Code   RO         1789    i.__scatterload_zeroinit  mc_w.l(handlers.o)
    0x00001c4e   0x00001c4e   0x00000002   PAD
    0x00001c50   0x00001c50   0x0000000c   Code   RO         1747    i.__set_errno       mc_w.l(errno.o)
    0x00001c5c   0x00001c5c   0x00000410   Code   RO         1634    i._printf_core      mc_w.l(printf8.o)
    0x0000206c   0x0000206c   0x00000024   Code   RO         1635    i._printf_post_padding  mc_w.l(printf8.o)
    0x00002090   0x00002090   0x0000002e   Code   RO         1636    i._printf_pre_padding  mc_w.l(printf8.o)
    0x000020be   0x000020be   0x00000016   Code   RO         1637    i._snputc           mc_w.l(printf8.o)
    0x000020d4   0x000020d4   0x00000050   Code   RO          821    i.app_error_fault_handler  app_error_weak.o
    0x00002124   0x00002124   0x00000016   Code   RO          779    i.app_error_handler_bare  app_error.o
    0x0000213a   0x0000213a   0x00000004   Code   RO          849    i.app_util_critical_region_enter  app_util_platform.o
    0x0000213e   0x0000213e   0x00000004   Code   RO          850    i.app_util_critical_region_exit  app_util_platform.o
    0x00002142   0x00002142   0x00000002   PAD
    0x00002144   0x00002144   0x00000010   Code   RO          851    i.app_util_disable_irq  app_util_platform.o
    0x00002154   0x00002154   0x00000014   Code   RO          852    i.app_util_enable_irq  app_util_platform.o
    0x00002168   0x00002168   0x000000b8   Code   RO          554    i.apply_config      nrf_drv_uart.o
    0x00002220   0x00002220   0x00000012   Code   RO          936    i.buf_len_update    nrf_log_backend_serial.o
    0x00002232   0x00002232   0x00000002   PAD
    0x00002234   0x00002234   0x00000060   Code   RO         1040    i.buf_prealloc      nrf_log_frontend.o
    0x00002294   0x00002294   0x00000014   Code   RO         1041    i.buffer_is_empty   nrf_log_frontend.o
    0x000022a8   0x000022a8   0x00000018   Code   RO         1703    i.fabs              m_wm.l(fabs.o)
    0x000022c0   0x000022c0   0x00000078   Code   RO          555    i.interrupts_enable  nrf_drv_uart.o
    0x00002338   0x00002338   0x0000014e   Code   RO          387    i.irq_handler_twim  nrf_drv_twi.o
    0x00002486   0x00002486   0x00000002   PAD
    0x00002488   0x00002488   0x000001c4   Code   RO            5    i.main              main.o
    0x0000264c   0x0000264c   0x0000000a   Code   RO            6    i.nrf_delay_ms      main.o
    0x00002656   0x00002656   0x00000002   PAD
    0x00002658   0x00002658   0x0000008c   Code   RO            7    i.nrf_delay_us      main.o
    0x000026e4   0x000026e4   0x0000008c   Code   RO          388    i.nrf_delay_us      nrf_drv_twi.o
    0x00002770   0x00002770   0x00000016   Code   RO          556    i.nrf_drv_common_irq_disable  nrf_drv_uart.o
    0x00002786   0x00002786   0x00000038   Code   RO          345    i.nrf_drv_common_irq_enable  nrf_drv_common.o
    0x000027be   0x000027be   0x00000006   Code   RO          557    i.nrf_drv_get_IRQn  nrf_drv_uart.o
    0x000027c4   0x000027c4   0x00000010   Code   RO          389    i.nrf_drv_is_in_RAM  nrf_drv_twi.o
    0x000027d4   0x000027d4   0x00000010   Code   RO          558    i.nrf_drv_is_in_RAM  nrf_drv_uart.o
    0x000027e4   0x000027e4   0x00000020   Code   RO          392    i.nrf_drv_twi_enable  nrf_drv_twi.o
    0x00002804   0x00002804   0x0000008c   Code   RO          393    i.nrf_drv_twi_init  nrf_drv_twi.o
    0x00002890   0x00002890   0x00000024   Code   RO          394    i.nrf_drv_twi_rx    nrf_drv_twi.o
    0x000028b4   0x000028b4   0x00000024   Code   RO          397    i.nrf_drv_twi_tx    nrf_drv_twi.o
    0x000028d8   0x000028d8   0x00000024   Code   RO          399    i.nrf_drv_twi_xfer  nrf_drv_twi.o
    0x000028fc   0x000028fc   0x00000068   Code   RO          560    i.nrf_drv_uart_init  nrf_drv_uart.o
    0x00002964   0x00002964   0x0000010c   Code   RO          567    i.nrf_drv_uart_tx   nrf_drv_uart.o
    0x00002a70   0x00002a70   0x00000018   Code   RO          569    i.nrf_drv_uart_tx_in_progress  nrf_drv_uart.o
    0x00002a88   0x00002a88   0x00000054   Code   RO          570    i.nrf_drv_uart_uninit  nrf_drv_uart.o
    0x00002adc   0x00002adc   0x00000024   Code   RO          571    i.nrf_gpio_cfg      nrf_drv_uart.o
    0x00002b00   0x00002b00   0x00000012   Code   RO          572    i.nrf_gpio_cfg_default  nrf_drv_uart.o
    0x00002b12   0x00002b12   0x00000012   Code   RO          573    i.nrf_gpio_cfg_input  nrf_drv_uart.o
    0x00002b24   0x00002b24   0x00000014   Code   RO          574    i.nrf_gpio_cfg_output  nrf_drv_uart.o
    0x00002b38   0x00002b38   0x0000000e   Code   RO          400    i.nrf_gpio_pin_set  nrf_drv_twi.o
    0x00002b46   0x00002b46   0x00000002   PAD
    0x00002b48   0x00002b48   0x00000008   Code   RO          938    i.nrf_log_backend_hexdump_handler_get  nrf_log_backend_serial.o
    0x00002b50   0x00002b50   0x00000070   Code   RO          939    i.nrf_log_backend_init  nrf_log_backend_serial.o
    0x00002bc0   0x00002bc0   0x0000012e   Code   RO          940    i.nrf_log_backend_serial_hexdump_handler  nrf_log_backend_serial.o
    0x00002cee   0x00002cee   0x00000114   Code   RO          941    i.nrf_log_backend_serial_std_handler  nrf_log_backend_serial.o
    0x00002e02   0x00002e02   0x00000002   PAD
    0x00002e04   0x00002e04   0x00000008   Code   RO          942    i.nrf_log_backend_std_handler_get  nrf_log_backend_serial.o
    0x00002e0c   0x00002e0c   0x00000006   Code   RO         1043    i.nrf_log_blocking_backend_set  nrf_log_frontend.o
    0x00002e12   0x00002e12   0x00000002   PAD
    0x00002e14   0x00002e14   0x00000130   Code   RO         1044    i.nrf_log_frontend_dequeue  nrf_log_frontend.o
    0x00002f44   0x00002f44   0x00000014   Code   RO         1046    i.nrf_log_frontend_init  nrf_log_frontend.o
    0x00002f58   0x00002f58   0x0000004c   Code   RO         1047    i.nrf_log_frontend_std_0  nrf_log_frontend.o
    0x00002fa4   0x00002fa4   0x00000068   Code   RO         1049    i.nrf_log_frontend_std_2  nrf_log_frontend.o
    0x0000300c   0x0000300c   0x00000010   Code   RO         1055    i.nrf_log_handlers_set  nrf_log_frontend.o
    0x0000301c   0x0000301c   0x00000024   Code   RO         1056    i.nrf_log_init      nrf_log_frontend.o
    0x00003040   0x00003040   0x0000000a   Code   RO          401    i.nrf_twim_event_check  nrf_drv_twi.o
    0x0000304a   0x0000304a   0x0000000c   Code   RO          402    i.nrf_twim_event_clear  nrf_drv_twi.o
    0x00003056   0x00003056   0x0000000a   Code   RO          575    i.nrf_uart_event_check  nrf_drv_uart.o
    0x00003060   0x00003060   0x0000000c   Code   RO          576    i.nrf_uart_event_clear  nrf_drv_uart.o
    0x0000306c   0x0000306c   0x0000000c   Code   RO          577    i.nrf_uart_int_enable_check  nrf_drv_uart.o
    0x00003078   0x00003078   0x0000000a   Code   RO          578    i.nrf_uarte_event_check  nrf_drv_uart.o
    0x00003082   0x00003082   0x0000000c   Code   RO          579    i.nrf_uarte_event_clear  nrf_drv_uart.o
    0x0000308e   0x0000308e   0x00000002   PAD
    0x00003090   0x00003090   0x00000078   Code   RO          580    i.pins_to_default   nrf_drv_uart.o
    0x00003108   0x00003108   0x000000a4   Code   RO            8    i.readCoef          main.o
    0x000031ac   0x000031ac   0x000000b4   Code   RO            9    i.readData          main.o
    0x00003260   0x00003260   0x0000006c   Code   RO           10    i.readHpa           main.o
    0x000032cc   0x000032cc   0x00000050   Code   RO           11    i.readI2c           main.o
    0x0000331c   0x0000331c   0x00000010   Code   RO           12    i.readTemp          main.o
    0x0000332c   0x0000332c   0x00000032   Code   RO          581    i.rx_byte           nrf_drv_uart.o
    0x0000335e   0x0000335e   0x00000018   Code   RO          582    i.rx_done_event     nrf_drv_uart.o
    0x00003376   0x00003376   0x00000002   PAD
    0x00003378   0x00003378   0x0000000c   Code   RO          943    i.serial_is_busy    nrf_log_backend_serial.o
    0x00003384   0x00003384   0x0000002c   Code   RO          944    i.serial_tx         nrf_log_backend_serial.o
    0x000033b0   0x000033b0   0x0000006e   Code   RO         1714    i.sqrt              m_wm.l(sqrt.o)
    0x0000341e   0x0000341e   0x00000002   PAD
    0x00003420   0x00003420   0x00000034   Code   RO          945    i.timestamp_process  nrf_log_backend_serial.o
    0x00003454   0x00003454   0x000000aa   Code   RO          403    i.twi_clear_bus     nrf_drv_twi.o
    0x000034fe   0x000034fe   0x00000002   PAD
    0x00003500   0x00003500   0x00000014   Code   RO           13    i.twi_handler       main.o
    0x00003514   0x00003514   0x00000030   Code   RO           14    i.twi_init          main.o
    0x00003544   0x00003544   0x00000240   Code   RO          404    i.twim_xfer         nrf_drv_twi.o
    0x00003784   0x00003784   0x00000020   Code   RO          584    i.tx_byte           nrf_drv_uart.o
    0x000037a4   0x000037a4   0x0000001c   Code   RO          585    i.tx_done_event     nrf_drv_uart.o
    0x000037c0   0x000037c0   0x00000010   Code   RO          946    i.uart_event_handler  nrf_log_backend_serial.o
    0x000037d0   0x000037d0   0x0000011e   Code   RO          586    i.uart_irq_handler  nrf_drv_uart.o
    0x000038ee   0x000038ee   0x000000f0   Code   RO          587    i.uarte_irq_handler  nrf_drv_uart.o
    0x000039de   0x000039de   0x00000002   PAD
    0x000039e0   0x000039e0   0x00000034   Code   RO           15    i.writeI2c          main.o
    0x00003a14   0x00003a14   0x00000018   Data   RO           16    .constdata          main.o
    0x00003a2c   0x00003a2c   0x0000000c   Data   RO          409    .constdata          nrf_drv_twi.o
    0x00003a38   0x00003a38   0x00000020   Data   RO          949    .constdata          nrf_log_backend_serial.o
    0x00003a58   0x00003a58   0x00000024   Data   RO         1059    .constdata          nrf_log_frontend.o
    0x00003a7c   0x00003a7c   0x00000004   PAD
    0x00003a80   0x00003a80   0x00000088   Data   RO         1370    .constdata          m_wm.l(pow.o)
    0x00003b08   0x00003b08   0x00000081   Data   RO         1385    .constdata          mc_w.l(ctype_o.o)
    0x00003b89   0x00003b89   0x00000003   PAD
    0x00003b8c   0x00003b8c   0x00000004   Data   RO         1386    .constdata          mc_w.l(ctype_o.o)
    0x00003b90   0x00003b90   0x00000008   Data   RO         1711    .constdata          m_wm.l(qnan.o)
    0x00003b98   0x00003b98   0x0000000b   Data   RO         1060    .conststring        nrf_log_frontend.o
    0x00003ba3   0x00003ba3   0x00000001   PAD
    0x00003ba4   0x00003ba4   0x00000020   Data   RO         1785    Region$$Table       anon$$obj.o


    Execution Region RW_IRAM1 (Exec base: 0x20000000, Load base: 0x00003bc4, Size: 0x00002590, Max: 0x00010000, ABSOLUTE)

    Exec Addr    Load Addr    Size         Type   Attr      Idx    E Section Name        Object

    0x20000000   0x00003bc4   0x00000014   Data   RW           17    .data               main.o
    0x20000014   0x00003bd8   0x00000004   Data   RW          853    .data               app_util_platform.o
    0x20000018   0x00003bdc   0x0000000c   Data   RW          950    .data               nrf_log_backend_serial.o
    0x20000024   0x00003be8   0x00000004   Data   RW         1061    .data               nrf_log_frontend.o
    0x20000028   0x00003bec   0x00000004   Data   RW         1336    .data               system_nrf52.o
    0x2000002c   0x00003bf0   0x00000004   Data   RW         1748    .data               mc_w.l(errno.o)
    0x20000030        -       0x00000028   Zero   RW          405    .bss                nrf_drv_twi.o
    0x20000058        -       0x00000020   Zero   RW          588    .bss                nrf_drv_uart.o
    0x20000078        -       0x00000100   Zero   RW          947    .bss                nrf_log_backend_serial.o
    0x20000178        -       0x00000418   Zero   RW         1058    .bss                nrf_log_frontend.o
    0x20000590        -       0x00002000   Zero   RW         1324    STACK               arm_startup_nrf52.o


==============================================================================

Image component sizes


      Code (inc. data)   RO Data    RW Data    ZI Data      Debug   Object Name

        22          0          0          0          0       2225   app_error.o
        80         34          0          0          0      27361   app_error_weak.o
        44         10          0          4          0       3268   app_util_platform.o
        36          8       1024          0       8192        916   arm_startup_nrf52.o
      1270        300         24         20          0      52208   main.o
        56          0          0          0          0      27543   nrf_drv_common.o
      1568         42         12          0         40      56407   nrf_drv_twi.o
      1784         60          0          0         32      38488   nrf_drv_uart.o
       848         56         32         12        256      16895   nrf_log_backend_serial.o
       678         48         47          4       1048      11216   nrf_log_frontend.o
       668         58          0          4          0       2699   system_nrf52.o

    ----------------------------------------------------------------------
      7076        616       1176         44       9568     239226   Object Totals
         0          0         32          0          0          0   (incl. Generated)
        22          0          5          0          0          0   (incl. Padding)

    ----------------------------------------------------------------------

      Code (inc. data)   RO Data    RW Data    ZI Data      Debug   Library Member Name

       164         44          0          0          0        620   dunder.o
        24          0          0          0          0        124   fabs.o
        48          0          0          0          0        124   fpclassify.o
       248          0          0          0          0        152   poly.o
      3152        296        136          0          0        352   pow.o
         0          0          8          0          0          0   qnan.o
       110          0          0          0          0        148   sqrt.o
         8          4        133          0          0         68   ctype_o.o
         0          0          0          0          0          0   entry.o
         0          0          0          0          0          0   entry10a.o
         0          0          0          0          0          0   entry11a.o
         8          4          0          0          0          0   entry2.o
         4          0          0          0          0          0   entry5.o
         0          0          0          0          0          0   entry7b.o
         0          0          0          0          0          0   entry8b.o
         8          4          0          0          0          0   entry9a.o
        12          6          0          4          0         68   errno.o
        30          0          0          0          0          0   handlers.o
        36          8          0          0          0         68   init.o
         0          0          0          0          0          0   iusefp.o
        30          0          0          0          0         68   llshl.o
        36          0          0          0          0         68   llsshr.o
        32          0          0          0          0         68   llushr.o
        36          0          0          0          0         68   memcpya.o
      1192         48          0          0          0        420   printf8.o
        14          0          0          0          0         68   strlen.o
        98          0          0          0          0         92   uldiv.o
        48          0          0          0          0         68   cdrcmple.o
        56          0          0          0          0         88   d2f.o
       334          0          0          0          0        148   dadd.o
       222          0          0          0          0        100   ddiv.o
       186          0          0          0          0        176   depilogue.o
        34          0          0          0          0         76   dflti.o
       228          0          0          0          0         96   dmul.o
        46          0          0          0          0         80   dscalb.o
       162          0          0          0          0        100   dsqrt.o
        38          0          0          0          0         68   f2d.o
       110          0          0          0          0        168   fepilogue.o

    ----------------------------------------------------------------------
      6768        414        280          4          0       3744   Library Totals
        14          0          3          0          0          0   (incl. Padding)

    ----------------------------------------------------------------------

      Code (inc. data)   RO Data    RW Data    ZI Data      Debug   Library Name

      3746        340        144          0          0       1520   m_wm.l
      1544         74        133          4          0       1056   mc_w.l
      1464          0          0          0          0       1168   mf_w.l

    ----------------------------------------------------------------------
      6768        414        280          4          0       3744   Library Totals

    ----------------------------------------------------------------------

==============================================================================


      Code (inc. data)   RO Data    RW Data    ZI Data      Debug   

     13844       1030       1456         48       9568     233982   Grand Totals
     13844       1030       1456         48       9568     233982   ELF Image Totals
     13844       1030       1456         48          0          0   ROM Totals

==============================================================================

    Total RO  Size (Code + RO Data)                15300 (  14.94kB)
    Total RW  Size (RW Data + ZI Data)              9616 (   9.39kB)
    Total ROM Size (Code + RO Data + RW Data)      15348 (  14.99kB)

==============================================================================

